203.0.113.4 - - [07/Jul/2026:22:16:47 +0900] "DELETE /css/style.css HTTP/1.1" 200 1878
203.0.113.99 - - [07/Jul/2026:16:50:04 +0900] "GET /products/list HTTP/1.1" 200 7852
203.0.113.26 - - [07/Jul/2026:18:08:50 +0900] "GET /images/logo.png HTTP/1.1" 200 7217
203.0.113.56 - - [07/Jul/2026:14:18:13 +0900] "POST /css/style.css HTTP/1.1" 200 294
203.0.113.39 - - [07/Jul/2026:20:49:35 +0900] "GET /js/app.js HTTP/1.1" 200 9050
203.0.113.37 - - [07/Jul/2026:06:50:51 +0900] "GET /index.html HTTP/1.1" 200 506
203.0.113.8 - - [07/Jul/2026:14:16:57 +0900] "GET /js/app.js HTTP/1.1" 200 238
203.0.113.58 - - [07/Jul/2026:15:18:48 +0900] "GET /index.html HTTP/1.1" 200 2741
203.0.113.54 - - [07/Jul/2026:14:03:22 +0900] "GET /js/app.js HTTP/1.1" 200 3515
203.0.113.8 - - [07/Jul/2026:11:01:09 +0900] "GET /old-page HTTP/1.1" 301 4802
203.0.113.28 - - [07/Jul/2026:14:30:30 +0900] "GET /about HTTP/1.1" 200 4172
198.51.100.13 - - [07/Jul/2026:15:17:49 +0900] "GET /index.html HTTP/1.1" 200 9131
203.0.113.22 - - [07/Jul/2026:16:19:45 +0900] "GET /api/orders HTTP/1.1" 200 2286
198.51.100.13 - - [07/Jul/2026:06:18:10 +0900] "GET /index.html HTTP/1.1" 200 3255
198.51.100.6 - - [07/Jul/2026:15:10:58 +0900] "GET /css/style.css HTTP/1.1" 200 1937
203.0.113.42 - - [07/Jul/2026:16:30:00 +0900] "GET /products/list HTTP/1.1" 200 5289
203.0.113.41 - - [07/Jul/2026:09:32:37 +0900] "GET /js/app.js HTTP/1.1" 200 7649
198.51.100.35 - - [07/Jul/2026:18:34:07 +0900] "GET /index.html HTTP/1.1" 200 8057
203.0.113.6 - - [07/Jul/2026:15:00:59 +0900] "GET /images/logo.png HTTP/1.1" 200 240
198.51.100.23 - - [07/Jul/2026:13:29:44 +0900] "POST /api/orders HTTP/1.1" 200 5530
203.0.113.32 - - [07/Jul/2026:09:16:11 +0900] "GET /products/list HTTP/1.1" 200 3591
198.51.100.36 - - [07/Jul/2026:12:21:50 +0900] "GET /api/payment HTTP/1.1" 503 8971
203.0.113.99 - - [07/Jul/2026:14:12:00 +0900] "DELETE /products/list HTTP/1.1" 200 7216
203.0.113.52 - - [07/Jul/2026:14:08:47 +0900] "DELETE /js/app.js HTTP/1.1" 200 2540
203.0.113.59 - - [07/Jul/2026:16:23:45 +0900] "GET /css/style.css HTTP/1.1" 200 5772
198.51.100.21 - - [07/Jul/2026:14:47:34 +0900] "GET /js/app.js HTTP/1.1" 200 8136
203.0.113.29 - - [07/Jul/2026:18:11:31 +0900] "PUT /js/app.js HTTP/1.1" 200 4706
203.0.113.43 - - [07/Jul/2026:13:00:10 +0900] "GET /products/detail HTTP/1.1" 200 2295
198.51.100.25 - - [07/Jul/2026:14:03:39 +0900] "GET /api/orders HTTP/1.1" 200 288
203.0.113.22 - - [07/Jul/2026:11:35:56 +0900] "GET /about HTTP/1.1" 200 7437
203.0.113.4 - - [07/Jul/2026:14:38:21 +0900] "PUT /index.html HTTP/1.1" 200 7987
203.0.113.49 - - [07/Jul/2026:15:28:16 +0900] "DELETE /index.html HTTP/1.1" 200 5372
198.51.100.14 - - [07/Jul/2026:20:46:16 +0900] "GET /products/list HTTP/1.1" 200 1569
198.51.100.10 - - [07/Jul/2026:15:42:33 +0900] "GET /js/app.js HTTP/1.1" 200 5565
203.0.113.58 - - [07/Jul/2026:21:16:11 +0900] "PUT /css/style.css HTTP/1.1" 200 6612
203.0.113.10 - - [07/Jul/2026:12:15:44 +0900] "GET /index.html HTTP/1.1" 200 6503
203.0.113.99 - - [07/Jul/2026:19:24:35 +0900] "GET /products/list HTTP/1.1" 200 3083
203.0.113.99 - - [07/Jul/2026:00:22:01 +0900] "DELETE /products/list HTTP/1.1" 200 6283
203.0.113.38 - - [07/Jul/2026:14:45:12 +0900] "GET /index.html HTTP/1.1" 200 3686
203.0.113.45 - - [07/Jul/2026:15:55:04 +0900] "POST /api/orders HTTP/1.1" 200 3579
203.0.113.20 - - [07/Jul/2026:03:57:29 +0900] "GET /about HTTP/1.1" 200 8711
203.0.113.11 - - [07/Jul/2026:13:24:55 +0900] "GET /js/app.js HTTP/1.1" 200 2112
203.0.113.99 - - [07/Jul/2026:20:55:54 +0900] "GET /products/list HTTP/1.1" 200 1290
203.0.113.2 - - [07/Jul/2026:13:26:49 +0900] "GET /images/logo.png HTTP/1.1" 200 8454
203.0.113.31 - - [07/Jul/2026:15:01:25 +0900] "DELETE /products/list HTTP/1.1" 200 5269
203.0.113.30 - - [07/Jul/2026:21:03:32 +0900] "GET /css/style.css HTTP/1.1" 200 7701
198.51.100.29 - - [07/Jul/2026:13:01:31 +0900] "GET /products/list HTTP/1.1" 200 1308
198.51.100.30 - - [07/Jul/2026:02:43:31 +0900] "GET /products/list HTTP/1.1" 200 2528
198.51.100.27 - - [07/Jul/2026:15:50:37 +0900] "POST /api/payment HTTP/1.1" 500 4020
198.51.100.39 - - [07/Jul/2026:23:04:38 +0900] "GET /about HTTP/1.1" 200 7979
203.0.113.32 - - [07/Jul/2026:12:27:46 +0900] "POST /api/payment HTTP/1.1" 502 1081
203.0.113.51 - - [07/Jul/2026:10:15:36 +0900] "GET /about HTTP/1.1" 200 1464
198.51.100.38 - - [07/Jul/2026:12:16:00 +0900] "DELETE /products/detail HTTP/1.1" 200 7497
203.0.113.99 - - [07/Jul/2026:18:59:33 +0900] "PUT /products/list HTTP/1.1" 200 1820
203.0.113.11 - - [07/Jul/2026:15:42:42 +0900] "PUT /js/app.js HTTP/1.1" 200 1044
203.0.113.28 - - [07/Jul/2026:13:31:27 +0900] "GET /images/logo.png HTTP/1.1" 200 4761
198.51.100.13 - - [07/Jul/2026:17:16:37 +0900] "GET /about HTTP/1.1" 200 1455
203.0.113.42 - - [07/Jul/2026:07:33:02 +0900] "GET /css/style.css HTTP/1.1" 200 1007
203.0.113.19 - - [07/Jul/2026:17:48:55 +0900] "POST /products/list HTTP/1.1" 200 318
203.0.113.99 - - [07/Jul/2026:14:35:46 +0900] "GET /products/list HTTP/1.1" 200 2142
198.51.100.33 - - [07/Jul/2026:14:43:25 +0900] "GET /about HTTP/1.1" 200 4157
203.0.113.7 - - [07/Jul/2026:13:53:25 +0900] "GET /js/app.js HTTP/1.1" 200 5254
203.0.113.39 - - [07/Jul/2026:13:22:49 +0900] "GET /api/orders HTTP/1.1" 200 6083
198.51.100.37 - - [07/Jul/2026:11:49:37 +0900] "GET /products/list HTTP/1.1" 200 6141
198.51.100.6 - - [07/Jul/2026:17:18:35 +0900] "GET /images/banner.png HTTP/1.1" 404 7773
203.0.113.14 - - [07/Jul/2026:08:13:33 +0900] "GET /about HTTP/1.1" 200 3344
198.51.100.23 - - [07/Jul/2026:13:11:57 +0900] "PUT /products/detail HTTP/1.1" 200 1745
198.51.100.25 - - [07/Jul/2026:09:04:24 +0900] "GET /css/style.css HTTP/1.1" 200 6937
203.0.113.12 - - [07/Jul/2026:18:34:55 +0900] "GET /css/style.css HTTP/1.1" 200 4375
198.51.100.32 - - [07/Jul/2026:11:20:01 +0900] "GET /products/detail HTTP/1.1" 200 798
198.51.100.3 - - [07/Jul/2026:11:55:23 +0900] "GET /about HTTP/1.1" 200 3309
198.51.100.6 - - [07/Jul/2026:15:36:54 +0900] "GET /index.html HTTP/1.1" 200 1811
203.0.113.21 - - [07/Jul/2026:18:47:35 +0900] "GET /images/logo.png HTTP/1.1" 200 4505
203.0.113.9 - - [07/Jul/2026:12:43:37 +0900] "GET /products/list HTTP/1.1" 200 3419
203.0.113.26 - - [07/Jul/2026:15:33:32 +0900] "GET /products/detail HTTP/1.1" 200 1864
198.51.100.25 - - [07/Jul/2026:18:19:53 +0900] "GET /images/logo.png HTTP/1.1" 200 9017
203.0.113.43 - - [07/Jul/2026:09:13:01 +0900] "GET /products/detail HTTP/1.1" 200 4663
203.0.113.58 - - [07/Jul/2026:09:00:19 +0900] "GET /products/detail HTTP/1.1" 200 3250
198.51.100.3 - - [07/Jul/2026:14:50:35 +0900] "GET /products/list HTTP/1.1" 200 3257
203.0.113.17 - - [07/Jul/2026:18:27:26 +0900] "DELETE /index.html HTTP/1.1" 200 6446
203.0.113.25 - - [07/Jul/2026:18:34:05 +0900] "GET /index.html HTTP/1.1" 200 4233
203.0.113.50 - - [07/Jul/2026:14:55:43 +0900] "GET /products/detail HTTP/1.1" 200 3461
198.51.100.25 - - [07/Jul/2026:15:33:14 +0900] "GET /images/logo.png HTTP/1.1" 200 1827
203.0.113.30 - - [07/Jul/2026:01:23:50 +0900] "GET /js/app.js HTTP/1.1" 200 6974
203.0.113.57 - - [07/Jul/2026:15:13:48 +0900] "GET /products/detail HTTP/1.1" 200 8397
203.0.113.30 - - [07/Jul/2026:11:37:24 +0900] "GET /products/detail HTTP/1.1" 200 3245
203.0.113.9 - - [07/Jul/2026:13:44:10 +0900] "GET /products/list HTTP/1.1" 200 5663
203.0.113.99 - - [07/Jul/2026:10:53:23 +0900] "DELETE /products/list HTTP/1.1" 200 6033
198.51.100.6 - - [07/Jul/2026:18:12:06 +0900] "DELETE /about HTTP/1.1" 200 8206
203.0.113.3 - - [07/Jul/2026:10:48:51 +0900] "GET /index.html HTTP/1.1" 200 402
203.0.113.44 - - [07/Jul/2026:12:55:33 +0900] "GET /about HTTP/1.1" 200 288
203.0.113.43 - - [07/Jul/2026:15:55:58 +0900] "POST /js/app.js HTTP/1.1" 200 7468
203.0.113.16 - - [07/Jul/2026:15:45:23 +0900] "GET /products/list HTTP/1.1" 200 8804
203.0.113.37 - - [07/Jul/2026:15:04:08 +0900] "GET /images/logo.png HTTP/1.1" 200 8872
203.0.113.2 - - [07/Jul/2026:12:19:00 +0900] "GET /products/detail HTTP/1.1" 200 4878
203.0.113.51 - - [07/Jul/2026:19:11:46 +0900] "GET /products/list HTTP/1.1" 200 4283
198.51.100.4 - - [07/Jul/2026:12:51:50 +0900] "POST /api/orders HTTP/1.1" 200 4796
203.0.113.22 - - [07/Jul/2026:07:26:11 +0900] "GET /products/detail HTTP/1.1" 200 6081
198.51.100.38 - - [07/Jul/2026:16:32:35 +0900] "GET /products/list HTTP/1.1" 200 1449
203.0.113.45 - - [07/Jul/2026:14:59:01 +0900] "GET /images/logo.png HTTP/1.1" 200 4393
198.51.100.30 - - [07/Jul/2026:10:39:03 +0900] "GET /about HTTP/1.1" 200 7422
203.0.113.99 - - [07/Jul/2026:13:46:51 +0900] "GET /products/list HTTP/1.1" 200 7633
203.0.113.25 - - [07/Jul/2026:14:43:44 +0900] "GET /old-page HTTP/1.1" 301 1293
198.51.100.21 - - [07/Jul/2026:21:31:20 +0900] "PUT /css/style.css HTTP/1.1" 200 2152
198.51.100.6 - - [07/Jul/2026:17:37:42 +0900] "POST /api/orders HTTP/1.1" 200 9083
203.0.113.41 - - [07/Jul/2026:11:11:19 +0900] "GET /css/style.css HTTP/1.1" 200 1657
203.0.113.32 - - [07/Jul/2026:14:07:04 +0900] "GET /images/logo.png HTTP/1.1" 200 3436
203.0.113.17 - - [07/Jul/2026:02:44:21 +0900] "GET /products/detail HTTP/1.1" 200 1340
203.0.113.11 - - [07/Jul/2026:15:22:06 +0900] "GET /products/list HTTP/1.1" 200 3523
203.0.113.99 - - [07/Jul/2026:17:18:08 +0900] "GET /products/list HTTP/1.1" 200 7754
203.0.113.23 - - [07/Jul/2026:14:39:46 +0900] "GET /index.html HTTP/1.1" 200 1880
203.0.113.16 - - [07/Jul/2026:14:04:30 +0900] "GET /products/detail HTTP/1.1" 200 5891
203.0.113.45 - - [07/Jul/2026:12:06:04 +0900] "POST /products/list HTTP/1.1" 200 1705
198.51.100.24 - - [07/Jul/2026:13:04:36 +0900] "GET /js/app.js HTTP/1.1" 200 4246
198.51.100.21 - - [07/Jul/2026:10:12:11 +0900] "GET /products/list HTTP/1.1" 200 8275
198.51.100.35 - - [07/Jul/2026:01:40:54 +0900] "PUT /api/orders HTTP/1.1" 200 4944
198.51.100.32 - - [07/Jul/2026:13:47:17 +0900] "POST /api/orders HTTP/1.1" 200 220
198.51.100.10 - - [07/Jul/2026:10:22:33 +0900] "GET /products/detail HTTP/1.1" 200 2259
198.51.100.10 - - [07/Jul/2026:13:18:02 +0900] "GET /images/logo.png HTTP/1.1" 200 4996
203.0.113.11 - - [07/Jul/2026:17:31:09 +0900] "GET /about HTTP/1.1" 200 3608
198.51.100.20 - - [07/Jul/2026:20:55:18 +0900] "GET /images/logo.png HTTP/1.1" 200 3313
198.51.100.32 - - [07/Jul/2026:14:04:40 +0900] "GET /images/logo.png HTTP/1.1" 200 3365
198.51.100.8 - - [07/Jul/2026:17:19:19 +0900] "DELETE /products/list HTTP/1.1" 200 5640
203.0.113.58 - - [07/Jul/2026:14:36:57 +0900] "POST /api/orders HTTP/1.1" 200 1095
203.0.113.99 - - [07/Jul/2026:11:26:00 +0900] "DELETE /products/list HTTP/1.1" 200 8748
198.51.100.9 - - [07/Jul/2026:14:21:07 +0900] "GET /js/app.js HTTP/1.1" 200 6358
198.51.100.33 - - [07/Jul/2026:00:04:49 +0900] "GET /js/app.js HTTP/1.1" 200 2975
203.0.113.99 - - [07/Jul/2026:19:03:27 +0900] "GET /products/list HTTP/1.1" 200 7260
203.0.113.27 - - [07/Jul/2026:14:14:04 +0900] "GET /products/list HTTP/1.1" 200 1911
203.0.113.10 - - [07/Jul/2026:11:11:23 +0900] "GET /products/list HTTP/1.1" 200 338
203.0.113.52 - - [07/Jul/2026:11:41:03 +0900] "GET /products/list HTTP/1.1" 200 3194
203.0.113.53 - - [07/Jul/2026:12:11:33 +0900] "DELETE /index.html HTTP/1.1" 200 4824
198.51.100.37 - - [07/Jul/2026:17:16:20 +0900] "POST /about HTTP/1.1" 200 6690
203.0.113.51 - - [07/Jul/2026:15:40:44 +0900] "GET /products/detail HTTP/1.1" 200 3052
198.51.100.25 - - [07/Jul/2026:15:13:38 +0900] "POST /api/orders HTTP/1.1" 200 6596
203.0.113.16 - - [07/Jul/2026:16:37:48 +0900] "GET /images/logo.png HTTP/1.1" 200 4162
198.51.100.16 - - [07/Jul/2026:23:07:24 +0900] "GET /js/app.js HTTP/1.1" 200 8529
203.0.113.39 - - [07/Jul/2026:11:16:49 +0900] "DELETE /css/style.css HTTP/1.1" 200 3553
198.51.100.39 - - [07/Jul/2026:17:12:46 +0900] "PUT /products/detail HTTP/1.1" 200 8872
203.0.113.17 - - [07/Jul/2026:21:10:36 +0900] "DELETE /login HTTP/1.1" 404 8276
198.51.100.31 - - [07/Jul/2026:12:36:55 +0900] "GET /api/orders HTTP/1.1" 200 3950
198.51.100.20 - - [07/Jul/2026:18:41:33 +0900] "GET /index.html HTTP/1.1" 200 6153
198.51.100.28 - - [07/Jul/2026:16:15:47 +0900] "PUT /index.html HTTP/1.1" 200 7530
198.51.100.8 - - [07/Jul/2026:09:26:26 +0900] "GET /css/style.css HTTP/1.1" 200 7619
203.0.113.43 - - [07/Jul/2026:18:31:44 +0900] "GET /about HTTP/1.1" 200 865
203.0.113.20 - - [07/Jul/2026:11:31:06 +0900] "GET /products/list HTTP/1.1" 200 4423
203.0.113.37 - - [07/Jul/2026:13:43:15 +0900] "GET /images/logo.png HTTP/1.1" 200 6205
203.0.113.23 - - [07/Jul/2026:06:27:31 +0900] "POST /products/detail HTTP/1.1" 200 7030
198.51.100.8 - - [07/Jul/2026:12:05:08 +0900] "GET /js/app.js HTTP/1.1" 200 4783
198.51.100.33 - - [07/Jul/2026:16:37:02 +0900] "GET /products/list HTTP/1.1" 200 5117
198.51.100.22 - - [07/Jul/2026:12:56:16 +0900] "GET /images/logo.png HTTP/1.1" 200 2883
203.0.113.53 - - [07/Jul/2026:17:11:07 +0900] "GET /about HTTP/1.1" 200 7089
203.0.113.37 - - [07/Jul/2026:12:54:35 +0900] "POST /api/orders HTTP/1.1" 200 2798
198.51.100.36 - - [07/Jul/2026:12:22:43 +0900] "PUT /js/app.js HTTP/1.1" 200 8112
203.0.113.46 - - [07/Jul/2026:15:10:28 +0900] "GET /products/detail HTTP/1.1" 200 7428
203.0.113.38 - - [07/Jul/2026:19:50:29 +0900] "POST /api/orders HTTP/1.1" 200 5041
198.51.100.28 - - [07/Jul/2026:03:50:52 +0900] "GET /products/detail HTTP/1.1" 200 1733
198.51.100.4 - - [07/Jul/2026:01:57:32 +0900] "DELETE /about HTTP/1.1" 200 5171
198.51.100.23 - - [07/Jul/2026:19:04:34 +0900] "POST /css/style.css HTTP/1.1" 200 2697
203.0.113.99 - - [07/Jul/2026:09:42:29 +0900] "GET /products/list HTTP/1.1" 200 6276
203.0.113.2 - - [07/Jul/2026:11:47:31 +0900] "GET /index.html HTTP/1.1" 200 8063
203.0.113.17 - - [07/Jul/2026:00:38:56 +0900] "GET /products/list HTTP/1.1" 200 583
203.0.113.40 - - [07/Jul/2026:12:48:42 +0900] "POST /api/orders HTTP/1.1" 200 7909
203.0.113.14 - - [07/Jul/2026:12:25:42 +0900] "GET /images/logo.png HTTP/1.1" 200 291
203.0.113.99 - - [07/Jul/2026:23:48:40 +0900] "GET /products/list HTTP/1.1" 200 668
203.0.113.99 - - [07/Jul/2026:11:01:13 +0900] "GET /products/list HTTP/1.1" 200 2591
198.51.100.4 - - [07/Jul/2026:16:40:50 +0900] "GET /js/app.js HTTP/1.1" 200 3147
203.0.113.36 - - [07/Jul/2026:12:35:44 +0900] "GET /css/style.css HTTP/1.1" 200 1011
203.0.113.99 - - [07/Jul/2026:15:42:16 +0900] "GET /products/list HTTP/1.1" 200 2831
203.0.113.23 - - [07/Jul/2026:09:06:34 +0900] "GET /products/list HTTP/1.1" 200 5206
203.0.113.59 - - [07/Jul/2026:12:39:36 +0900] "GET /images/logo.png HTTP/1.1" 200 5169
203.0.113.3 - - [07/Jul/2026:11:41:08 +0900] "GET /js/app.js HTTP/1.1" 200 7654
203.0.113.4 - - [07/Jul/2026:18:33:40 +0900] "GET /products/detail HTTP/1.1" 200 5860
203.0.113.20 - - [07/Jul/2026:12:07:17 +0900] "POST /images/logo.png HTTP/1.1" 200 2883
203.0.113.24 - - [07/Jul/2026:14:10:57 +0900] "GET /index.html HTTP/1.1" 200 5234
203.0.113.51 - - [07/Jul/2026:13:19:45 +0900] "DELETE /api/orders HTTP/1.1" 200 9017
198.51.100.14 - - [07/Jul/2026:15:50:00 +0900] "GET /about HTTP/1.1" 200 4274
203.0.113.56 - - [07/Jul/2026:12:05:48 +0900] "GET /products/detail HTTP/1.1" 200 4786
203.0.113.3 - - [07/Jul/2026:15:38:51 +0900] "DELETE /js/app.js HTTP/1.1" 200 4691
203.0.113.99 - - [07/Jul/2026:04:18:20 +0900] "GET /products/list HTTP/1.1" 200 1704
198.51.100.38 - - [07/Jul/2026:23:02:04 +0900] "DELETE /about HTTP/1.1" 200 7548
198.51.100.6 - - [07/Jul/2026:07:27:40 +0900] "GET /about HTTP/1.1" 200 2136
198.51.100.19 - - [07/Jul/2026:17:43:13 +0900] "DELETE /index.html HTTP/1.1" 200 3945
198.51.100.8 - - [07/Jul/2026:09:51:08 +0900] "DELETE /about HTTP/1.1" 200 4443
203.0.113.99 - - [07/Jul/2026:20:37:00 +0900] "GET /products/list HTTP/1.1" 200 7994
203.0.113.22 - - [07/Jul/2026:13:41:00 +0900] "GET /about HTTP/1.1" 200 6654
198.51.100.16 - - [07/Jul/2026:14:31:12 +0900] "POST /api/orders HTTP/1.1" 200 2807
203.0.113.30 - - [07/Jul/2026:14:29:43 +0900] "POST /api/orders HTTP/1.1" 200 8776
198.51.100.3 - - [07/Jul/2026:14:26:06 +0900] "GET /js/app.js HTTP/1.1" 200 4355
203.0.113.26 - - [07/Jul/2026:14:40:03 +0900] "GET /js/app.js HTTP/1.1" 200 7738
203.0.113.58 - - [07/Jul/2026:10:04:30 +0900] "GET /index.html HTTP/1.1" 200 8492
198.51.100.12 - - [07/Jul/2026:16:07:43 +0900] "GET /images/logo.png HTTP/1.1" 200 4988
198.51.100.20 - - [07/Jul/2026:22:21:12 +0900] "GET /css/style.css HTTP/1.1" 200 8357
203.0.113.21 - - [07/Jul/2026:11:41:29 +0900] "GET /css/style.css HTTP/1.1" 200 8445
203.0.113.51 - - [07/Jul/2026:10:18:54 +0900] "PUT /css/style.css HTTP/1.1" 200 5143
203.0.113.41 - - [07/Jul/2026:14:27:47 +0900] "DELETE /images/logo.png HTTP/1.1" 200 1754
203.0.113.25 - - [07/Jul/2026:12:04:10 +0900] "DELETE /index.html HTTP/1.1" 200 7955
198.51.100.29 - - [07/Jul/2026:15:04:18 +0900] "GET /api/orders HTTP/1.1" 200 2280
203.0.113.51 - - [07/Jul/2026:13:47:56 +0900] "POST /index.html HTTP/1.1" 200 4631
203.0.113.46 - - [07/Jul/2026:12:45:31 +0900] "GET /images/logo.png HTTP/1.1" 200 2941
203.0.113.26 - - [07/Jul/2026:07:19:24 +0900] "POST /about HTTP/1.1" 200 8764
203.0.113.33 - - [07/Jul/2026:16:46:12 +0900] "GET /products/detail HTTP/1.1" 200 663
203.0.113.24 - - [07/Jul/2026:12:38:03 +0900] "DELETE /css/style.css HTTP/1.1" 200 8669
198.51.100.24 - - [07/Jul/2026:16:59:35 +0900] "DELETE /js/app.js HTTP/1.1" 200 5837
198.51.100.4 - - [07/Jul/2026:10:18:05 +0900] "GET /about HTTP/1.1" 200 8193
198.51.100.27 - - [07/Jul/2026:14:04:01 +0900] "GET /about HTTP/1.1" 200 6516
203.0.113.4 - - [07/Jul/2026:15:19:46 +0900] "PUT /css/style.css HTTP/1.1" 200 1376
203.0.113.99 - - [07/Jul/2026:10:30:01 +0900] "GET /products/list HTTP/1.1" 200 6248
203.0.113.57 - - [07/Jul/2026:11:43:31 +0900] "GET /images/logo.png HTTP/1.1" 200 8356
203.0.113.18 - - [07/Jul/2026:16:11:55 +0900] "GET /products/list HTTP/1.1" 200 7444
203.0.113.38 - - [07/Jul/2026:16:18:20 +0900] "DELETE /products/list HTTP/1.1" 200 3984
203.0.113.30 - - [07/Jul/2026:11:45:20 +0900] "POST /api/orders HTTP/1.1" 200 5566
198.51.100.20 - - [07/Jul/2026:18:26:19 +0900] "GET /products/detail HTTP/1.1" 200 1732
203.0.113.4 - - [07/Jul/2026:14:26:00 +0900] "GET /js/app.js HTTP/1.1" 200 8408
203.0.113.15 - - [07/Jul/2026:15:40:37 +0900] "GET /products/list HTTP/1.1" 200 2503
203.0.113.56 - - [07/Jul/2026:12:58:55 +0900] "GET /about HTTP/1.1" 200 9044
198.51.100.38 - - [07/Jul/2026:18:01:11 +0900] "DELETE /about HTTP/1.1" 200 4245
198.51.100.19 - - [07/Jul/2026:22:41:21 +0900] "GET /about HTTP/1.1" 200 736
198.51.100.29 - - [07/Jul/2026:11:56:06 +0900] "POST /about HTTP/1.1" 200 1944
198.51.100.13 - - [07/Jul/2026:14:47:22 +0900] "GET /images/logo.png HTTP/1.1" 200 402
198.51.100.2 - - [07/Jul/2026:18:26:21 +0900] "GET /images/logo.png HTTP/1.1" 200 5300
203.0.113.99 - - [07/Jul/2026:09:13:28 +0900] "GET /products/list HTTP/1.1" 200 2588
203.0.113.56 - - [07/Jul/2026:18:39:40 +0900] "GET /css/style.css HTTP/1.1" 200 1152
198.51.100.12 - - [07/Jul/2026:09:04:45 +0900] "GET /index.html HTTP/1.1" 200 8968
203.0.113.46 - - [07/Jul/2026:15:09:58 +0900] "GET /about HTTP/1.1" 200 1568
203.0.113.99 - - [07/Jul/2026:11:34:52 +0900] "GET /products/list HTTP/1.1" 200 4987
203.0.113.2 - - [07/Jul/2026:12:45:27 +0900] "GET /css/style.css HTTP/1.1" 200 7246
203.0.113.51 - - [07/Jul/2026:15:34:52 +0900] "PUT /products/detail HTTP/1.1" 200 4818
203.0.113.59 - - [07/Jul/2026:12:05:59 +0900] "GET /css/style.css HTTP/1.1" 200 4578
198.51.100.15 - - [07/Jul/2026:12:06:51 +0900] "GET /products/detail HTTP/1.1" 200 2120
203.0.113.43 - - [07/Jul/2026:21:50:15 +0900] "GET /about HTTP/1.1" 200 2045
198.51.100.39 - - [07/Jul/2026:19:17:11 +0900] "GET /api/orders HTTP/1.1" 200 4145
198.51.100.22 - - [07/Jul/2026:18:36:21 +0900] "GET /products/list HTTP/1.1" 200 871
198.51.100.23 - - [07/Jul/2026:15:33:51 +0900] "GET /products/list HTTP/1.1" 200 2546
203.0.113.56 - - [07/Jul/2026:13:43:20 +0900] "GET /index.html HTTP/1.1" 200 2447
198.51.100.20 - - [07/Jul/2026:13:04:26 +0900] "GET /api/orders HTTP/1.1" 200 863
203.0.113.34 - - [07/Jul/2026:23:34:30 +0900] "GET /search HTTP/1.1" 404 963
198.51.100.10 - - [07/Jul/2026:14:08:51 +0900] "PUT /images/logo.png HTTP/1.1" 200 4722
203.0.113.46 - - [07/Jul/2026:14:50:31 +0900] "GET /about HTTP/1.1" 200 3126
203.0.113.22 - - [07/Jul/2026:12:55:56 +0900] "GET /about HTTP/1.1" 200 4669
198.51.100.33 - - [07/Jul/2026:16:12:26 +0900] "GET /about HTTP/1.1" 200 5883
203.0.113.27 - - [07/Jul/2026:18:13:14 +0900] "GET /images/logo.png HTTP/1.1" 200 1927
203.0.113.99 - - [07/Jul/2026:16:40:17 +0900] "GET /products/list HTTP/1.1" 200 2509
203.0.113.34 - - [07/Jul/2026:12:30:57 +0900] "PUT /images/logo.png HTTP/1.1" 200 1759
203.0.113.55 - - [07/Jul/2026:09:56:53 +0900] "GET /index.html HTTP/1.1" 200 7178
203.0.113.2 - - [07/Jul/2026:11:45:05 +0900] "GET /css/style.css HTTP/1.1" 200 1481
203.0.113.51 - - [07/Jul/2026:19:35:04 +0900] "GET /css/style.css HTTP/1.1" 200 4735
203.0.113.99 - - [07/Jul/2026:13:37:26 +0900] "PUT /products/list HTTP/1.1" 200 4893
203.0.113.36 - - [07/Jul/2026:13:22:14 +0900] "POST /api/orders HTTP/1.1" 200 3770
203.0.113.23 - - [07/Jul/2026:23:04:36 +0900] "GET /images/logo.png HTTP/1.1" 200 4480
203.0.113.10 - - [07/Jul/2026:12:06:30 +0900] "GET /images/logo.png HTTP/1.1" 200 4458
198.51.100.14 - - [07/Jul/2026:11:44:32 +0900] "POST /products/list HTTP/1.1" 200 3632
203.0.113.99 - - [07/Jul/2026:03:55:46 +0900] "DELETE /products/list HTTP/1.1" 200 5196
203.0.113.39 - - [07/Jul/2026:07:50:03 +0900] "POST /css/style.css HTTP/1.1" 200 6931
203.0.113.51 - - [07/Jul/2026:16:14:36 +0900] "GET /products/detail HTTP/1.1" 200 4055
198.51.100.34 - - [07/Jul/2026:21:56:17 +0900] "GET /js/app.js HTTP/1.1" 200 4635
198.51.100.3 - - [07/Jul/2026:15:32:24 +0900] "GET /index.html HTTP/1.1" 200 3264
198.51.100.14 - - [07/Jul/2026:14:13:24 +0900] "POST /api/orders HTTP/1.1" 200 6685
198.51.100.23 - - [07/Jul/2026:09:14:56 +0900] "GET /about HTTP/1.1" 200 3782
198.51.100.35 - - [07/Jul/2026:15:09:31 +0900] "GET /about HTTP/1.1" 200 7916
203.0.113.9 - - [07/Jul/2026:17:27:26 +0900] "GET /js/app.js HTTP/1.1" 200 4303
198.51.100.10 - - [07/Jul/2026:16:26:55 +0900] "GET /products/list HTTP/1.1" 200 4440
203.0.113.20 - - [07/Jul/2026:07:26:08 +0900] "GET /css/style.css HTTP/1.1" 200 2792
198.51.100.7 - - [07/Jul/2026:13:03:27 +0900] "GET /products/list HTTP/1.1" 200 4272
198.51.100.2 - - [07/Jul/2026:20:25:13 +0900] "GET /images/logo.png HTTP/1.1" 200 6970
203.0.113.39 - - [07/Jul/2026:13:01:05 +0900] "DELETE /js/app.js HTTP/1.1" 200 6226
203.0.113.11 - - [07/Jul/2026:16:52:21 +0900] "GET /images/logo.png HTTP/1.1" 200 3760
203.0.113.54 - - [07/Jul/2026:14:43:35 +0900] "GET /images/logo.png HTTP/1.1" 200 4656
203.0.113.11 - - [07/Jul/2026:13:41:09 +0900] "PUT /images/logo.png HTTP/1.1" 200 6692
198.51.100.13 - - [07/Jul/2026:09:22:51 +0900] "POST /css/style.css HTTP/1.1" 200 1179
203.0.113.55 - - [07/Jul/2026:15:32:49 +0900] "GET /products/detail HTTP/1.1" 200 1549
203.0.113.13 - - [07/Jul/2026:21:17:09 +0900] "GET /about HTTP/1.1" 200 5411
203.0.113.14 - - [07/Jul/2026:10:18:54 +0900] "DELETE /index.html HTTP/1.1" 200 5697
198.51.100.21 - - [07/Jul/2026:16:07:05 +0900] "GET /products/detail HTTP/1.1" 200 3198
198.51.100.38 - - [07/Jul/2026:12:50:19 +0900] "GET /api/orders HTTP/1.1" 200 9134
203.0.113.53 - - [07/Jul/2026:13:04:31 +0900] "GET /about HTTP/1.1" 200 9160
198.51.100.16 - - [07/Jul/2026:11:08:50 +0900] "PUT /css/style.css HTTP/1.1" 200 3718
203.0.113.32 - - [07/Jul/2026:12:05:10 +0900] "GET /index.html HTTP/1.1" 200 7561
203.0.113.57 - - [07/Jul/2026:13:00:06 +0900] "GET /products/detail HTTP/1.1" 200 2209
203.0.113.30 - - [07/Jul/2026:14:43:18 +0900] "GET /css/style.css HTTP/1.1" 200 577
203.0.113.19 - - [07/Jul/2026:11:12:50 +0900] "POST /images/logo.png HTTP/1.1" 200 6224
198.51.100.38 - - [07/Jul/2026:12:07:01 +0900] "GET /products/list HTTP/1.1" 200 4444
203.0.113.16 - - [07/Jul/2026:17:13:11 +0900] "GET /images/banner.png HTTP/1.1" 404 5072
203.0.113.40 - - [07/Jul/2026:16:33:23 +0900] "POST /api/orders HTTP/1.1" 200 2911
203.0.113.99 - - [07/Jul/2026:21:15:08 +0900] "GET /products/list HTTP/1.1" 200 3962
203.0.113.45 - - [07/Jul/2026:07:00:09 +0900] "GET /products/detail HTTP/1.1" 200 7749
203.0.113.5 - - [07/Jul/2026:14:03:08 +0900] "GET /products/list HTTP/1.1" 200 1061
198.51.100.30 - - [07/Jul/2026:17:57:49 +0900] "GET /images/logo.png HTTP/1.1" 200 8860
203.0.113.44 - - [07/Jul/2026:12:43:22 +0900] "GET /js/app.js HTTP/1.1" 200 3302
203.0.113.99 - - [07/Jul/2026:14:31:57 +0900] "GET /products/list HTTP/1.1" 200 2668
203.0.113.55 - - [07/Jul/2026:19:35:26 +0900] "GET /css/style.css HTTP/1.1" 200 3511
203.0.113.37 - - [07/Jul/2026:11:59:49 +0900] "GET /api/orders HTTP/1.1" 200 8565
203.0.113.99 - - [07/Jul/2026:19:13:46 +0900] "GET /products/list HTTP/1.1" 200 6101
203.0.113.43 - - [07/Jul/2026:11:16:24 +0900] "GET /about HTTP/1.1" 200 7086
203.0.113.49 - - [07/Jul/2026:23:20:54 +0900] "PUT /images/logo.png HTTP/1.1" 200 4123
203.0.113.3 - - [07/Jul/2026:19:34:49 +0900] "POST /api/orders HTTP/1.1" 200 5611
198.51.100.4 - - [07/Jul/2026:13:06:04 +0900] "GET /old-page HTTP/1.1" 301 8764
198.51.100.24 - - [07/Jul/2026:14:19:25 +0900] "GET /images/logo.png HTTP/1.1" 200 603
198.51.100.18 - - [07/Jul/2026:18:16:11 +0900] "PUT /products/list HTTP/1.1" 200 7299
198.51.100.10 - - [07/Jul/2026:15:42:07 +0900] "GET /api/orders HTTP/1.1" 200 8088
203.0.113.9 - - [07/Jul/2026:16:09:53 +0900] "GET /index.html HTTP/1.1" 200 7595
203.0.113.40 - - [07/Jul/2026:13:23:13 +0900] "PUT /api/orders HTTP/1.1" 200 866
198.51.100.18 - - [07/Jul/2026:08:14:15 +0900] "POST /products/list HTTP/1.1" 200 1016
203.0.113.27 - - [07/Jul/2026:16:18:41 +0900] "DELETE /about HTTP/1.1" 200 3309
203.0.113.40 - - [07/Jul/2026:12:40:47 +0900] "GET /old-page HTTP/1.1" 301 1478
198.51.100.33 - - [07/Jul/2026:13:33:19 +0900] "GET /images/logo.png HTTP/1.1" 200 8031
203.0.113.30 - - [07/Jul/2026:18:24:57 +0900] "GET /index.html HTTP/1.1" 200 2554
198.51.100.11 - - [07/Jul/2026:17:07:11 +0900] "POST /api/orders HTTP/1.1" 200 5896
203.0.113.16 - - [07/Jul/2026:13:48:50 +0900] "GET /about HTTP/1.1" 200 3397
198.51.100.32 - - [07/Jul/2026:21:12:15 +0900] "DELETE /old-page HTTP/1.1" 301 902
203.0.113.23 - - [07/Jul/2026:10:30:35 +0900] "GET /about HTTP/1.1" 200 9015
203.0.113.18 - - [07/Jul/2026:06:49:28 +0900] "GET /products/list HTTP/1.1" 200 2783
198.51.100.28 - - [07/Jul/2026:16:58:55 +0900] "GET /index.html HTTP/1.1" 200 8027
203.0.113.12 - - [07/Jul/2026:15:59:56 +0900] "POST /images/logo.png HTTP/1.1" 200 6994
203.0.113.99 - - [07/Jul/2026:16:52:24 +0900] "GET /products/list HTTP/1.1" 200 4778
203.0.113.37 - - [07/Jul/2026:12:12:18 +0900] "GET /products/list HTTP/1.1" 200 2626
192.168.0.1 - - [malformed
198.51.100.35 - - [07/Jul/2026:12:50:52 +0900] "POST /about HTTP/1.1" 200 4237
203.0.113.99 - - [07/Jul/2026:15:52:41 +0900] "PUT /products/list HTTP/1.1" 200 2145
203.0.113.37 - - [07/Jul/2026:09:30:02 +0900] "GET /products/list HTTP/1.1" 200 1609
198.51.100.35 - - [07/Jul/2026:14:05:25 +0900] "GET /login HTTP/1.1" 403 7537
203.0.113.15 - - [07/Jul/2026:12:24:57 +0900] "DELETE /products/list HTTP/1.1" 200 7355
203.0.113.57 - - [07/Jul/2026:12:32:38 +0900] "GET /css/style.css HTTP/1.1" 200 7578
203.0.113.5 - - [07/Jul/2026:12:43:50 +0900] "GET /css/style.css HTTP/1.1" 200 1862
203.0.113.99 - - [07/Jul/2026:18:05:08 +0900] "GET /products/list HTTP/1.1" 200 8708
203.0.113.9 - - [07/Jul/2026:06:39:05 +0900] "PUT /css/style.css HTTP/1.1" 200 2175
203.0.113.19 - - [07/Jul/2026:19:07:29 +0900] "GET /images/logo.png HTTP/1.1" 200 8450
203.0.113.43 - - [07/Jul/2026:10:47:04 +0900] "GET /products/detail HTTP/1.1" 200 5076
203.0.113.25 - - [07/Jul/2026:16:32:39 +0900] "GET /products/detail HTTP/1.1" 200 2153
203.0.113.99 - - [07/Jul/2026:19:26:05 +0900] "DELETE /products/list HTTP/1.1" 200 5640
203.0.113.48 - - [07/Jul/2026:12:49:58 +0900] "PUT /products/list HTTP/1.1" 200 4479
198.51.100.37 - - [07/Jul/2026:18:01:17 +0900] "GET /products/detail HTTP/1.1" 200 3085
203.0.113.56 - - [07/Jul/2026:12:11:43 +0900] "PUT /js/app.js HTTP/1.1" 200 4882
198.51.100.37 - - [07/Jul/2026:12:56:58 +0900] "POST /index.html HTTP/1.1" 200 2496
203.0.113.59 - - [07/Jul/2026:14:41:22 +0900] "GET /old-page HTTP/1.1" 301 3329
203.0.113.34 - - [07/Jul/2026:14:31:44 +0900] "DELETE /about HTTP/1.1" 200 5884
203.0.113.33 - - [07/Jul/2026:11:44:14 +0900] "GET /css/style.css HTTP/1.1" 200 383
203.0.113.99 - - [07/Jul/2026:08:49:50 +0900] "GET /products/list HTTP/1.1" 200 3112
198.51.100.36 - - [07/Jul/2026:15:52:24 +0900] "POST /index.html HTTP/1.1" 200 1971
203.0.113.49 - - [07/Jul/2026:10:06:25 +0900] "GET /images/logo.png HTTP/1.1" 200 3441
203.0.113.59 - - [07/Jul/2026:06:25:54 +0900] "GET /products/list HTTP/1.1" 200 1849
203.0.113.11 - - [07/Jul/2026:10:37:14 +0900] "POST /api/payment HTTP/1.1" 503 930
203.0.113.44 - - [07/Jul/2026:08:42:58 +0900] "GET /products/list HTTP/1.1" 200 8488
203.0.113.56 - - [07/Jul/2026:13:55:42 +0900] "PUT /js/app.js HTTP/1.1" 200 5299
203.0.113.51 - - [07/Jul/2026:05:12:04 +0900] "GET /products/list HTTP/1.1" 200 1121
203.0.113.43 - - [07/Jul/2026:12:47:28 +0900] "GET /products/list HTTP/1.1" 200 7417
198.51.100.2 - - [07/Jul/2026:12:01:11 +0900] "GET /css/style.css HTTP/1.1" 200 1657
203.0.113.38 - - [07/Jul/2026:14:39:07 +0900] "PUT /css/style.css HTTP/1.1" 200 3452
198.51.100.27 - - [07/Jul/2026:13:04:11 +0900] "GET /images/logo.png HTTP/1.1" 200 2474
198.51.100.31 - - [07/Jul/2026:18:01:18 +0900] "PUT /images/logo.png HTTP/1.1" 200 1917
198.51.100.30 - - [07/Jul/2026:13:51:47 +0900] "POST /api/orders HTTP/1.1" 200 1281
198.51.100.19 - - [07/Jul/2026:21:41:09 +0900] "GET /images/logo.png HTTP/1.1" 200 8130
203.0.113.32 - - [07/Jul/2026:19:22:53 +0900] "GET /images/logo.png HTTP/1.1" 200 2995
203.0.113.52 - - [07/Jul/2026:14:24:19 +0900] "PUT /index.html HTTP/1.1" 200 3118
198.51.100.15 - - [07/Jul/2026:11:17:43 +0900] "GET /products/list HTTP/1.1" 200 8168
203.0.113.20 - - [07/Jul/2026:13:31:49 +0900] "GET /products/detail HTTP/1.1" 200 9128
203.0.113.99 - - [07/Jul/2026:08:10:11 +0900] "DELETE /products/list HTTP/1.1" 200 1881
198.51.100.27 - - [07/Jul/2026:13:04:16 +0900] "DELETE /css/style.css HTTP/1.1" 200 5722
203.0.113.99 - - [07/Jul/2026:15:52:25 +0900] "GET /products/list HTTP/1.1" 200 4032
203.0.113.13 - - [07/Jul/2026:12:55:52 +0900] "GET /css/style.css HTTP/1.1" 200 5924
198.51.100.17 - - [07/Jul/2026:17:18:21 +0900] "GET /images/logo.png HTTP/1.1" 200 4284
203.0.113.28 - - [07/Jul/2026:13:27:54 +0900] "DELETE /js/app.js HTTP/1.1" 200 3282
203.0.113.29 - - [07/Jul/2026:13:08:47 +0900] "GET /about HTTP/1.1" 200 1444
203.0.113.29 - - [07/Jul/2026:09:25:36 +0900] "POST /api/orders HTTP/1.1" 200 1742
203.0.113.19 - - [07/Jul/2026:16:57:33 +0900] "DELETE /products/detail HTTP/1.1" 200 2769
198.51.100.25 - - [07/Jul/2026:11:44:03 +0900] "GET /products/list HTTP/1.1" 200 5231
203.0.113.99 - - [07/Jul/2026:12:25:56 +0900] "POST /products/list HTTP/1.1" 200 3402
203.0.113.25 - - [07/Jul/2026:14:50:42 +0900] "GET /index.html HTTP/1.1" 200 3496
198.51.100.7 - - [07/Jul/2026:14:00:38 +0900] "POST /api/orders HTTP/1.1" 200 7419
198.51.100.4 - - [07/Jul/2026:12:42:22 +0900] "GET /products/detail HTTP/1.1" 200 575
203.0.113.26 - - [07/Jul/2026:13:40:36 +0900] "GET /about HTTP/1.1" 200 2597
203.0.113.19 - - [07/Jul/2026:19:41:14 +0900] "GET /js/app.js HTTP/1.1" 200 1701
203.0.113.15 - - [07/Jul/2026:18:48:33 +0900] "GET /index.html HTTP/1.1" 200 4818
203.0.113.99 - - [07/Jul/2026:18:11:36 +0900] "GET /products/list HTTP/1.1" 200 1471
203.0.113.52 - - [07/Jul/2026:16:15:35 +0900] "POST /api/orders HTTP/1.1" 200 8732
203.0.113.57 - - [07/Jul/2026:17:47:52 +0900] "GET /js/app.js HTTP/1.1" 200 6568
203.0.113.27 - - [07/Jul/2026:19:16:11 +0900] "GET /js/app.js HTTP/1.1" 200 1865
203.0.113.99 - - [07/Jul/2026:14:29:24 +0900] "GET /products/list HTTP/1.1" 200 6223
203.0.113.24 - - [07/Jul/2026:17:22:24 +0900] "GET /index.html HTTP/1.1" 200 7760
198.51.100.8 - - [07/Jul/2026:17:56:07 +0900] "GET /index.html HTTP/1.1" 200 9198
203.0.113.32 - - [07/Jul/2026:14:47:21 +0900] "GET /images/logo.png HTTP/1.1" 200 7572
198.51.100.4 - - [07/Jul/2026:10:21:05 +0900] "GET /about HTTP/1.1" 200 1573
203.0.113.54 - - [07/Jul/2026:15:56:32 +0900] "GET /images/logo.png HTTP/1.1" 200 1047
203.0.113.25 - - [07/Jul/2026:08:38:52 +0900] "GET /products/list HTTP/1.1" 200 5023
198.51.100.10 - - [07/Jul/2026:17:06:52 +0900] "GET /index.html HTTP/1.1" 200 6530
198.51.100.14 - - [07/Jul/2026:15:36:40 +0900] "POST /products/list HTTP/1.1" 200 1022
198.51.100.7 - - [07/Jul/2026:11:42:06 +0900] "GET /css/style.css HTTP/1.1" 200 1907
203.0.113.39 - - [07/Jul/2026:16:35:34 +0900] "GET /products/detail HTTP/1.1" 200 8515
198.51.100.23 - - [07/Jul/2026:15:08:39 +0900] "GET /about HTTP/1.1" 200 5505
203.0.113.99 - - [07/Jul/2026:13:21:42 +0900] "GET /products/list HTTP/1.1" 200 7924
198.51.100.4 - - [07/Jul/2026:14:53:07 +0900] "GET /js/app.js HTTP/1.1" 200 6211
203.0.113.21 - - [07/Jul/2026:13:09:15 +0900] "GET /about HTTP/1.1" 200 5400
203.0.113.34 - - [07/Jul/2026:15:27:44 +0900] "GET /about HTTP/1.1" 200 1927
203.0.113.27 - - [07/Jul/2026:16:14:51 +0900] "GET /api/orders HTTP/1.1" 200 7641
203.0.113.29 - - [07/Jul/2026:10:33:31 +0900] "GET /old-page HTTP/1.1" 301 2778
203.0.113.7 - - [07/Jul/2026:03:23:55 +0900] "POST /api/orders HTTP/1.1" 200 8118
198.51.100.34 - - [07/Jul/2026:07:26:56 +0900] "GET /api/orders HTTP/1.1" 200 4522
198.51.100.35 - - [07/Jul/2026:10:17:23 +0900] "GET /css/style.css HTTP/1.1" 200 8857
203.0.113.54 - - [07/Jul/2026:13:26:10 +0900] "GET /about HTTP/1.1" 200 8035
203.0.113.56 - - [07/Jul/2026:16:44:42 +0900] "POST /products/detail HTTP/1.1" 200 6759
203.0.113.6 - - [07/Jul/2026:21:24:00 +0900] "GET /index.html HTTP/1.1" 200 8880
203.0.113.19 - - [07/Jul/2026:18:00:32 +0900] "GET /js/app.js HTTP/1.1" 200 2641
203.0.113.37 - - [07/Jul/2026:14:43:29 +0900] "POST /api/orders HTTP/1.1" 200 6721
203.0.113.26 - - [07/Jul/2026:16:59:07 +0900] "GET /products/detail HTTP/1.1" 200 6158
203.0.113.21 - - [07/Jul/2026:16:34:38 +0900] "GET /about HTTP/1.1" 200 5294
203.0.113.5 - - [07/Jul/2026:09:27:02 +0900] "POST /index.html HTTP/1.1" 200 3437
203.0.113.25 - - [07/Jul/2026:11:20:27 +0900] "GET /images/logo.png HTTP/1.1" 200 2556
198.51.100.4 - - [07/Jul/2026:13:02:02 +0900] "POST /about HTTP/1.1" 200 6640
203.0.113.3 - - [07/Jul/2026:18:29:17 +0900] "GET /css/style.css HTTP/1.1" 200 8782
203.0.113.31 - - [07/Jul/2026:11:49:23 +0900] "GET /products/list HTTP/1.1" 200 7471
203.0.113.43 - - [07/Jul/2026:15:41:03 +0900] "GET /js/app.js HTTP/1.1" 200 8671
198.51.100.22 - - [07/Jul/2026:12:40:34 +0900] "POST /index.html HTTP/1.1" 200 3467
203.0.113.13 - - [07/Jul/2026:17:19:35 +0900] "GET /products/detail HTTP/1.1" 200 2825
203.0.113.48 - - [07/Jul/2026:14:51:34 +0900] "GET /products/detail HTTP/1.1" 200 2780
198.51.100.11 - - [07/Jul/2026:15:20:58 +0900] "POST /about HTTP/1.1" 200 3472
198.51.100.17 - - [07/Jul/2026:17:35:21 +0900] "GET /products/detail HTTP/1.1" 200 3930
203.0.113.21 - - [07/Jul/2026:20:17:14 +0900] "GET /products/detail HTTP/1.1" 200 6442
203.0.113.2 - - [07/Jul/2026:12:46:19 +0900] "GET /js/app.js HTTP/1.1" 200 1274
203.0.113.99 - - [07/Jul/2026:22:24:42 +0900] "POST /products/list HTTP/1.1" 200 4686
203.0.113.25 - - [07/Jul/2026:19:31:04 +0900] "DELETE /js/app.js HTTP/1.1" 200 6704
203.0.113.48 - - [07/Jul/2026:17:34:11 +0900] "DELETE /js/app.js HTTP/1.1" 200 8199
203.0.113.9 - - [07/Jul/2026:19:18:20 +0900] "GET /old-page HTTP/1.1" 301 3772
203.0.113.6 - - [07/Jul/2026:13:21:57 +0900] "GET /api/orders HTTP/1.1" 200 2126
198.51.100.19 - - [07/Jul/2026:14:02:12 +0900] "POST /api/payment HTTP/1.1" 502 1500
203.0.113.10 - - [07/Jul/2026:22:13:25 +0900] "GET /products/list HTTP/1.1" 200 7577
198.51.100.36 - - [07/Jul/2026:12:23:19 +0900] "GET /products/list HTTP/1.1" 200 2729
203.0.113.45 - - [07/Jul/2026:14:49:15 +0900] "GET /api/orders HTTP/1.1" 200 8076
203.0.113.20 - - [07/Jul/2026:11:54:44 +0900] "GET /css/style.css HTTP/1.1" 200 1467
198.51.100.21 - - [07/Jul/2026:12:23:05 +0900] "PUT /login HTTP/1.1" 404 8716
198.51.100.34 - - [07/Jul/2026:18:04:23 +0900] "GET /products/list HTTP/1.1" 200 5124
203.0.113.30 - - [07/Jul/2026:14:56:23 +0900] "GET /products/detail HTTP/1.1" 200 4394
198.51.100.22 - - [07/Jul/2026:15:12:49 +0900] "GET /js/app.js HTTP/1.1" 200 6102
203.0.113.38 - - [07/Jul/2026:12:45:51 +0900] "PUT /js/app.js HTTP/1.1" 200 5729
198.51.100.24 - - [07/Jul/2026:14:43:39 +0900] "GET /products/detail HTTP/1.1" 200 5298
198.51.100.31 - - [07/Jul/2026:13:47:15 +0900] "POST /api/orders HTTP/1.1" 200 2689
203.0.113.50 - - [07/Jul/2026:15:10:43 +0900] "GET /js/app.js HTTP/1.1" 200 2570
203.0.113.99 - - [07/Jul/2026:18:29:08 +0900] "GET /products/list HTTP/1.1" 200 1021
203.0.113.99 - - [07/Jul/2026:11:17:19 +0900] "POST /products/list HTTP/1.1" 200 9048
198.51.100.24 - - [07/Jul/2026:13:01:37 +0900] "GET /css/style.css HTTP/1.1" 200 7939
198.51.100.38 - - [07/Jul/2026:11:03:37 +0900] "GET /index.html HTTP/1.1" 200 7991
198.51.100.6 - - [07/Jul/2026:21:37:00 +0900] "GET /index.html HTTP/1.1" 200 4942
203.0.113.22 - - [07/Jul/2026:14:39:26 +0900] "GET /js/app.js HTTP/1.1" 200 2037
198.51.100.16 - - [07/Jul/2026:05:13:24 +0900] "DELETE /products/detail HTTP/1.1" 200 6764
203.0.113.50 - - [07/Jul/2026:15:37:28 +0900] "GET /index.html HTTP/1.1" 200 527
198.51.100.4 - - [07/Jul/2026:17:24:44 +0900] "GET /products/list HTTP/1.1" 200 5998
203.0.113.15 - - [07/Jul/2026:19:18:04 +0900] "GET /products/detail HTTP/1.1" 200 2645
203.0.113.17 - - [07/Jul/2026:11:28:19 +0900] "GET /products/detail HTTP/1.1" 200 5773
198.51.100.14 - - [07/Jul/2026:14:50:21 +0900] "GET /index.html HTTP/1.1" 200 6555
198.51.100.28 - - [07/Jul/2026:11:14:04 +0900] "GET /images/logo.png HTTP/1.1" 200 1283
203.0.113.34 - - [07/Jul/2026:18:02:24 +0900] "GET /products/detail HTTP/1.1" 200 4949
203.0.113.37 - - [07/Jul/2026:12:49:04 +0900] "GET /images/logo.png HTTP/1.1" 200 4410
203.0.113.33 - - [07/Jul/2026:15:04:21 +0900] "POST /api/orders HTTP/1.1" 200 6803
203.0.113.44 - - [07/Jul/2026:12:39:24 +0900] "GET /products/detail HTTP/1.1" 200 5433
203.0.113.99 - - [07/Jul/2026:15:37:24 +0900] "GET /products/list HTTP/1.1" 200 1829
203.0.113.6 - - [07/Jul/2026:13:19:40 +0900] "POST /index.html HTTP/1.1" 200 6671
198.51.100.15 - - [07/Jul/2026:06:22:45 +0900] "GET /products/detail HTTP/1.1" 200 5907
203.0.113.14 - - [07/Jul/2026:14:22:03 +0900] "PUT /images/logo.png HTTP/1.1" 200 6679
203.0.113.99 - - [07/Jul/2026:10:52:55 +0900] "DELETE /products/list HTTP/1.1" 200 8530
203.0.113.12 - - [07/Jul/2026:11:23:29 +0900] "DELETE /js/app.js HTTP/1.1" 200 3310
203.0.113.18 - - [07/Jul/2026:15:32:25 +0900] "GET /index.html HTTP/1.1" 200 6065
203.0.113.7 - - [07/Jul/2026:13:48:27 +0900] "GET /index.html HTTP/1.1" 200 6302
198.51.100.13 - - [07/Jul/2026:12:22:30 +0900] "GET /js/app.js HTTP/1.1" 200 6933
203.0.113.99 - - [07/Jul/2026:09:28:21 +0900] "GET /products/list HTTP/1.1" 200 8379
203.0.113.24 - - [07/Jul/2026:17:43:27 +0900] "GET /products/detail HTTP/1.1" 200 3324
198.51.100.12 - - [07/Jul/2026:08:06:10 +0900] "DELETE /css/style.css HTTP/1.1" 200 3672
198.51.100.6 - - [07/Jul/2026:12:07:55 +0900] "GET /images/logo.png HTTP/1.1" 200 7154
203.0.113.40 - - [07/Jul/2026:20:05:49 +0900] "GET /products/list HTTP/1.1" 200 9198
203.0.113.48 - - [07/Jul/2026:16:16:04 +0900] "POST /old-page HTTP/1.1" 301 2248
198.51.100.26 - - [07/Jul/2026:16:28:50 +0900] "GET /products/detail HTTP/1.1" 200 706
198.51.100.7 - - [07/Jul/2026:14:30:54 +0900] "POST /api/orders HTTP/1.1" 200 5601
203.0.113.44 - - [07/Jul/2026:12:30:01 +0900] "POST /css/style.css HTTP/1.1" 200 8753
203.0.113.20 - - [07/Jul/2026:14:52:27 +0900] "GET /login HTTP/1.1" 404 5140
198.51.100.38 - - [07/Jul/2026:12:47:42 +0900] "GET /old-page HTTP/1.1" 301 365
198.51.100.35 - - [07/Jul/2026:15:47:06 +0900] "GET /products/list HTTP/1.1" 200 3886
203.0.113.29 - - [07/Jul/2026:13:17:14 +0900] "GET /old-page HTTP/1.1" 301 2197
203.0.113.53 - - [07/Jul/2026:12:38:15 +0900] "GET /index.html HTTP/1.1" 200 5267
203.0.113.12 - - [07/Jul/2026:17:56:19 +0900] "GET /api/payment HTTP/1.1" 503 8707
203.0.113.47 - - [07/Jul/2026:14:42:03 +0900] "GET /images/logo.png HTTP/1.1" 200 4920
198.51.100.10 - - [07/Jul/2026:17:56:38 +0900] "GET /js/app.js HTTP/1.1" 200 2123
203.0.113.56 - - [07/Jul/2026:04:14:20 +0900] "POST /images/logo.png HTTP/1.1" 200 7679
203.0.113.50 - - [07/Jul/2026:15:53:43 +0900] "PUT /css/style.css HTTP/1.1" 200 8541
203.0.113.4 - - [07/Jul/2026:18:24:31 +0900] "GET /index.html HTTP/1.1" 200 3550
203.0.113.27 - - [07/Jul/2026:17:50:29 +0900] "POST /js/app.js HTTP/1.1" 200 5809
198.51.100.30 - - [07/Jul/2026:15:54:21 +0900] "DELETE /images/logo.png HTTP/1.1" 200 8174
203.0.113.26 - - [07/Jul/2026:12:54:27 +0900] "GET /api/orders HTTP/1.1" 200 3117
198.51.100.31 - - [07/Jul/2026:09:42:00 +0900] "GET /images/logo.png HTTP/1.1" 200 6100
198.51.100.4 - - [07/Jul/2026:10:39:53 +0900] "GET /css/style.css HTTP/1.1" 200 8264
198.51.100.13 - - [07/Jul/2026:20:30:42 +0900] "GET /products/list HTTP/1.1" 200 7305
198.51.100.29 - - [07/Jul/2026:19:53:36 +0900] "GET /products/list HTTP/1.1" 200 4372
203.0.113.12 - - [07/Jul/2026:12:22:25 +0900] "GET /index.html HTTP/1.1" 200 5069
203.0.113.13 - - [07/Jul/2026:18:31:01 +0900] "GET /css/style.css HTTP/1.1" 200 5961
203.0.113.49 - - [07/Jul/2026:18:42:18 +0900] "GET /about HTTP/1.1" 200 3041
198.51.100.2 - - [07/Jul/2026:12:48:42 +0900] "GET /index.html HTTP/1.1" 200 354
203.0.113.14 - - [07/Jul/2026:01:19:21 +0900] "PUT /index.html HTTP/1.1" 200 4653
203.0.113.55 - - [07/Jul/2026:15:28:50 +0900] "POST /products/detail HTTP/1.1" 200 4193
198.51.100.38 - - [07/Jul/2026:15:08:19 +0900] "GET /images/banner.png HTTP/1.1" 404 3874
203.0.113.58 - - [07/Jul/2026:15:35:05 +0900] "POST /js/app.js HTTP/1.1" 200 8880
198.51.100.34 - - [07/Jul/2026:19:32:19 +0900] "GET /js/app.js HTTP/1.1" 200 8724
203.0.113.58 - - [07/Jul/2026:14:24:53 +0900] "PUT /products/list HTTP/1.1" 200 6367
198.51.100.4 - - [07/Jul/2026:19:30:58 +0900] "POST /api/orders HTTP/1.1" 200 7726
198.51.100.22 - - [07/Jul/2026:16:31:38 +0900] "GET /js/app.js HTTP/1.1" 200 6663
198.51.100.20 - - [07/Jul/2026:10:00:36 +0900] "GET /products/list HTTP/1.1" 200 3621
198.51.100.26 - - [07/Jul/2026:13:21:41 +0900] "POST /api/orders HTTP/1.1" 200 2341
203.0.113.22 - - [07/Jul/2026:11:22:19 +0900] "GET /index.html HTTP/1.1" 200 7658
203.0.113.58 - - [07/Jul/2026:15:36:11 +0900] "POST /products/detail HTTP/1.1" 200 2618
203.0.113.51 - - [07/Jul/2026:15:50:20 +0900] "POST /login HTTP/1.1" 403 4157
198.51.100.2 - - [07/Jul/2026:23:58:21 +0900] "GET /about HTTP/1.1" 200 2086
203.0.113.22 - - [07/Jul/2026:17:53:21 +0900] "GET /products/list HTTP/1.1" 200 709
198.51.100.5 - - [07/Jul/2026:12:36:30 +0900] "GET /about HTTP/1.1" 200 3699
203.0.113.46 - - [07/Jul/2026:16:20:58 +0900] "GET /api/payment HTTP/1.1" 503 6798
203.0.113.16 - - [07/Jul/2026:12:41:20 +0900] "GET /index.html HTTP/1.1" 200 3106
198.51.100.19 - - [07/Jul/2026:09:43:11 +0900] "POST /api/orders HTTP/1.1" 200 2723
203.0.113.56 - - [07/Jul/2026:17:47:15 +0900] "GET /css/style.css HTTP/1.1" 200 7380
203.0.113.4 - - [07/Jul/2026:18:28:29 +0900] "GET /images/logo.png HTTP/1.1" 200 3749
203.0.113.4 - - [07/Jul/2026:15:53:29 +0900] "POST /api/orders HTTP/1.1" 200 7189
203.0.113.42 - - [07/Jul/2026:17:29:30 +0900] "GET /about HTTP/1.1" 200 1075
198.51.100.14 - - [07/Jul/2026:12:10:09 +0900] "GET /products/list HTTP/1.1" 200 8667
203.0.113.17 - - [07/Jul/2026:16:15:25 +0900] "PUT /index.html HTTP/1.1" 200 1523
203.0.113.39 - - [07/Jul/2026:13:08:15 +0900] "GET /about HTTP/1.1" 200 5391
198.51.100.6 - - [07/Jul/2026:14:00:44 +0900] "GET /index.html HTTP/1.1" 200 4979
203.0.113.99 - - [07/Jul/2026:15:01:30 +0900] "GET /products/list HTTP/1.1" 200 2255
198.51.100.22 - - [07/Jul/2026:21:47:55 +0900] "GET /products/detail HTTP/1.1" 200 3978
198.51.100.28 - - [07/Jul/2026:17:21:59 +0900] "POST /api/orders HTTP/1.1" 200 759
203.0.113.43 - - [07/Jul/2026:16:32:49 +0900] "POST /css/style.css HTTP/1.1" 200 911
203.0.113.24 - - [07/Jul/2026:15:48:48 +0900] "GET /js/app.js HTTP/1.1" 200 7321
198.51.100.13 - - [07/Jul/2026:14:17:40 +0900] "POST /products/list HTTP/1.1" 200 5041
203.0.113.99 - - [07/Jul/2026:08:19:47 +0900] "GET /products/list HTTP/1.1" 200 6846
198.51.100.28 - - [07/Jul/2026:11:49:40 +0900] "GET /products/list HTTP/1.1" 200 7952
203.0.113.55 - - [07/Jul/2026:14:27:29 +0900] "GET /index.html HTTP/1.1" 200 1628
198.51.100.34 - - [07/Jul/2026:07:47:30 +0900] "GET /products/detail HTTP/1.1" 200 786
198.51.100.27 - - [07/Jul/2026:15:23:36 +0900] "PUT /css/style.css HTTP/1.1" 200 6262
203.0.113.23 - - [07/Jul/2026:18:29:26 +0900] "PUT /js/app.js HTTP/1.1" 200 2748
203.0.113.24 - - [07/Jul/2026:19:49:58 +0900] "GET /products/detail HTTP/1.1" 200 6527
198.51.100.36 - - [07/Jul/2026:15:43:08 +0900] "GET /login HTTP/1.1" 404 7037
198.51.100.7 - - [07/Jul/2026:13:06:17 +0900] "GET /products/list HTTP/1.1" 200 2615
203.0.113.2 - - [07/Jul/2026:12:19:46 +0900] "GET /css/style.css HTTP/1.1" 200 1280
198.51.100.13 - - [07/Jul/2026:16:31:11 +0900] "GET /index.html HTTP/1.1" 200 974
203.0.113.23 - - [07/Jul/2026:17:01:44 +0900] "GET /about HTTP/1.1" 200 5985
203.0.113.25 - - [07/Jul/2026:11:57:03 +0900] "POST /api/payment HTTP/1.1" 503 4854
203.0.113.52 - - [07/Jul/2026:17:03:18 +0900] "GET /index.html HTTP/1.1" 200 6724
198.51.100.17 - - [07/Jul/2026:15:26:33 +0900] "GET /css/style.css HTTP/1.1" 200 4033
203.0.113.9 - - [07/Jul/2026:17:50:45 +0900] "GET /index.html HTTP/1.1" 200 5159
203.0.113.50 - - [07/Jul/2026:16:38:49 +0900] "GET /index.html HTTP/1.1" 200 3745
203.0.113.48 - - [07/Jul/2026:15:33:13 +0900] "GET /about HTTP/1.1" 200 4934
203.0.113.42 - - [07/Jul/2026:14:27:36 +0900] "GET /about HTTP/1.1" 200 2095
203.0.113.25 - - [07/Jul/2026:11:03:47 +0900] "GET /about HTTP/1.1" 200 1969
203.0.113.52 - - [07/Jul/2026:13:48:08 +0900] "GET /js/app.js HTTP/1.1" 200 3990
198.51.100.3 - - [07/Jul/2026:13:22:51 +0900] "POST /about HTTP/1.1" 200 3928
198.51.100.37 - - [07/Jul/2026:15:19:02 +0900] "GET /index.html HTTP/1.1" 200 5880
198.51.100.11 - - [07/Jul/2026:12:48:39 +0900] "GET /index.html HTTP/1.1" 200 5848
203.0.113.52 - - [07/Jul/2026:15:34:24 +0900] "GET /products/detail HTTP/1.1" 200 869
198.51.100.29 - - [07/Jul/2026:20:09:47 +0900] "GET /products/list HTTP/1.1" 200 671
203.0.113.17 - - [07/Jul/2026:17:53:00 +0900] "GET /about HTTP/1.1" 200 4229
198.51.100.13 - - [07/Jul/2026:16:41:48 +0900] "PUT /index.html HTTP/1.1" 200 2689
203.0.113.40 - - [07/Jul/2026:12:46:42 +0900] "GET /js/app.js HTTP/1.1" 200 5553
203.0.113.15 - - [07/Jul/2026:17:25:37 +0900] "POST /admin HTTP/1.1" 403 4811
198.51.100.25 - - [07/Jul/2026:21:20:01 +0900] "POST /api/orders HTTP/1.1" 200 6330
198.51.100.34 - - [07/Jul/2026:16:00:22 +0900] "GET /index.html HTTP/1.1" 200 6644
198.51.100.8 - - [07/Jul/2026:17:44:16 +0900] "GET /images/logo.png HTTP/1.1" 200 628
198.51.100.19 - - [07/Jul/2026:02:45:04 +0900] "DELETE /products/detail HTTP/1.1" 200 8517
198.51.100.36 - - [07/Jul/2026:12:26:30 +0900] "GET /products/detail HTTP/1.1" 200 1171
203.0.113.45 - - [07/Jul/2026:06:33:44 +0900] "POST /api/orders HTTP/1.1" 200 5865
203.0.113.12 - - [07/Jul/2026:17:09:01 +0900] "POST /api/orders HTTP/1.1" 200 4592
203.0.113.13 - - [07/Jul/2026:14:54:07 +0900] "GET /index.html HTTP/1.1" 200 5550
203.0.113.26 - - [07/Jul/2026:23:44:41 +0900] "GET /products/detail HTTP/1.1" 200 2694
198.51.100.35 - - [07/Jul/2026:08:42:15 +0900] "GET /js/app.js HTTP/1.1" 200 2974
198.51.100.31 - - [07/Jul/2026:19:23:37 +0900] "POST /api/orders HTTP/1.1" 200 5476
203.0.113.45 - - [07/Jul/2026:17:54:26 +0900] "GET /index.html HTTP/1.1" 200 5071
198.51.100.18 - - [07/Jul/2026:17:16:41 +0900] "DELETE /css/style.css HTTP/1.1" 200 3373
198.51.100.7 - - [07/Jul/2026:11:33:18 +0900] "GET /index.html HTTP/1.1" 200 1266
198.51.100.22 - - [07/Jul/2026:14:42:15 +0900] "GET /products/detail HTTP/1.1" 200 2788
198.51.100.39 - - [07/Jul/2026:10:06:59 +0900] "GET /index.html HTTP/1.1" 200 2005
203.0.113.22 - - [07/Jul/2026:14:55:12 +0900] "GET /css/style.css HTTP/1.1" 200 7916
198.51.100.31 - - [07/Jul/2026:13:34:55 +0900] "PUT /products/detail HTTP/1.1" 200 5777
198.51.100.18 - - [07/Jul/2026:13:47:02 +0900] "GET /css/style.css HTTP/1.1" 200 3823
198.51.100.18 - - [07/Jul/2026:16:07:11 +0900] "GET /products/detail HTTP/1.1" 200 6955
203.0.113.52 - - [07/Jul/2026:14:57:03 +0900] "GET /products/detail HTTP/1.1" 200 4143
198.51.100.28 - - [07/Jul/2026:22:45:51 +0900] "GET /about HTTP/1.1" 200 5166
203.0.113.22 - - [07/Jul/2026:18:48:14 +0900] "PUT /js/app.js HTTP/1.1" 200 6934
203.0.113.59 - - [07/Jul/2026:22:09:23 +0900] "GET /js/app.js HTTP/1.1" 200 588
203.0.113.5 - - [07/Jul/2026:11:11:06 +0900] "GET /index.html HTTP/1.1" 200 9028
203.0.113.5 - - [07/Jul/2026:12:18:49 +0900] "GET /images/logo.png HTTP/1.1" 200 467
203.0.113.18 - - [07/Jul/2026:19:07:52 +0900] "GET /js/app.js HTTP/1.1" 200 2457
198.51.100.36 - - [07/Jul/2026:17:02:42 +0900] "GET /products/list HTTP/1.1" 200 3859
198.51.100.5 - - [07/Jul/2026:14:49:31 +0900] "POST /products/list HTTP/1.1" 200 3880
198.51.100.18 - - [07/Jul/2026:10:36:37 +0900] "PUT /products/list HTTP/1.1" 200 1834
198.51.100.37 - - [07/Jul/2026:13:26:29 +0900] "POST /api/orders HTTP/1.1" 200 5521
203.0.113.10 - - [07/Jul/2026:18:02:39 +0900] "GET /js/app.js HTTP/1.1" 200 1660
203.0.113.24 - - [07/Jul/2026:11:37:52 +0900] "GET /js/app.js HTTP/1.1" 200 3091
203.0.113.35 - - [07/Jul/2026:12:50:17 +0900] "GET /products/detail HTTP/1.1" 200 992
203.0.113.22 - - [07/Jul/2026:18:23:18 +0900] "PUT /js/app.js HTTP/1.1" 200 8846
203.0.113.55 - - [07/Jul/2026:17:12:05 +0900] "PUT /about HTTP/1.1" 200 3857
198.51.100.20 - - [07/Jul/2026:11:04:06 +0900] "GET /search HTTP/1.1" 404 904
203.0.113.46 - - [07/Jul/2026:12:45:05 +0900] "POST /api/orders HTTP/1.1" 200 9004
203.0.113.99 - - [07/Jul/2026:16:36:32 +0900] "GET /products/list HTTP/1.1" 200 2692
203.0.113.41 - - [07/Jul/2026:08:46:29 +0900] "GET /about HTTP/1.1" 200 4259
203.0.113.36 - - [07/Jul/2026:14:41:09 +0900] "GET /products/detail HTTP/1.1" 200 4908
