198.51.100.17 - - [07/Jul/2026:15:00:33 +0900] "GET /css/style.css HTTP/1.1" 200 1725
203.0.113.26 - - [07/Jul/2026:09:45:13 +0900] "GET /js/app.js HTTP/1.1" 200 8276
203.0.113.39 - - [07/Jul/2026:15:22:03 +0900] "POST /products/list HTTP/1.1" 200 3355
203.0.113.23 - - [07/Jul/2026:17:33:32 +0900] "GET /products/list HTTP/1.1" 200 5679
198.51.100.38 - - [07/Jul/2026:09:55:43 +0900] "GET /about HTTP/1.1" 200 8550
203.0.113.41 - - [07/Jul/2026:07:20:05 +0900] "GET /login HTTP/1.1" 404 8375
203.0.113.23 - - [07/Jul/2026:15:23:32 +0900] "DELETE /index.html HTTP/1.1" 200 4790
203.0.113.19 - - [07/Jul/2026:22:36:34 +0900] "GET /css/style.css HTTP/1.1" 200 3021
203.0.113.25 - - [07/Jul/2026:14:28:21 +0900] "POST /api/orders HTTP/1.1" 200 1250
198.51.100.38 - - [07/Jul/2026:15:41:03 +0900] "GET /index.html HTTP/1.1" 200 1905
203.0.113.16 - - [07/Jul/2026:17:14:16 +0900] "PUT /images/logo.png HTTP/1.1" 200 3262
198.51.100.25 - - [07/Jul/2026:12:36:28 +0900] "POST /api/orders HTTP/1.1" 200 6071
203.0.113.30 - - [07/Jul/2026:18:42:33 +0900] "DELETE /products/detail HTTP/1.1" 200 7179
198.51.100.36 - - [07/Jul/2026:04:24:22 +0900] "POST /api/orders HTTP/1.1" 200 5008
198.51.100.14 - - [07/Jul/2026:19:29:59 +0900] "GET /about HTTP/1.1" 200 4533
203.0.113.35 - - [07/Jul/2026:16:14:04 +0900] "POST /css/style.css HTTP/1.1" 200 6098
203.0.113.55 - - [07/Jul/2026:15:15:36 +0900] "GET /images/logo.png HTTP/1.1" 200 8798
203.0.113.45 - - [07/Jul/2026:09:55:28 +0900] "GET /products/detail HTTP/1.1" 200 1961
203.0.113.56 - - [07/Jul/2026:14:35:27 +0900] "GET /products/detail HTTP/1.1" 200 2415
198.51.100.10 - - [07/Jul/2026:14:37:46 +0900] "GET /products/list HTTP/1.1" 200 6051
198.51.100.28 - - [07/Jul/2026:18:06:33 +0900] "GET /old-page HTTP/1.1" 301 3618
203.0.113.59 - - [07/Jul/2026:15:51:58 +0900] "POST /images/logo.png HTTP/1.1" 200 6157
203.0.113.21 - - [07/Jul/2026:17:35:17 +0900] "GET /products/list HTTP/1.1" 200 7353
203.0.113.18 - - [07/Jul/2026:13:35:16 +0900] "GET /index.html HTTP/1.1" 200 7820
203.0.113.41 - - [07/Jul/2026:06:17:44 +0900] "GET /products/detail HTTP/1.1" 200 6746
203.0.113.20 - - [07/Jul/2026:15:48:08 +0900] "GET /old-page HTTP/1.1" 301 6122
198.51.100.2 - - [07/Jul/2026:16:18:41 +0900] "GET /js/app.js HTTP/1.1" 200 3049
203.0.113.18 - - [07/Jul/2026:14:31:12 +0900] "POST /api/orders HTTP/1.1" 200 3926
198.51.100.36 - - [07/Jul/2026:15:21:42 +0900] "GET /products/list HTTP/1.1" 200 8839
203.0.113.99 - - [07/Jul/2026:10:39:40 +0900] "GET /products/list HTTP/1.1" 200 1276
198.51.100.25 - - [07/Jul/2026:11:20:10 +0900] "GET /images/logo.png HTTP/1.1" 200 366
203.0.113.23 - - [07/Jul/2026:14:14:56 +0900] "GET /products/list HTTP/1.1" 200 4745
203.0.113.40 - - [07/Jul/2026:15:44:14 +0900] "GET /index.html HTTP/1.1" 200 6820
203.0.113.99 - - [07/Jul/2026:06:06:03 +0900] "GET /products/list HTTP/1.1" 200 2423
203.0.113.2 - - [07/Jul/2026:15:54:36 +0900] "GET /about HTTP/1.1" 200 8920
198.51.100.25 - - [07/Jul/2026:17:56:37 +0900] "GET /products/detail HTTP/1.1" 200 8884
198.51.100.24 - - [07/Jul/2026:11:52:39 +0900] "GET /css/style.css HTTP/1.1" 200 6127
203.0.113.53 - - [07/Jul/2026:02:41:42 +0900] "GET /about HTTP/1.1" 200 2079
203.0.113.26 - - [07/Jul/2026:10:14:53 +0900] "GET /products/list HTTP/1.1" 200 7724
203.0.113.24 - - [07/Jul/2026:08:06:17 +0900] "GET /images/logo.png HTTP/1.1" 200 2682
203.0.113.36 - - [07/Jul/2026:16:56:44 +0900] "GET /css/style.css HTTP/1.1" 200 4898
198.51.100.5 - - [07/Jul/2026:15:55:33 +0900] "DELETE /index.html HTTP/1.1" 200 1240
203.0.113.40 - - [07/Jul/2026:18:46:25 +0900] "GET /products/detail HTTP/1.1" 200 9157
203.0.113.20 - - [07/Jul/2026:08:29:49 +0900] "PUT /products/detail HTTP/1.1" 200 7456
203.0.113.51 - - [07/Jul/2026:10:47:41 +0900] "GET /products/list HTTP/1.1" 200 4104
198.51.100.14 - - [07/Jul/2026:18:40:38 +0900] "GET /images/logo.png HTTP/1.1" 200 3521
203.0.113.57 - - [07/Jul/2026:10:46:12 +0900] "GET /css/style.css HTTP/1.1" 200 7932
198.51.100.29 - - [07/Jul/2026:19:48:34 +0900] "POST /products/list HTTP/1.1" 200 7499
198.51.100.31 - - [07/Jul/2026:15:23:09 +0900] "GET /products/list HTTP/1.1" 200 7255
203.0.113.18 - - [07/Jul/2026:16:28:53 +0900] "GET /products/list HTTP/1.1" 200 3761
203.0.113.51 - - [07/Jul/2026:12:56:41 +0900] "GET /products/list HTTP/1.1" 200 8120
203.0.113.43 - - [07/Jul/2026:16:13:11 +0900] "GET /images/logo.png HTTP/1.1" 200 4423
203.0.113.38 - - [07/Jul/2026:19:29:57 +0900] "PUT /api/orders HTTP/1.1" 200 5081
203.0.113.28 - - [07/Jul/2026:15:42:06 +0900] "POST /api/payment HTTP/1.1" 500 6865
203.0.113.55 - - [07/Jul/2026:18:23:53 +0900] "GET /products/detail HTTP/1.1" 200 370
203.0.113.32 - - [07/Jul/2026:12:36:27 +0900] "GET /about HTTP/1.1" 200 7210
203.0.113.7 - - [07/Jul/2026:13:59:37 +0900] "GET /about HTTP/1.1" 200 436
203.0.113.14 - - [07/Jul/2026:16:12:44 +0900] "PUT /index.html HTTP/1.1" 200 7859
198.51.100.38 - - [07/Jul/2026:12:30:08 +0900] "DELETE /products/detail HTTP/1.1" 200 5679
203.0.113.99 - - [07/Jul/2026:12:02:37 +0900] "GET /products/list HTTP/1.1" 200 827
203.0.113.10 - - [07/Jul/2026:21:19:53 +0900] "POST /api/orders HTTP/1.1" 200 3050
203.0.113.44 - - [07/Jul/2026:15:06:59 +0900] "GET /api/orders HTTP/1.1" 200 8441
203.0.113.47 - - [07/Jul/2026:08:36:23 +0900] "POST /api/orders HTTP/1.1" 200 7933
203.0.113.99 - - [07/Jul/2026:19:48:59 +0900] "GET /products/list HTTP/1.1" 200 5290
203.0.113.48 - - [07/Jul/2026:16:20:26 +0900] "GET /js/app.js HTTP/1.1" 200 8963
198.51.100.30 - - [07/Jul/2026:14:21:12 +0900] "GET /js/app.js HTTP/1.1" 200 2438
198.51.100.27 - - [07/Jul/2026:21:39:18 +0900] "GET /old-page HTTP/1.1" 301 4657
203.0.113.45 - - [07/Jul/2026:19:09:12 +0900] "GET /js/app.js HTTP/1.1" 200 2527
198.51.100.17 - - [07/Jul/2026:15:12:49 +0900] "GET /products/detail HTTP/1.1" 200 2609
203.0.113.99 - - [07/Jul/2026:20:13:57 +0900] "GET /products/list HTTP/1.1" 200 734
203.0.113.56 - - [07/Jul/2026:11:28:08 +0900] "GET /products/list HTTP/1.1" 200 9196
### LOG ROTATED ###
203.0.113.48 - - [07/Jul/2026:14:58:52 +0900] "GET /products/detail HTTP/1.1" 200 7642
203.0.113.49 - - [07/Jul/2026:14:39:20 +0900] "POST /api/orders HTTP/1.1" 200 879
203.0.113.56 - - [07/Jul/2026:14:46:34 +0900] "GET /css/style.css HTTP/1.1" 200 5851
198.51.100.30 - - [07/Jul/2026:13:05:16 +0900] "GET /css/style.css HTTP/1.1" 200 4593
203.0.113.55 - - [07/Jul/2026:13:43:07 +0900] "PUT /index.html HTTP/1.1" 200 7955
203.0.113.56 - - [07/Jul/2026:15:33:30 +0900] "POST /js/app.js HTTP/1.1" 200 5093
203.0.113.2 - - [07/Jul/2026:16:33:07 +0900] "GET /products/list HTTP/1.1" 200 7829
198.51.100.15 - - [07/Jul/2026:10:23:32 +0900] "GET /products/list HTTP/1.1" 200 7546
203.0.113.99 - - [07/Jul/2026:19:10:59 +0900] "DELETE /products/list HTTP/1.1" 200 8265
203.0.113.59 - - [07/Jul/2026:13:58:35 +0900] "POST /api/orders HTTP/1.1" 200 4230
198.51.100.21 - - [07/Jul/2026:11:50:37 +0900] "POST /api/orders HTTP/1.1" 200 7932
198.51.100.19 - - [07/Jul/2026:12:42:06 +0900] "GET /about HTTP/1.1" 200 1938
198.51.100.9 - - [07/Jul/2026:19:03:08 +0900] "POST /api/orders HTTP/1.1" 200 8378
203.0.113.10 - - [07/Jul/2026:14:15:14 +0900] "PUT /css/style.css HTTP/1.1" 200 3788
203.0.113.2 - - [07/Jul/2026:20:59:33 +0900] "GET /products/list HTTP/1.1" 200 5218
203.0.113.51 - - [07/Jul/2026:17:41:45 +0900] "POST /products/list HTTP/1.1" 200 3273
198.51.100.18 - - [07/Jul/2026:12:31:22 +0900] "DELETE /api/orders HTTP/1.1" 200 2973
203.0.113.19 - - [07/Jul/2026:14:14:40 +0900] "GET /search HTTP/1.1" 404 618
203.0.113.13 - - [07/Jul/2026:21:48:57 +0900] "GET /products/list HTTP/1.1" 200 1720
198.51.100.6 - - [07/Jul/2026:15:28:44 +0900] "GET /products/detail HTTP/1.1" 200 8466
203.0.113.17 - - [07/Jul/2026:18:21:17 +0900] "GET /about HTTP/1.1" 200 6514
198.51.100.21 - - [07/Jul/2026:13:31:20 +0900] "GET /images/logo.png HTTP/1.1" 200 2603
203.0.113.99 - - [07/Jul/2026:23:00:30 +0900] "GET /products/list HTTP/1.1" 200 715
203.0.113.99 - - [07/Jul/2026:19:52:31 +0900] "GET /products/list HTTP/1.1" 200 4559
198.51.100.33 - - [07/Jul/2026:07:49:24 +0900] "GET /products/detail HTTP/1.1" 200 7355
203.0.113.25 - - [07/Jul/2026:15:49:22 +0900] "GET /js/app.js HTTP/1.1" 200 8952
198.51.100.15 - - [07/Jul/2026:16:36:05 +0900] "PUT /products/list HTTP/1.1" 200 7855
198.51.100.8 - - [07/Jul/2026:13:45:14 +0900] "GET /images/logo.png HTTP/1.1" 200 6685
203.0.113.26 - - [07/Jul/2026:13:40:33 +0900] "GET /api/orders HTTP/1.1" 200 7867
203.0.113.31 - - [07/Jul/2026:16:34:54 +0900] "GET /images/logo.png HTTP/1.1" 200 6828
203.0.113.41 - - [07/Jul/2026:16:47:08 +0900] "GET /search HTTP/1.1" 404 2480
203.0.113.30 - - [07/Jul/2026:09:31:32 +0900] "GET /js/app.js HTTP/1.1" 200 531
203.0.113.55 - - [07/Jul/2026:11:45:03 +0900] "POST /api/orders HTTP/1.1" 200 3140
198.51.100.10 - - [07/Jul/2026:11:25:43 +0900] "GET /products/list HTTP/1.1" 200 1841
198.51.100.23 - - [07/Jul/2026:12:19:43 +0900] "POST /products/detail HTTP/1.1" 200 4798
198.51.100.28 - - [07/Jul/2026:14:25:33 +0900] "GET /images/logo.png HTTP/1.1" 200 1923
203.0.113.7 - - [07/Jul/2026:22:15:58 +0900] "GET /js/app.js HTTP/1.1" 200 5548
203.0.113.52 - - [07/Jul/2026:12:06:03 +0900] "GET /products/detail HTTP/1.1" 200 6091
203.0.113.37 - - [07/Jul/2026:11:11:38 +0900] "GET /about HTTP/1.1" 200 997
198.51.100.9 - - [07/Jul/2026:15:01:40 +0900] "GET /js/app.js HTTP/1.1" 200 205
198.51.100.3 - - [07/Jul/2026:12:09:43 +0900] "GET /css/style.css HTTP/1.1" 200 2487
203.0.113.14 - - [07/Jul/2026:17:58:07 +0900] "GET /index.html HTTP/1.1" 200 8308
198.51.100.28 - - [07/Jul/2026:00:05:18 +0900] "GET /products/list HTTP/1.1" 200 3570
198.51.100.33 - - [07/Jul/2026:10:08:47 +0900] "GET /index.html HTTP/1.1" 200 8774
198.51.100.4 - - [07/Jul/2026:15:31:05 +0900] "GET /products/list HTTP/1.1" 200 5583
198.51.100.26 - - [07/Jul/2026:09:07:31 +0900] "PUT /index.html HTTP/1.1" 200 8036
198.51.100.16 - - [07/Jul/2026:14:23:04 +0900] "PUT /css/style.css HTTP/1.1" 200 8972
198.51.100.23 - - [07/Jul/2026:15:05:12 +0900] "GET /css/style.css HTTP/1.1" 200 8415
203.0.113.9 - - [07/Jul/2026:17:28:25 +0900] "GET /api/orders HTTP/1.1" 200 9137
203.0.113.3 - - [07/Jul/2026:20:28:09 +0900] "GET /products/list HTTP/1.1" 200 5722
203.0.113.21 - - [07/Jul/2026:12:02:34 +0900] "GET /css/style.css HTTP/1.1" 200 693
203.0.113.27 - - [07/Jul/2026:06:12:02 +0900] "POST /js/app.js HTTP/1.1" 200 6704
203.0.113.19 - - [07/Jul/2026:19:30:44 +0900] "GET /index.html HTTP/1.1" 200 491
198.51.100.17 - - [07/Jul/2026:13:26:52 +0900] "GET /products/list HTTP/1.1" 200 7812
203.0.113.59 - - [07/Jul/2026:16:31:11 +0900] "PUT /js/app.js HTTP/1.1" 200 5609
203.0.113.27 - - [07/Jul/2026:17:53:33 +0900] "GET /products/detail HTTP/1.1" 200 9160
198.51.100.8 - - [07/Jul/2026:09:58:50 +0900] "PUT /products/list HTTP/1.1" 200 3912
198.51.100.25 - - [07/Jul/2026:15:04:22 +0900] "GET /index.html HTTP/1.1" 200 4678
198.51.100.36 - - [07/Jul/2026:12:35:34 +0900] "GET /products/detail HTTP/1.1" 200 5401
203.0.113.12 - - [07/Jul/2026:06:23:09 +0900] "GET /old-page HTTP/1.1" 301 2632
198.51.100.35 - - [07/Jul/2026:11:23:38 +0900] "GET /about HTTP/1.1" 200 2036
203.0.113.52 - - [07/Jul/2026:16:59:47 +0900] "GET /old-page HTTP/1.1" 301 8236
203.0.113.36 - - [07/Jul/2026:10:47:56 +0900] "GET /about HTTP/1.1" 200 421
198.51.100.39 - - [07/Jul/2026:13:11:59 +0900] "POST /images/logo.png HTTP/1.1" 200 3373
203.0.113.22 - - [07/Jul/2026:12:24:03 +0900] "GET /css/style.css HTTP/1.1" 200 3868
198.51.100.25 - - [07/Jul/2026:12:11:20 +0900] "GET /login HTTP/1.1" 403 2775
198.51.100.34 - - [07/Jul/2026:07:14:05 +0900] "GET /index.html HTTP/1.1" 200 1478
198.51.100.34 - - [07/Jul/2026:17:58:40 +0900] "GET /css/style.css HTTP/1.1" 200 4999
203.0.113.43 - - [07/Jul/2026:16:19:59 +0900] "GET /products/list HTTP/1.1" 200 8064
203.0.113.31 - - [07/Jul/2026:12:47:12 +0900] "GET /images/logo.png HTTP/1.1" 200 7797
198.51.100.31 - - [07/Jul/2026:12:00:31 +0900] "PUT /js/app.js HTTP/1.1" 200 2844
203.0.113.30 - - [07/Jul/2026:12:19:13 +0900] "DELETE /products/list HTTP/1.1" 200 3406
198.51.100.2 - - [07/Jul/2026:09:23:40 +0900] "PUT /js/app.js HTTP/1.1" 200 8997
203.0.113.18 - - [07/Jul/2026:14:59:15 +0900] "GET /js/app.js HTTP/1.1" 200 4274
203.0.113.30 - - [07/Jul/2026:14:04:09 +0900] "POST /about HTTP/1.1" 200 6172
198.51.100.37 - - [07/Jul/2026:10:40:24 +0900] "GET /products/detail HTTP/1.1" 200 3964
203.0.113.45 - - [07/Jul/2026:13:57:25 +0900] "DELETE /api/orders HTTP/1.1" 200 1630
203.0.113.35 - - [07/Jul/2026:14:22:19 +0900] "POST /api/orders HTTP/1.1" 200 7872
203.0.113.5 - - [07/Jul/2026:21:17:53 +0900] "PUT /products/detail HTTP/1.1" 200 6562
203.0.113.99 - - [07/Jul/2026:22:47:14 +0900] "DELETE /products/list HTTP/1.1" 200 8279
203.0.113.53 - - [07/Jul/2026:18:17:03 +0900] "GET /about HTTP/1.1" 200 7847
203.0.113.18 - - [07/Jul/2026:15:09:13 +0900] "GET /css/style.css HTTP/1.1" 200 8493
203.0.113.53 - - [07/Jul/2026:13:43:48 +0900] "GET /js/app.js HTTP/1.1" 200 560
203.0.113.57 - - [07/Jul/2026:13:18:07 +0900] "POST /js/app.js HTTP/1.1" 200 5461
203.0.113.14 - - [07/Jul/2026:15:50:41 +0900] "GET /css/style.css HTTP/1.1" 200 7091
203.0.113.32 - - [07/Jul/2026:10:44:35 +0900] "PUT /images/logo.png HTTP/1.1" 200 1945
203.0.113.35 - - [07/Jul/2026:18:27:08 +0900] "GET /images/logo.png HTTP/1.1" 200 6743
203.0.113.43 - - [07/Jul/2026:13:15:13 +0900] "DELETE /images/logo.png HTTP/1.1" 200 7981
203.0.113.31 - - [07/Jul/2026:13:52:50 +0900] "GET /about HTTP/1.1" 200 4744
203.0.113.44 - - [07/Jul/2026:15:15:33 +0900] "POST /api/orders HTTP/1.1" 200 820
203.0.113.14 - - [07/Jul/2026:22:55:21 +0900] "GET /images/banner.png HTTP/1.1" 404 600
203.0.113.25 - - [07/Jul/2026:19:05:31 +0900] "GET /products/detail HTTP/1.1" 200 8216
203.0.113.43 - - [07/Jul/2026:11:06:22 +0900] "GET /images/logo.png HTTP/1.1" 200 6556
203.0.113.25 - - [07/Jul/2026:11:41:02 +0900] "GET /images/logo.png HTTP/1.1" 200 3914
198.51.100.38 - - [07/Jul/2026:12:32:31 +0900] "GET /js/app.js HTTP/1.1" 200 2553
203.0.113.46 - - [07/Jul/2026:13:22:26 +0900] "PUT /api/payment HTTP/1.1" 500 1571
198.51.100.27 - - [07/Jul/2026:11:22:38 +0900] "GET /api/payment HTTP/1.1" 502 2569
198.51.100.26 - - [07/Jul/2026:10:18:15 +0900] "DELETE /old-page HTTP/1.1" 301 5174
203.0.113.25 - - [07/Jul/2026:09:58:05 +0900] "GET /index.html HTTP/1.1" 200 351
198.51.100.30 - - [07/Jul/2026:11:39:19 +0900] "DELETE /css/style.css HTTP/1.1" 200 5434
203.0.113.46 - - [07/Jul/2026:18:49:17 +0900] "GET /images/logo.png HTTP/1.1" 200 2069
203.0.113.43 - - [07/Jul/2026:16:58:51 +0900] "GET /api/payment HTTP/1.1" 503 8802
203.0.113.15 - - [07/Jul/2026:15:44:34 +0900] "GET /images/logo.png HTTP/1.1" 200 3341
203.0.113.37 - - [07/Jul/2026:13:37:05 +0900] "GET /products/list HTTP/1.1" 200 3125
198.51.100.24 - - [07/Jul/2026:06:25:52 +0900] "GET /index.html HTTP/1.1" 200 3141
203.0.113.15 - - [07/Jul/2026:15:08:32 +0900] "GET /products/list HTTP/1.1" 200 1342
198.51.100.25 - - [07/Jul/2026:16:13:09 +0900] "GET /css/style.css HTTP/1.1" 200 796
203.0.113.21 - - [07/Jul/2026:15:51:12 +0900] "GET /products/detail HTTP/1.1" 200 5360
203.0.113.48 - - [07/Jul/2026:09:08:31 +0900] "GET /index.html HTTP/1.1" 200 5555
203.0.113.25 - - [07/Jul/2026:10:13:58 +0900] "GET /products/detail HTTP/1.1" 200 4206
203.0.113.53 - - [07/Jul/2026:10:55:11 +0900] "GET /images/logo.png HTTP/1.1" 200 3002
198.51.100.2 - - [07/Jul/2026:16:02:12 +0900] "GET /css/style.css HTTP/1.1" 200 6555
203.0.113.18 - - [07/Jul/2026:22:12:21 +0900] "GET /login HTTP/1.1" 404 2000
198.51.100.30 - - [07/Jul/2026:19:28:24 +0900] "GET /index.html HTTP/1.1" 200 8884
198.51.100.30 - - [07/Jul/2026:18:39:11 +0900] "DELETE /products/list HTTP/1.1" 200 2374
203.0.113.51 - - [07/Jul/2026:16:27:23 +0900] "GET /images/logo.png HTTP/1.1" 200 7480
203.0.113.16 - - [07/Jul/2026:15:07:14 +0900] "POST /api/payment HTTP/1.1" 502 8898
203.0.113.8 - - [07/Jul/2026:15:12:23 +0900] "GET /products/list HTTP/1.1" 200 7293
203.0.113.99 - - [07/Jul/2026:12:24:50 +0900] "GET /products/list HTTP/1.1" 200 1876
198.51.100.36 - - [07/Jul/2026:12:14:07 +0900] "GET /products/detail HTTP/1.1" 200 3725
203.0.113.18 - - [07/Jul/2026:10:45:29 +0900] "GET /products/list HTTP/1.1" 200 7641
203.0.113.21 - - [07/Jul/2026:12:30:32 +0900] "GET /images/logo.png HTTP/1.1" 200 8446
198.51.100.5 - - [07/Jul/2026:16:21:56 +0900] "GET /js/app.js HTTP/1.1" 200 1963
198.51.100.23 - - [07/Jul/2026:16:35:30 +0900] "GET /index.html HTTP/1.1" 200 8811
198.51.100.26 - - [07/Jul/2026:15:05:32 +0900] "GET /products/detail HTTP/1.1" 200 5711
198.51.100.17 - - [07/Jul/2026:12:37:47 +0900] "POST /index.html HTTP/1.1" 200 638
203.0.113.99 - - [07/Jul/2026:18:07:38 +0900] "GET /products/list HTTP/1.1" 200 6448
203.0.113.44 - - [07/Jul/2026:17:58:23 +0900] "GET /css/style.css HTTP/1.1" 200 771
203.0.113.2 - - [07/Jul/2026:18:05:00 +0900] "GET /js/app.js HTTP/1.1" 200 7978
198.51.100.26 - - [07/Jul/2026:14:03:22 +0900] "GET /images/logo.png HTTP/1.1" 200 6868
203.0.113.99 - - [07/Jul/2026:15:25:27 +0900] "GET /products/list HTTP/1.1" 200 4873
203.0.113.51 - - [07/Jul/2026:13:50:07 +0900] "POST /index.html HTTP/1.1" 200 6323
203.0.113.7 - - [07/Jul/2026:06:23:57 +0900] "DELETE /css/style.css HTTP/1.1" 200 1864
203.0.113.99 - - [07/Jul/2026:13:12:47 +0900] "GET /products/list HTTP/1.1" 200 2280
203.0.113.34 - - [07/Jul/2026:14:44:37 +0900] "POST /api/payment HTTP/1.1" 503 3599
198.51.100.30 - - [07/Jul/2026:21:24:38 +0900] "GET /products/list HTTP/1.1" 200 8698
198.51.100.17 - - [07/Jul/2026:17:20:43 +0900] "GET /about HTTP/1.1" 200 5886
198.51.100.12 - - [07/Jul/2026:13:42:27 +0900] "GET /api/payment HTTP/1.1" 503 5688
203.0.113.99 - - [07/Jul/2026:13:52:56 +0900] "GET /products/list HTTP/1.1" 200 7174
203.0.113.99 - - [07/Jul/2026:16:40:04 +0900] "GET /products/list HTTP/1.1" 200 2728
203.0.113.99 - - [07/Jul/2026:13:32:35 +0900] "GET /products/list HTTP/1.1" 200 843
203.0.113.26 - - [07/Jul/2026:16:12:09 +0900] "GET /images/banner.png HTTP/1.1" 404 6808
203.0.113.26 - - [07/Jul/2026:11:38:32 +0900] "GET /index.html HTTP/1.1" 200 8288
203.0.113.2 - - [07/Jul/2026:14:14:40 +0900] "POST /api/orders HTTP/1.1" 200 4648
198.51.100.18 - - [07/Jul/2026:17:26:43 +0900] "GET /js/app.js HTTP/1.1" 200 5322
198.51.100.26 - - [07/Jul/2026:12:52:56 +0900] "GET /about HTTP/1.1" 200 2058
203.0.113.14 - - [07/Jul/2026:12:00:48 +0900] "PUT /css/style.css HTTP/1.1" 200 3457
203.0.113.20 - - [07/Jul/2026:03:13:37 +0900] "GET /about HTTP/1.1" 200 5083
198.51.100.2 - - [07/Jul/2026:12:07:54 +0900] "GET /index.html HTTP/1.1" 200 5644
198.51.100.31 - - [07/Jul/2026:12:23:53 +0900] "GET /js/app.js HTTP/1.1" 200 584
203.0.113.28 - - [07/Jul/2026:13:45:13 +0900] "PUT /products/list HTTP/1.1" 200 1847
198.51.100.22 - - [07/Jul/2026:13:57:41 +0900] "DELETE /index.html HTTP/1.1" 200 5438
198.51.100.19 - - [07/Jul/2026:15:12:04 +0900] "GET /js/app.js HTTP/1.1" 200 4487
198.51.100.9 - - [07/Jul/2026:09:50:42 +0900] "GET /js/app.js HTTP/1.1" 200 1265
198.51.100.39 - - [07/Jul/2026:13:23:42 +0900] "GET /products/detail HTTP/1.1" 200 1802
203.0.113.4 - - [07/Jul/2026:12:47:59 +0900] "GET /about HTTP/1.1" 200 8148
198.51.100.3 - - [07/Jul/2026:14:16:30 +0900] "GET /products/detail HTTP/1.1" 200 8771
198.51.100.11 - - [07/Jul/2026:11:56:51 +0900] "GET /index.html HTTP/1.1" 200 6063
203.0.113.45 - - [07/Jul/2026:16:47:51 +0900] "PUT /products/detail HTTP/1.1" 200 7729
198.51.100.25 - - [07/Jul/2026:19:39:14 +0900] "GET /products/detail HTTP/1.1" 200 1454
198.51.100.12 - - [07/Jul/2026:09:11:27 +0900] "GET /products/list HTTP/1.1" 200 293
203.0.113.46 - - [07/Jul/2026:16:57:46 +0900] "GET /products/detail HTTP/1.1" 200 3194
198.51.100.18 - - [07/Jul/2026:17:25:25 +0900] "DELETE /old-page HTTP/1.1" 301 8579
198.51.100.29 - - [07/Jul/2026:15:21:50 +0900] "GET /products/detail HTTP/1.1" 200 1509
203.0.113.39 - - [07/Jul/2026:07:33:57 +0900] "POST /api/orders HTTP/1.1" 200 5949
203.0.113.42 - - [07/Jul/2026:11:58:46 +0900] "GET /images/logo.png HTTP/1.1" 200 8405
203.0.113.40 - - [07/Jul/2026:16:39:58 +0900] "GET /images/logo.png HTTP/1.1" 200 9080
203.0.113.22 - - [07/Jul/2026:07:36:37 +0900] "GET /products/detail HTTP/1.1" 200 2905
203.0.113.19 - - [07/Jul/2026:12:10:59 +0900] "GET /images/logo.png HTTP/1.1" 200 6951
203.0.113.5 - - [07/Jul/2026:17:24:35 +0900] "GET /about HTTP/1.1" 200 5531
198.51.100.35 - - [07/Jul/2026:11:36:56 +0900] "DELETE /about HTTP/1.1" 200 7697
203.0.113.14 - - [07/Jul/2026:15:50:02 +0900] "PUT /about HTTP/1.1" 200 8700
203.0.113.99 - - [07/Jul/2026:08:37:56 +0900] "GET /products/list HTTP/1.1" 200 2599
198.51.100.10 - - [07/Jul/2026:10:20:54 +0900] "POST /api/orders HTTP/1.1" 200 8541
203.0.113.99 - - [07/Jul/2026:09:28:08 +0900] "GET /products/list HTTP/1.1" 200 1383
198.51.100.8 - - [07/Jul/2026:16:57:01 +0900] "PUT /about HTTP/1.1" 200 3665
203.0.113.55 - - [07/Jul/2026:13:58:17 +0900] "GET /products/detail HTTP/1.1" 200 3227
203.0.113.17 - - [07/Jul/2026:16:03:42 +0900] "GET /js/app.js HTTP/1.1" 200 5013
198.51.100.21 - - [07/Jul/2026:18:47:20 +0900] "DELETE /index.html HTTP/1.1" 200 4595
203.0.113.99 - - [07/Jul/2026:17:17:34 +0900] "POST /products/list HTTP/1.1" 200 7008
203.0.113.55 - - [07/Jul/2026:19:20:47 +0900] "POST /images/logo.png HTTP/1.1" 200 8401
203.0.113.37 - - [07/Jul/2026:17:39:26 +0900] "GET /login HTTP/1.1" 404 4048
203.0.113.10 - - [07/Jul/2026:07:22:44 +0900] "GET /products/list HTTP/1.1" 200 699
203.0.113.3 - - [07/Jul/2026:17:08:07 +0900] "GET /images/banner.png HTTP/1.1" 404 3426
198.51.100.37 - - [07/Jul/2026:16:48:56 +0900] "GET /images/logo.png HTTP/1.1" 200 4587
203.0.113.14 - - [07/Jul/2026:11:05:34 +0900] "POST /api/orders HTTP/1.1" 200 4680
203.0.113.3 - - [07/Jul/2026:06:03:52 +0900] "GET /about HTTP/1.1" 200 2968
203.0.113.40 - - [07/Jul/2026:13:42:41 +0900] "GET /products/list HTTP/1.1" 200 7688
198.51.100.22 - - [07/Jul/2026:15:54:27 +0900] "GET /images/logo.png HTTP/1.1" 200 4555
203.0.113.42 - - [07/Jul/2026:13:47:17 +0900] "GET /about HTTP/1.1" 200 5962
203.0.113.26 - - [07/Jul/2026:09:33:37 +0900] "GET /products/list HTTP/1.1" 200 7154
203.0.113.17 - - [07/Jul/2026:17:54:49 +0900] "GET /js/app.js HTTP/1.1" 200 216
203.0.113.11 - - [07/Jul/2026:14:01:26 +0900] "DELETE /css/style.css HTTP/1.1" 200 7059
198.51.100.4 - - [07/Jul/2026:11:26:30 +0900] "GET /about HTTP/1.1" 200 6555
203.0.113.38 - - [07/Jul/2026:15:22:49 +0900] "GET /old-page HTTP/1.1" 301 2280
198.51.100.7 - - [07/Jul/2026:17:11:54 +0900] "GET /css/style.css HTTP/1.1" 200 5190
203.0.113.52 - - [07/Jul/2026:13:29:32 +0900] "GET /index.html HTTP/1.1" 200 6282
198.51.100.9 - - [07/Jul/2026:15:25:31 +0900] "GET /products/list HTTP/1.1" 200 4287
203.0.113.31 - - [07/Jul/2026:15:10:47 +0900] "POST /api/orders HTTP/1.1" 200 6296
203.0.113.32 - - [07/Jul/2026:11:38:37 +0900] "GET /about HTTP/1.1" 200 4592
203.0.113.8 - - [07/Jul/2026:18:02:07 +0900] "PUT /images/logo.png HTTP/1.1" 200 6398
203.0.113.12 - - [07/Jul/2026:14:33:12 +0900] "GET /css/style.css HTTP/1.1" 200 8221
203.0.113.17 - - [07/Jul/2026:12:35:22 +0900] "PUT /products/list HTTP/1.1" 200 7765
198.51.100.18 - - [07/Jul/2026:16:31:15 +0900] "GET /js/app.js HTTP/1.1" 200 8173
203.0.113.40 - - [07/Jul/2026:12:23:11 +0900] "GET /login HTTP/1.1" 404 1073
203.0.113.29 - - [07/Jul/2026:18:31:55 +0900] "GET /js/app.js HTTP/1.1" 200 7194
203.0.113.33 - - [07/Jul/2026:08:04:27 +0900] "GET /about HTTP/1.1" 200 8810
203.0.113.37 - - [07/Jul/2026:12:08:15 +0900] "GET /js/app.js HTTP/1.1" 200 5122
203.0.113.99 - - [07/Jul/2026:11:21:43 +0900] "DELETE /products/list HTTP/1.1" 200 8453
203.0.113.10 - - [07/Jul/2026:15:53:37 +0900] "POST /api/orders HTTP/1.1" 200 3793
203.0.113.37 - - [07/Jul/2026:17:42:08 +0900] "GET /images/logo.png HTTP/1.1" 200 3806
203.0.113.49 - - [07/Jul/2026:09:39:57 +0900] "GET /index.html HTTP/1.1" 200 3981
??? ??? ???

198.51.100.22 - - [07/Jul/2026:15:45:31 +0900] "GET /js/app.js HTTP/1.1" 200 7041
198.51.100.35 - - [07/Jul/2026:12:44:41 +0900] "GET /products/list HTTP/1.1" 200 2050
203.0.113.99 - - [07/Jul/2026:09:42:39 +0900] "GET /products/list HTTP/1.1" 200 1544
203.0.113.5 - - [07/Jul/2026:11:01:26 +0900] "DELETE /css/style.css HTTP/1.1" 200 1215
198.51.100.18 - - [07/Jul/2026:16:35:58 +0900] "GET /js/app.js HTTP/1.1" 200 3367
203.0.113.99 - - [07/Jul/2026:15:05:02 +0900] "GET /products/list HTTP/1.1" 200 5255
198.51.100.17 - - [07/Jul/2026:13:24:20 +0900] "GET /css/style.css HTTP/1.1" 200 8318
198.51.100.27 - - [07/Jul/2026:19:08:45 +0900] "GET /images/logo.png HTTP/1.1" 200 5951
203.0.113.19 - - [07/Jul/2026:13:14:14 +0900] "GET /images/logo.png HTTP/1.1" 200 9178
203.0.113.56 - - [07/Jul/2026:07:53:21 +0900] "GET /about HTTP/1.1" 200 4922
198.51.100.36 - - [07/Jul/2026:13:09:38 +0900] "POST /about HTTP/1.1" 200 1470
203.0.113.15 - - [07/Jul/2026:13:44:37 +0900] "GET /products/detail HTTP/1.1" 200 6139
203.0.113.53 - - [07/Jul/2026:23:30:37 +0900] "POST /about HTTP/1.1" 200 782
203.0.113.99 - - [07/Jul/2026:14:35:18 +0900] "GET /products/list HTTP/1.1" 200 4027
203.0.113.4 - - [07/Jul/2026:16:42:25 +0900] "DELETE /index.html HTTP/1.1" 200 6978
203.0.113.41 - - [07/Jul/2026:15:57:07 +0900] "PUT /css/style.css HTTP/1.1" 200 1480
203.0.113.36 - - [07/Jul/2026:03:30:09 +0900] "GET /old-page HTTP/1.1" 301 2773
198.51.100.5 - - [07/Jul/2026:00:44:52 +0900] "GET /images/logo.png HTTP/1.1" 200 5141
203.0.113.34 - - [07/Jul/2026:21:05:38 +0900] "DELETE /images/logo.png HTTP/1.1" 200 7824
198.51.100.28 - - [07/Jul/2026:14:15:11 +0900] "POST /api/orders HTTP/1.1" 200 7764
203.0.113.58 - - [07/Jul/2026:14:16:34 +0900] "GET /images/logo.png HTTP/1.1" 200 3232
203.0.113.57 - - [07/Jul/2026:16:25:24 +0900] "POST /api/orders HTTP/1.1" 200 6481
198.51.100.17 - - [07/Jul/2026:10:29:54 +0900] "GET /old-page HTTP/1.1" 301 7778
203.0.113.4 - - [07/Jul/2026:15:27:20 +0900] "DELETE /index.html HTTP/1.1" 200 1216
198.51.100.12 - - [07/Jul/2026:19:38:02 +0900] "PUT /api/orders HTTP/1.1" 200 9015
203.0.113.33 - - [07/Jul/2026:16:39:15 +0900] "GET /index.html HTTP/1.1" 200 8551
203.0.113.48 - - [07/Jul/2026:17:39:56 +0900] "DELETE /index.html HTTP/1.1" 200 3913
203.0.113.99 - - [07/Jul/2026:15:45:07 +0900] "GET /products/list HTTP/1.1" 200 6952
203.0.113.42 - - [07/Jul/2026:11:21:04 +0900] "GET /css/style.css HTTP/1.1" 200 2053
198.51.100.25 - - [07/Jul/2026:09:10:40 +0900] "POST /products/detail HTTP/1.1" 200 7127
198.51.100.22 - - [07/Jul/2026:16:57:11 +0900] "GET /index.html HTTP/1.1" 200 4880
198.51.100.18 - - [07/Jul/2026:17:53:56 +0900] "GET /images/logo.png HTTP/1.1" 200 917
198.51.100.11 - - [07/Jul/2026:15:48:39 +0900] "GET /products/list HTTP/1.1" 200 1584
203.0.113.29 - - [07/Jul/2026:16:46:57 +0900] "GET /products/list HTTP/1.1" 200 1433
203.0.113.56 - - [07/Jul/2026:14:33:22 +0900] "GET /images/logo.png HTTP/1.1" 200 4618
203.0.113.9 - - [07/Jul/2026:20:43:10 +0900] "GET /index.html HTTP/1.1" 200 5062
203.0.113.48 - - [07/Jul/2026:18:07:24 +0900] "GET /images/logo.png HTTP/1.1" 200 1277
198.51.100.13 - - [07/Jul/2026:19:21:28 +0900] "GET /css/style.css HTTP/1.1" 200 5242
198.51.100.25 - - [07/Jul/2026:14:44:08 +0900] "PUT /index.html HTTP/1.1" 200 4838
198.51.100.20 - - [07/Jul/2026:09:28:10 +0900] "GET /index.html HTTP/1.1" 200 472
203.0.113.19 - - [07/Jul/2026:15:02:59 +0900] "PUT /images/logo.png HTTP/1.1" 200 6584
198.51.100.37 - - [07/Jul/2026:12:45:28 +0900] "POST /api/payment HTTP/1.1" 500 5781
198.51.100.35 - - [07/Jul/2026:12:04:16 +0900] "POST /api/orders HTTP/1.1" 200 6080
198.51.100.12 - - [07/Jul/2026:17:23:44 +0900] "GET /products/list HTTP/1.1" 200 5996
198.51.100.6 - - [07/Jul/2026:12:33:51 +0900] "POST /about HTTP/1.1" 200 7825
203.0.113.99 - - [07/Jul/2026:15:37:16 +0900] "GET /products/list HTTP/1.1" 200 4527
203.0.113.16 - - [07/Jul/2026:13:50:56 +0900] "POST /api/orders HTTP/1.1" 200 6280
203.0.113.99 - - [07/Jul/2026:12:03:08 +0900] "GET /products/list HTTP/1.1" 200 1725
203.0.113.99 - - [07/Jul/2026:17:49:51 +0900] "GET /products/list HTTP/1.1" 200 3659
198.51.100.4 - - [07/Jul/2026:13:27:43 +0900] "GET /about HTTP/1.1" 200 8828
203.0.113.38 - - [07/Jul/2026:20:11:41 +0900] "DELETE /api/payment HTTP/1.1" 500 3257
203.0.113.99 - - [07/Jul/2026:12:21:44 +0900] "GET /products/list HTTP/1.1" 200 4099
203.0.113.9 - - [07/Jul/2026:23:49:24 +0900] "GET /about HTTP/1.1" 200 3676
198.51.100.18 - - [07/Jul/2026:13:42:09 +0900] "DELETE /about HTTP/1.1" 200 966
203.0.113.10 - - [07/Jul/2026:17:33:31 +0900] "GET /products/list HTTP/1.1" 200 2102
203.0.113.41 - - [07/Jul/2026:14:01:23 +0900] "POST /api/orders HTTP/1.1" 200 2433
198.51.100.2 - - [07/Jul/2026:14:10:49 +0900] "POST /api/orders HTTP/1.1" 200 2034
198.51.100.38 - - [07/Jul/2026:18:07:46 +0900] "GET /css/style.css HTTP/1.1" 200 2513
203.0.113.37 - - [07/Jul/2026:12:10:50 +0900] "GET /css/style.css HTTP/1.1" 200 868
203.0.113.36 - - [07/Jul/2026:18:09:03 +0900] "POST /api/orders HTTP/1.1" 200 4277
203.0.113.28 - - [07/Jul/2026:16:03:44 +0900] "POST /api/orders HTTP/1.1" 200 2715
198.51.100.29 - - [07/Jul/2026:12:52:45 +0900] "PUT /js/app.js HTTP/1.1" 200 3505
198.51.100.15 - - [07/Jul/2026:11:15:17 +0900] "GET /js/app.js HTTP/1.1" 200 3576
203.0.113.34 - - [07/Jul/2026:08:45:16 +0900] "POST /images/banner.png HTTP/1.1" 404 912
198.51.100.31 - - [07/Jul/2026:15:13:50 +0900] "POST /index.html HTTP/1.1" 200 6143
198.51.100.8 - - [07/Jul/2026:13:19:15 +0900] "GET /js/app.js HTTP/1.1" 200 662
203.0.113.23 - - [07/Jul/2026:15:46:40 +0900] "GET /images/logo.png HTTP/1.1" 200 4511
203.0.113.34 - - [07/Jul/2026:10:19:15 +0900] "GET /about HTTP/1.1" 200 7537
203.0.113.3 - - [07/Jul/2026:15:55:57 +0900] "DELETE /images/logo.png HTTP/1.1" 200 1821
203.0.113.53 - - [07/Jul/2026:12:26:20 +0900] "GET /css/style.css HTTP/1.1" 200 6391
198.51.100.17 - - [07/Jul/2026:11:12:43 +0900] "GET /images/logo.png HTTP/1.1" 200 5127
203.0.113.99 - - [07/Jul/2026:18:36:50 +0900] "GET /products/list HTTP/1.1" 200 8251
203.0.113.14 - - [07/Jul/2026:07:17:23 +0900] "GET /login HTTP/1.1" 404 4996
203.0.113.31 - - [07/Jul/2026:14:37:09 +0900] "DELETE /js/app.js HTTP/1.1" 200 333
198.51.100.2 - - [07/Jul/2026:12:51:56 +0900] "GET /search HTTP/1.1" 404 656
203.0.113.58 - - [07/Jul/2026:12:39:43 +0900] "GET /about HTTP/1.1" 200 534
203.0.113.50 - - [07/Jul/2026:14:53:36 +0900] "GET /about HTTP/1.1" 200 1946
198.51.100.6 - - [07/Jul/2026:17:32:12 +0900] "PUT /js/app.js HTTP/1.1" 200 7111
203.0.113.48 - - [07/Jul/2026:11:41:23 +0900] "DELETE /products/detail HTTP/1.1" 200 7551
203.0.113.26 - - [07/Jul/2026:13:00:25 +0900] "GET /index.html HTTP/1.1" 200 7123
198.51.100.33 - - [07/Jul/2026:15:51:47 +0900] "PUT /images/logo.png HTTP/1.1" 200 2508
198.51.100.17 - - [07/Jul/2026:12:56:34 +0900] "GET /products/list HTTP/1.1" 200 3244
198.51.100.34 - - [07/Jul/2026:15:02:15 +0900] "GET /products/detail HTTP/1.1" 200 6288
203.0.113.6 - - [07/Jul/2026:08:29:28 +0900] "DELETE /images/banner.png HTTP/1.1" 404 1659
203.0.113.2 - - [07/Jul/2026:16:00:24 +0900] "GET /products/list HTTP/1.1" 200 756
198.51.100.33 - - [07/Jul/2026:06:36:47 +0900] "GET /products/list HTTP/1.1" 200 6369
203.0.113.58 - - [07/Jul/2026:14:43:38 +0900] "POST /api/orders HTTP/1.1" 200 2001
198.51.100.19 - - [07/Jul/2026:17:27:44 +0900] "GET /api/orders HTTP/1.1" 200 813
203.0.113.99 - - [07/Jul/2026:13:25:12 +0900] "GET /products/list HTTP/1.1" 200 1262
203.0.113.44 - - [07/Jul/2026:13:49:10 +0900] "GET /products/detail HTTP/1.1" 200 2549
198.51.100.29 - - [07/Jul/2026:15:21:26 +0900] "GET /products/list HTTP/1.1" 200 1836
198.51.100.13 - - [07/Jul/2026:11:21:20 +0900] "GET /about HTTP/1.1" 200 3685
198.51.100.15 - - [07/Jul/2026:16:09:43 +0900] "POST /api/orders HTTP/1.1" 200 1816
203.0.113.57 - - [07/Jul/2026:13:50:20 +0900] "PUT /about HTTP/1.1" 200 3294
203.0.113.5 - - [07/Jul/2026:15:43:15 +0900] "GET /about HTTP/1.1" 200 5475
203.0.113.31 - - [07/Jul/2026:19:53:33 +0900] "GET /products/list HTTP/1.1" 200 2505
203.0.113.34 - - [07/Jul/2026:15:56:53 +0900] "GET /old-page HTTP/1.1" 301 3725
198.51.100.16 - - [07/Jul/2026:14:17:59 +0900] "PUT /js/app.js HTTP/1.1" 200 1360
203.0.113.11 - - [07/Jul/2026:15:12:48 +0900] "GET /js/app.js HTTP/1.1" 200 7573
198.51.100.16 - - [07/Jul/2026:05:25:37 +0900] "GET /about HTTP/1.1" 200 7744
198.51.100.10 - - [07/Jul/2026:18:17:49 +0900] "POST /api/orders HTTP/1.1" 200 4861
198.51.100.34 - - [07/Jul/2026:09:25:11 +0900] "GET /api/orders HTTP/1.1" 200 5624
203.0.113.35 - - [07/Jul/2026:12:39:55 +0900] "GET /js/app.js HTTP/1.1" 200 5801
198.51.100.27 - - [07/Jul/2026:15:23:43 +0900] "POST /products/detail HTTP/1.1" 200 4756
203.0.113.29 - - [07/Jul/2026:13:27:52 +0900] "GET /js/app.js HTTP/1.1" 200 9147
203.0.113.26 - - [07/Jul/2026:08:24:49 +0900] "GET /products/detail HTTP/1.1" 200 1147
203.0.113.12 - - [07/Jul/2026:16:40:23 +0900] "GET /products/detail HTTP/1.1" 200 9196
203.0.113.11 - - [07/Jul/2026:13:17:06 +0900] "PUT /api/orders HTTP/1.1" 200 7878
203.0.113.34 - - [07/Jul/2026:11:27:56 +0900] "GET /about HTTP/1.1" 200 3893
198.51.100.18 - - [07/Jul/2026:14:36:48 +0900] "DELETE /images/logo.png HTTP/1.1" 200 5359
203.0.113.22 - - [07/Jul/2026:10:13:41 +0900] "GET /index.html HTTP/1.1" 200 2223
203.0.113.35 - - [07/Jul/2026:13:01:11 +0900] "PUT /index.html HTTP/1.1" 200 5949
203.0.113.99 - - [07/Jul/2026:20:19:31 +0900] "GET /products/list HTTP/1.1" 200 1020
198.51.100.21 - - [07/Jul/2026:17:01:41 +0900] "DELETE /search HTTP/1.1" 404 4106
203.0.113.18 - - [07/Jul/2026:09:47:23 +0900] "DELETE /images/logo.png HTTP/1.1" 200 2182
203.0.113.4 - - [07/Jul/2026:15:49:32 +0900] "GET /products/detail HTTP/1.1" 200 6618
203.0.113.99 - - [07/Jul/2026:13:20:18 +0900] "GET /products/list HTTP/1.1" 200 1014
198.51.100.5 - - [07/Jul/2026:15:44:12 +0900] "GET /images/logo.png HTTP/1.1" 200 8224
203.0.113.52 - - [07/Jul/2026:16:34:22 +0900] "PUT /js/app.js HTTP/1.1" 200 1526
198.51.100.35 - - [07/Jul/2026:06:59:06 +0900] "GET /products/detail HTTP/1.1" 200 4880
203.0.113.54 - - [07/Jul/2026:16:01:09 +0900] "GET /products/detail HTTP/1.1" 200 8336
203.0.113.45 - - [07/Jul/2026:12:19:47 +0900] "GET /about HTTP/1.1" 200 4573
203.0.113.99 - - [07/Jul/2026:17:34:16 +0900] "GET /products/list HTTP/1.1" 200 1595
203.0.113.9 - - [07/Jul/2026:13:35:30 +0900] "GET /products/list HTTP/1.1" 200 7289
203.0.113.41 - - [07/Jul/2026:12:50:19 +0900] "GET /products/list HTTP/1.1" 200 2381
203.0.113.35 - - [07/Jul/2026:11:01:11 +0900] "DELETE /old-page HTTP/1.1" 301 2428
203.0.113.8 - - [07/Jul/2026:12:54:10 +0900] "GET /js/app.js HTTP/1.1" 200 1639
203.0.113.25 - - [07/Jul/2026:17:02:19 +0900] "POST /api/orders HTTP/1.1" 200 7465
203.0.113.41 - - [07/Jul/2026:18:49:54 +0900] "GET /index.html HTTP/1.1" 200 3467
198.51.100.6 - - [07/Jul/2026:21:41:47 +0900] "GET /images/logo.png HTTP/1.1" 200 2473
203.0.113.56 - - [07/Jul/2026:12:46:39 +0900] "DELETE /about HTTP/1.1" 200 2855
203.0.113.41 - - [07/Jul/2026:11:07:55 +0900] "GET /index.html HTTP/1.1" 200 6960
198.51.100.31 - - [07/Jul/2026:14:58:32 +0900] "GET /products/list HTTP/1.1" 200 7976
198.51.100.21 - - [07/Jul/2026:20:13:28 +0900] "GET /products/detail HTTP/1.1" 200 6910
198.51.100.29 - - [07/Jul/2026:18:04:09 +0900] "GET /products/list HTTP/1.1" 200 8591
203.0.113.30 - - [07/Jul/2026:14:38:37 +0900] "GET /old-page HTTP/1.1" 301 5356
203.0.113.56 - - [07/Jul/2026:18:10:53 +0900] "PUT /about HTTP/1.1" 200 5225
203.0.113.35 - - [07/Jul/2026:10:57:39 +0900] "GET /images/logo.png HTTP/1.1" 200 7606
203.0.113.38 - - [07/Jul/2026:09:43:24 +0900] "GET /products/detail HTTP/1.1" 200 1515
198.51.100.14 - - [07/Jul/2026:16:55:18 +0900] "GET /index.html HTTP/1.1" 200 5390
198.51.100.18 - - [07/Jul/2026:12:07:12 +0900] "POST /js/app.js HTTP/1.1" 200 8998
203.0.113.99 - - [07/Jul/2026:17:47:45 +0900] "GET /products/list HTTP/1.1" 200 5337
203.0.113.5 - - [07/Jul/2026:08:47:40 +0900] "GET /about HTTP/1.1" 200 7612
198.51.100.27 - - [07/Jul/2026:17:55:52 +0900] "POST /api/orders HTTP/1.1" 200 2146
203.0.113.14 - - [07/Jul/2026:16:59:57 +0900] "GET /products/list HTTP/1.1" 200 449
203.0.113.16 - - [07/Jul/2026:13:00:16 +0900] "POST /api/orders HTTP/1.1" 200 1297
203.0.113.3 - - [07/Jul/2026:16:19:35 +0900] "GET /products/list HTTP/1.1" 200 2104
203.0.113.21 - - [07/Jul/2026:16:09:02 +0900] "GET /js/app.js HTTP/1.1" 200 9193
203.0.113.19 - - [07/Jul/2026:12:11:49 +0900] "GET /about HTTP/1.1" 200 6446
198.51.100.39 - - [07/Jul/2026:14:52:45 +0900] "GET /css/style.css HTTP/1.1" 200 2158
203.0.113.44 - - [07/Jul/2026:12:24:03 +0900] "GET /css/style.css HTTP/1.1" 200 3113
203.0.113.3 - - [07/Jul/2026:15:44:56 +0900] "DELETE /old-page HTTP/1.1" 301 6344
198.51.100.29 - - [07/Jul/2026:14:58:58 +0900] "PUT /css/style.css HTTP/1.1" 200 6430
203.0.113.26 - - [07/Jul/2026:13:59:20 +0900] "GET /about HTTP/1.1" 200 6910
198.51.100.18 - - [07/Jul/2026:12:59:37 +0900] "GET /css/style.css HTTP/1.1" 200 3948
198.51.100.7 - - [07/Jul/2026:16:45:08 +0900] "GET /products/detail HTTP/1.1" 200 8745
203.0.113.42 - - [07/Jul/2026:12:43:54 +0900] "POST /images/logo.png HTTP/1.1" 200 412
203.0.113.15 - - [07/Jul/2026:14:07:14 +0900] "PUT /products/list HTTP/1.1" 200 5647
198.51.100.28 - - [07/Jul/2026:06:41:57 +0900] "GET /images/logo.png HTTP/1.1" 200 7846
198.51.100.32 - - [07/Jul/2026:10:29:56 +0900] "GET /js/app.js HTTP/1.1" 200 7053
198.51.100.12 - - [07/Jul/2026:23:44:43 +0900] "POST /api/orders HTTP/1.1" 200 7177
198.51.100.28 - - [07/Jul/2026:19:00:09 +0900] "GET /images/logo.png HTTP/1.1" 200 6151
203.0.113.6 - - [07/Jul/2026:10:43:15 +0900] "GET /css/style.css HTTP/1.1" 200 7405
198.51.100.30 - - [07/Jul/2026:17:19:53 +0900] "POST /api/orders HTTP/1.1" 200 7491
203.0.113.22 - - [07/Jul/2026:13:48:00 +0900] "GET /css/style.css HTTP/1.1" 200 2042
203.0.113.55 - - [07/Jul/2026:15:36:27 +0900] "GET /old-page HTTP/1.1" 301 8220
198.51.100.15 - - [07/Jul/2026:09:26:02 +0900] "POST /js/app.js HTTP/1.1" 200 3569
203.0.113.14 - - [07/Jul/2026:10:37:21 +0900] "POST /api/orders HTTP/1.1" 200 2541
203.0.113.50 - - [07/Jul/2026:13:58:58 +0900] "DELETE /products/detail HTTP/1.1" 200 5877
198.51.100.32 - - [07/Jul/2026:12:14:40 +0900] "GET /products/list HTTP/1.1" 200 6745
198.51.100.22 - - [07/Jul/2026:12:01:54 +0900] "GET /css/style.css HTTP/1.1" 200 3228
198.51.100.5 - - [07/Jul/2026:16:31:20 +0900] "GET /js/app.js HTTP/1.1" 200 2176
203.0.113.12 - - [07/Jul/2026:09:59:59 +0900] "GET /products/detail HTTP/1.1" 200 8871
203.0.113.32 - - [07/Jul/2026:11:07:03 +0900] "POST /api/orders HTTP/1.1" 200 8369
198.51.100.29 - - [07/Jul/2026:15:48:28 +0900] "GET /images/logo.png HTTP/1.1" 200 6891
198.51.100.20 - - [07/Jul/2026:18:59:36 +0900] "DELETE /about HTTP/1.1" 200 7339
203.0.113.21 - - [07/Jul/2026:14:08:33 +0900] "GET /index.html HTTP/1.1" 200 3617
203.0.113.43 - - [07/Jul/2026:16:15:15 +0900] "PUT /products/detail HTTP/1.1" 200 263
203.0.113.4 - - [07/Jul/2026:13:11:56 +0900] "GET /css/style.css HTTP/1.1" 200 1217
198.51.100.18 - - [07/Jul/2026:12:45:49 +0900] "GET /about HTTP/1.1" 200 7975
203.0.113.37 - - [07/Jul/2026:16:06:59 +0900] "POST /api/orders HTTP/1.1" 200 2285
203.0.113.99 - - [07/Jul/2026:16:26:02 +0900] "GET /products/list HTTP/1.1" 200 6090
203.0.113.57 - - [07/Jul/2026:20:53:04 +0900] "GET /css/style.css HTTP/1.1" 200 6564
203.0.113.43 - - [07/Jul/2026:13:44:08 +0900] "POST /css/style.css HTTP/1.1" 200 2289
203.0.113.25 - - [07/Jul/2026:15:38:25 +0900] "GET /about HTTP/1.1" 200 486
203.0.113.30 - - [07/Jul/2026:15:14:22 +0900] "GET /images/logo.png HTTP/1.1" 200 4449
203.0.113.22 - - [07/Jul/2026:13:35:38 +0900] "DELETE /about HTTP/1.1" 200 4820
203.0.113.25 - - [07/Jul/2026:15:50:37 +0900] "DELETE /products/detail HTTP/1.1" 200 5794
203.0.113.40 - - [07/Jul/2026:18:26:26 +0900] "GET /js/app.js HTTP/1.1" 200 3259
198.51.100.15 - - [07/Jul/2026:12:23:35 +0900] "GET /index.html HTTP/1.1" 200 2166
198.51.100.27 - - [07/Jul/2026:11:41:09 +0900] "GET /css/style.css HTTP/1.1" 200 5110
203.0.113.11 - - [07/Jul/2026:11:39:44 +0900] "GET /about HTTP/1.1" 200 2568
203.0.113.28 - - [07/Jul/2026:17:10:20 +0900] "GET /old-page HTTP/1.1" 301 2687
203.0.113.5 - - [07/Jul/2026:07:43:35 +0900] "GET /images/banner.png HTTP/1.1" 404 874
203.0.113.99 - - [07/Jul/2026:16:51:38 +0900] "GET /products/list HTTP/1.1" 200 3886
198.51.100.35 - - [07/Jul/2026:10:18:46 +0900] "GET /images/logo.png HTTP/1.1" 200 2834
198.51.100.2 - - [07/Jul/2026:12:36:57 +0900] "GET /products/detail HTTP/1.1" 200 8168
203.0.113.99 - - [07/Jul/2026:14:21:09 +0900] "GET /products/list HTTP/1.1" 200 2479
203.0.113.27 - - [07/Jul/2026:20:01:49 +0900] "POST /index.html HTTP/1.1" 200 8079
203.0.113.50 - - [07/Jul/2026:16:01:19 +0900] "GET /about HTTP/1.1" 200 4608
203.0.113.57 - - [07/Jul/2026:12:23:39 +0900] "GET /search HTTP/1.1" 404 3601
198.51.100.19 - - [07/Jul/2026:14:49:01 +0900] "POST /api/orders HTTP/1.1" 200 3159
203.0.113.14 - - [07/Jul/2026:16:31:46 +0900] "GET /products/detail HTTP/1.1" 200 3487
198.51.100.22 - - [07/Jul/2026:12:46:36 +0900] "GET /css/style.css HTTP/1.1" 200 5716
203.0.113.19 - - [07/Jul/2026:19:23:54 +0900] "GET /about HTTP/1.1" 200 3632
203.0.113.6 - - [07/Jul/2026:14:40:59 +0900] "PUT /index.html HTTP/1.1" 200 8106
203.0.113.37 - - [07/Jul/2026:15:55:33 +0900] "GET /css/style.css HTTP/1.1" 200 7584
203.0.113.48 - - [07/Jul/2026:16:56:26 +0900] "GET /products/list HTTP/1.1" 200 8112
203.0.113.41 - - [07/Jul/2026:12:54:05 +0900] "DELETE /products/list HTTP/1.1" 200 1482
198.51.100.11 - - [07/Jul/2026:15:08:46 +0900] "PUT /css/style.css HTTP/1.1" 200 3368
203.0.113.58 - - [07/Jul/2026:13:10:30 +0900] "GET /about HTTP/1.1" 200 8077
198.51.100.21 - - [07/Jul/2026:10:02:17 +0900] "DELETE /products/detail HTTP/1.1" 200 232
203.0.113.13 - - [07/Jul/2026:21:00:51 +0900] "GET /about HTTP/1.1" 200 1229
203.0.113.18 - - [07/Jul/2026:11:44:58 +0900] "GET /js/app.js HTTP/1.1" 200 6085
203.0.113.11 - - [07/Jul/2026:18:45:20 +0900] "GET /index.html HTTP/1.1" 200 6430
198.51.100.6 - - [07/Jul/2026:16:48:35 +0900] "GET /css/style.css HTTP/1.1" 200 7739
198.51.100.2 - - [07/Jul/2026:13:38:23 +0900] "DELETE /images/logo.png HTTP/1.1" 200 6262
203.0.113.25 - - [07/Jul/2026:09:55:18 +0900] "PUT /js/app.js HTTP/1.1" 200 3659
203.0.113.12 - - [07/Jul/2026:12:50:50 +0900] "POST /api/orders HTTP/1.1" 200 7024
203.0.113.27 - - [07/Jul/2026:13:34:20 +0900] "POST /api/orders HTTP/1.1" 200 3138
203.0.113.4 - - [07/Jul/2026:07:45:07 +0900] "GET /products/detail HTTP/1.1" 200 8634
203.0.113.30 - - [07/Jul/2026:09:17:36 +0900] "PUT /index.html HTTP/1.1" 200 4561
203.0.113.40 - - [07/Jul/2026:15:57:41 +0900] "GET /css/style.css HTTP/1.1" 200 6800
198.51.100.6 - - [07/Jul/2026:15:27:11 +0900] "POST /products/detail HTTP/1.1" 200 2913
203.0.113.99 - - [07/Jul/2026:15:16:10 +0900] "DELETE /products/list HTTP/1.1" 200 8615
203.0.113.44 - - [07/Jul/2026:12:24:41 +0900] "DELETE /products/list HTTP/1.1" 200 7117
203.0.113.99 - - [07/Jul/2026:14:09:59 +0900] "GET /products/list HTTP/1.1" 200 9063
203.0.113.32 - - [07/Jul/2026:12:56:05 +0900] "GET /images/logo.png HTTP/1.1" 200 6568
198.51.100.6 - - [07/Jul/2026:14:12:00 +0900] "GET /old-page HTTP/1.1" 301 4797
198.51.100.37 - - [07/Jul/2026:16:55:17 +0900] "GET /index.html HTTP/1.1" 200 7214
203.0.113.20 - - [07/Jul/2026:12:12:45 +0900] "GET /index.html HTTP/1.1" 200 8338
203.0.113.16 - - [07/Jul/2026:11:30:42 +0900] "GET /js/app.js HTTP/1.1" 200 2929
203.0.113.23 - - [07/Jul/2026:17:40:39 +0900] "GET /css/style.css HTTP/1.1" 200 6925
198.51.100.25 - - [07/Jul/2026:13:15:31 +0900] "GET /index.html HTTP/1.1" 200 5365
198.51.100.36 - - [07/Jul/2026:13:29:00 +0900] "POST /products/detail HTTP/1.1" 200 1923
203.0.113.53 - - [07/Jul/2026:17:55:45 +0900] "GET /api/orders HTTP/1.1" 200 1338
203.0.113.57 - - [07/Jul/2026:16:17:56 +0900] "DELETE /images/logo.png HTTP/1.1" 200 5793
203.0.113.5 - - [07/Jul/2026:14:05:36 +0900] "GET /index.html HTTP/1.1" 200 3863
203.0.113.99 - - [07/Jul/2026:11:33:18 +0900] "GET /products/list HTTP/1.1" 200 2411
203.0.113.10 - - [07/Jul/2026:19:14:41 +0900] "DELETE /js/app.js HTTP/1.1" 200 6869
203.0.113.27 - - [07/Jul/2026:16:18:08 +0900] "GET /css/style.css HTTP/1.1" 200 7295
198.51.100.15 - - [07/Jul/2026:10:10:21 +0900] "DELETE /about HTTP/1.1" 200 3202
203.0.113.45 - - [07/Jul/2026:12:32:31 +0900] "POST /images/logo.png HTTP/1.1" 200 7273
198.51.100.10 - - [07/Jul/2026:13:59:45 +0900] "DELETE /index.html HTTP/1.1" 200 310
198.51.100.9 - - [07/Jul/2026:17:58:20 +0900] "GET /old-page HTTP/1.1" 301 1933
198.51.100.24 - - [07/Jul/2026:14:15:36 +0900] "GET /about HTTP/1.1" 200 6044
203.0.113.4 - - [07/Jul/2026:13:44:27 +0900] "DELETE /images/logo.png HTTP/1.1" 200 9084
198.51.100.8 - - [07/Jul/2026:16:13:19 +0900] "POST /api/orders HTTP/1.1" 200 5096
203.0.113.17 - - [07/Jul/2026:12:16:25 +0900] "DELETE /api/orders HTTP/1.1" 200 8565
203.0.113.45 - - [07/Jul/2026:08:12:27 +0900] "GET /about HTTP/1.1" 200 2159
203.0.113.20 - - [07/Jul/2026:06:17:25 +0900] "GET /about HTTP/1.1" 200 6664
203.0.113.18 - - [07/Jul/2026:16:06:24 +0900] "GET /about HTTP/1.1" 200 4819
203.0.113.56 - - [07/Jul/2026:12:41:11 +0900] "POST /api/orders HTTP/1.1" 200 7089
198.51.100.14 - - [07/Jul/2026:16:08:00 +0900] "POST /api/orders HTTP/1.1" 200 3447
203.0.113.50 - - [07/Jul/2026:18:48:36 +0900] "GET /js/app.js HTTP/1.1" 200 7045
203.0.113.28 - - [07/Jul/2026:16:20:58 +0900] "GET /css/style.css HTTP/1.1" 200 445
203.0.113.10 - - [07/Jul/2026:13:40:52 +0900] "PUT /js/app.js HTTP/1.1" 200 6894
198.51.100.16 - - [07/Jul/2026:19:30:51 +0900] "GET /about HTTP/1.1" 200 652
203.0.113.99 - - [07/Jul/2026:15:26:47 +0900] "GET /products/list HTTP/1.1" 200 5343
203.0.113.54 - - [07/Jul/2026:09:00:14 +0900] "GET /index.html HTTP/1.1" 200 4274
203.0.113.99 - - [07/Jul/2026:12:38:31 +0900] "GET /products/list HTTP/1.1" 200 2057
203.0.113.9 - - [07/Jul/2026:17:05:05 +0900] "GET /css/style.css HTTP/1.1" 200 1459
203.0.113.39 - - [07/Jul/2026:08:09:28 +0900] "POST /api/orders HTTP/1.1" 200 8469
203.0.113.7 - - [07/Jul/2026:13:38:38 +0900] "GET /css/style.css HTTP/1.1" 200 3602
203.0.113.28 - - [07/Jul/2026:10:06:21 +0900] "DELETE /js/app.js HTTP/1.1" 200 4792
203.0.113.45 - - [07/Jul/2026:14:51:58 +0900] "GET /images/logo.png HTTP/1.1" 200 7879
203.0.113.8 - - [07/Jul/2026:04:58:55 +0900] "GET /images/logo.png HTTP/1.1" 200 2647
203.0.113.99 - - [07/Jul/2026:13:28:25 +0900] "GET /products/list HTTP/1.1" 200 7721
203.0.113.2 - - [07/Jul/2026:16:15:09 +0900] "POST /old-page HTTP/1.1" 301 5855
203.0.113.99 - - [07/Jul/2026:17:35:14 +0900] "GET /products/list HTTP/1.1" 200 4255
203.0.113.6 - - [07/Jul/2026:16:30:18 +0900] "POST /api/orders HTTP/1.1" 200 4004
198.51.100.12 - - [07/Jul/2026:23:24:58 +0900] "GET /products/list HTTP/1.1" 200 6663
203.0.113.43 - - [07/Jul/2026:15:38:56 +0900] "GET /css/style.css HTTP/1.1" 200 6698
203.0.113.16 - - [07/Jul/2026:12:15:19 +0900] "GET /about HTTP/1.1" 200 2438
203.0.113.4 - - [07/Jul/2026:18:23:47 +0900] "GET /index.html HTTP/1.1" 200 6903
203.0.113.35 - - [07/Jul/2026:03:04:00 +0900] "POST /about HTTP/1.1" 200 4873
203.0.113.57 - - [07/Jul/2026:12:10:46 +0900] "GET /images/logo.png HTTP/1.1" 200 6026
203.0.113.6 - - [07/Jul/2026:17:30:34 +0900] "GET /products/detail HTTP/1.1" 200 2152
198.51.100.19 - - [07/Jul/2026:19:58:16 +0900] "PUT /old-page HTTP/1.1" 301 7291
203.0.113.54 - - [07/Jul/2026:13:35:56 +0900] "GET /css/style.css HTTP/1.1" 200 3080
203.0.113.25 - - [07/Jul/2026:13:17:13 +0900] "POST /login HTTP/1.1" 403 7641
203.0.113.9 - - [07/Jul/2026:16:04:31 +0900] "GET /api/orders HTTP/1.1" 200 8169
198.51.100.25 - - [07/Jul/2026:15:27:17 +0900] "DELETE /products/list HTTP/1.1" 200 6835
203.0.113.30 - - [07/Jul/2026:14:34:25 +0900] "POST /api/orders HTTP/1.1" 200 7543
203.0.113.23 - - [07/Jul/2026:17:50:47 +0900] "GET /images/logo.png HTTP/1.1" 200 4028
203.0.113.13 - - [07/Jul/2026:18:54:46 +0900] "GET /images/logo.png HTTP/1.1" 200 8936
203.0.113.42 - - [07/Jul/2026:16:02:31 +0900] "GET /api/orders HTTP/1.1" 200 9011
198.51.100.22 - - [07/Jul/2026:16:25:00 +0900] "GET /index.html HTTP/1.1" 200 8934
203.0.113.17 - - [07/Jul/2026:14:10:40 +0900] "GET /products/detail HTTP/1.1" 200 7413
203.0.113.27 - - [07/Jul/2026:12:40:04 +0900] "POST /api/orders HTTP/1.1" 200 9066
203.0.113.99 - - [07/Jul/2026:12:03:22 +0900] "GET /products/list HTTP/1.1" 200 6513
203.0.113.37 - - [07/Jul/2026:22:48:49 +0900] "GET /products/list HTTP/1.1" 200 7920
203.0.113.30 - - [07/Jul/2026:13:27:05 +0900] "POST /api/orders HTTP/1.1" 200 8916
198.51.100.15 - - [07/Jul/2026:04:01:59 +0900] "GET /products/list HTTP/1.1" 200 3428
203.0.113.37 - - [07/Jul/2026:15:01:47 +0900] "DELETE /products/list HTTP/1.1" 200 9115
198.51.100.38 - - [07/Jul/2026:18:12:09 +0900] "GET /products/detail HTTP/1.1" 200 8365
203.0.113.52 - - [07/Jul/2026:15:51:54 +0900] "GET /about HTTP/1.1" 200 2610
203.0.113.13 - - [07/Jul/2026:13:36:28 +0900] "GET /products/list HTTP/1.1" 200 471
203.0.113.20 - - [07/Jul/2026:17:09:20 +0900] "GET /api/orders HTTP/1.1" 200 7183
203.0.113.10 - - [07/Jul/2026:14:30:47 +0900] "GET /css/style.css HTTP/1.1" 200 3549
198.51.100.9 - - [07/Jul/2026:16:17:28 +0900] "GET /css/style.css HTTP/1.1" 200 5907
203.0.113.38 - - [07/Jul/2026:16:13:39 +0900] "GET /css/style.css HTTP/1.1" 200 2403
203.0.113.44 - - [07/Jul/2026:18:34:57 +0900] "POST /index.html HTTP/1.1" 200 5084
203.0.113.41 - - [07/Jul/2026:19:04:55 +0900] "GET /images/logo.png HTTP/1.1" 200 7731
203.0.113.7 - - [07/Jul/2026:12:14:28 +0900] "GET /js/app.js HTTP/1.1" 200 8281
203.0.113.13 - - [07/Jul/2026:14:48:49 +0900] "GET /about HTTP/1.1" 200 7209
203.0.113.12 - - [07/Jul/2026:06:24:11 +0900] "GET /css/style.css HTTP/1.1" 200 6256
203.0.113.16 - - [07/Jul/2026:08:01:35 +0900] "GET /images/logo.png HTTP/1.1" 200 666
203.0.113.99 - - [07/Jul/2026:02:08:12 +0900] "GET /products/list HTTP/1.1" 200 3352
203.0.113.10 - - [07/Jul/2026:17:27:38 +0900] "POST /api/orders HTTP/1.1" 200 368
198.51.100.19 - - [07/Jul/2026:12:59:45 +0900] "POST /api/orders HTTP/1.1" 200 7794
203.0.113.99 - - [07/Jul/2026:18:52:47 +0900] "GET /products/list HTTP/1.1" 200 5529
203.0.113.99 - - [07/Jul/2026:16:27:26 +0900] "GET /products/list HTTP/1.1" 200 5136
