198.51.100.11 - - [07/Jul/2026:21:43:59 +0900] "GET /images/logo.png HTTP/1.1" 200 8596
198.51.100.34 - - [07/Jul/2026:15:11:36 +0900] "GET /js/app.js HTTP/1.1" 200 5489
203.0.113.3 - - [07/Jul/2026:09:41:34 +0900] "GET /css/style.css HTTP/1.1" 200 6838
203.0.113.16 - - [07/Jul/2026:14:49:40 +0900] "GET /images/logo.png HTTP/1.1" 200 9023
203.0.113.2 - - [07/Jul/2026:16:18:46 +0900] "GET /api/orders HTTP/1.1" 200 2969
203.0.113.41 - - [07/Jul/2026:19:41:02 +0900] "GET /images/logo.png HTTP/1.1" 200 1656
203.0.113.6 - - [07/Jul/2026:12:56:30 +0900] "GET /about HTTP/1.1" 200 9018
203.0.113.58 - - [07/Jul/2026:22:48:56 +0900] "PUT /products/list HTTP/1.1" 200 8179
203.0.113.57 - - [07/Jul/2026:15:07:58 +0900] "GET /index.html HTTP/1.1" 200 4671
198.51.100.38 - - [07/Jul/2026:11:56:41 +0900] "GET /index.html HTTP/1.1" 200 6957
203.0.113.47 - - [07/Jul/2026:14:00:27 +0900] "GET /old-page HTTP/1.1" 301 2436
198.51.100.24 - - [07/Jul/2026:11:43:00 +0900] "GET /images/logo.png HTTP/1.1" 200 2292
198.51.100.32 - - [07/Jul/2026:12:42:19 +0900] "GET /images/logo.png HTTP/1.1" 200 7197
198.51.100.11 - - [07/Jul/2026:09:34:25 +0900] "GET /index.html HTTP/1.1" 200 5068
198.51.100.27 - - [07/Jul/2026:18:47:09 +0900] "GET /images/logo.png HTTP/1.1" 200 8826
203.0.113.16 - - [07/Jul/2026:12:58:05 +0900] "GET /images/logo.png HTTP/1.1" 200 5800
198.51.100.19 - - [07/Jul/2026:13:49:43 +0900] "GET /index.html HTTP/1.1" 200 1892
203.0.113.26 - - [07/Jul/2026:14:06:52 +0900] "POST /api/payment HTTP/1.1" 500 1348
203.0.113.25 - - [07/Jul/2026:13:43:04 +0900] "GET /products/list HTTP/1.1" 200 845
198.51.100.16 - - [07/Jul/2026:16:08:16 +0900] "GET /js/app.js HTTP/1.1" 200 558
203.0.113.44 - - [07/Jul/2026:17:19:45 +0900] "POST /api/orders HTTP/1.1" 200 8688
198.51.100.25 - - [07/Jul/2026:18:58:04 +0900] "DELETE /js/app.js HTTP/1.1" 200 2811
203.0.113.42 - - [07/Jul/2026:12:56:39 +0900] "GET /products/list HTTP/1.1" 200 4666
198.51.100.13 - - [07/Jul/2026:14:03:38 +0900] "GET /js/app.js HTTP/1.1" 200 6576
198.51.100.25 - - [07/Jul/2026:17:26:39 +0900] "DELETE /images/banner.png HTTP/1.1" 404 5129
203.0.113.50 - - [07/Jul/2026:04:46:01 +0900] "POST /images/logo.png HTTP/1.1" 200 1219
198.51.100.25 - - [07/Jul/2026:09:46:05 +0900] "GET /products/detail HTTP/1.1" 200 3492
203.0.113.42 - - [07/Jul/2026:15:56:44 +0900] "GET /products/list HTTP/1.1" 200 469
198.51.100.33 - - [07/Jul/2026:17:43:29 +0900] "GET /products/detail HTTP/1.1" 200 7678
203.0.113.12 - - [07/Jul/2026:08:29:27 +0900] "GET /products/detail HTTP/1.1" 200 5101
203.0.113.36 - - [07/Jul/2026:13:11:34 +0900] "POST /api/orders HTTP/1.1" 200 5975
203.0.113.99 - - [07/Jul/2026:13:37:50 +0900] "GET /products/list HTTP/1.1" 200 5127
203.0.113.31 - - [07/Jul/2026:18:49:03 +0900] "GET /about HTTP/1.1" 200 1264
198.51.100.29 - - [07/Jul/2026:20:25:26 +0900] "GET /products/detail HTTP/1.1" 200 1555
203.0.113.99 - - [07/Jul/2026:17:37:07 +0900] "GET /products/list HTTP/1.1" 200 8167
203.0.113.25 - - [07/Jul/2026:11:39:31 +0900] "DELETE /products/list HTTP/1.1" 200 2714
198.51.100.36 - - [07/Jul/2026:10:12:59 +0900] "PUT /about HTTP/1.1" 200 436
198.51.100.7 - - [07/Jul/2026:14:24:01 +0900] "GET /products/list HTTP/1.1" 200 3851
203.0.113.24 - - [07/Jul/2026:11:39:29 +0900] "DELETE /css/style.css HTTP/1.1" 200 6055
203.0.113.13 - - [07/Jul/2026:17:58:23 +0900] "PUT /about HTTP/1.1" 200 6740
203.0.113.19 - - [07/Jul/2026:13:01:55 +0900] "GET /products/detail HTTP/1.1" 200 6171
198.51.100.35 - - [07/Jul/2026:12:43:32 +0900] "PUT /about HTTP/1.1" 200 4560
203.0.113.4 - - [07/Jul/2026:13:47:41 +0900] "POST /css/style.css HTTP/1.1" 200 5683
203.0.113.99 - - [07/Jul/2026:17:26:59 +0900] "GET /products/list HTTP/1.1" 200 3963
203.0.113.99 - - [07/Jul/2026:18:55:27 +0900] "GET /products/list HTTP/1.1" 200 4996
203.0.113.58 - - [07/Jul/2026:06:15:44 +0900] "GET /products/list HTTP/1.1" 200 8354
203.0.113.39 - - [07/Jul/2026:08:48:05 +0900] "GET /index.html HTTP/1.1" 200 8572
203.0.113.99 - - [07/Jul/2026:12:35:42 +0900] "GET /products/list HTTP/1.1" 200 1825
203.0.113.12 - - [07/Jul/2026:12:49:14 +0900] "GET /about HTTP/1.1" 200 3276
198.51.100.8 - - [07/Jul/2026:13:23:04 +0900] "GET /old-page HTTP/1.1" 301 8211
203.0.113.43 - - [07/Jul/2026:12:23:01 +0900] "GET /css/style.css HTTP/1.1" 200 8420
198.51.100.27 - - [07/Jul/2026:12:23:42 +0900] "GET /js/app.js HTTP/1.1" 200 7212
203.0.113.49 - - [07/Jul/2026:16:40:44 +0900] "GET /about HTTP/1.1" 200 4150
203.0.113.99 - - [07/Jul/2026:13:12:54 +0900] "DELETE /products/list HTTP/1.1" 200 2570
203.0.113.99 - - [07/Jul/2026:11:31:29 +0900] "DELETE /products/list HTTP/1.1" 200 6692
203.0.113.32 - - [07/Jul/2026:10:02:34 +0900] "GET /js/app.js HTTP/1.1" 200 4610
203.0.113.34 - - [07/Jul/2026:10:15:42 +0900] "GET /products/list HTTP/1.1" 200 2914
203.0.113.52 - - [07/Jul/2026:13:01:00 +0900] "POST /api/orders HTTP/1.1" 200 6817
203.0.113.26 - - [07/Jul/2026:16:18:44 +0900] "GET /products/list HTTP/1.1" 200 5478
203.0.113.55 - - [07/Jul/2026:15:45:40 +0900] "GET /images/logo.png HTTP/1.1" 200 7718
203.0.113.54 - - [07/Jul/2026:14:30:44 +0900] "DELETE /products/detail HTTP/1.1" 200 4208
203.0.113.35 - - [07/Jul/2026:03:07:26 +0900] "GET /api/orders HTTP/1.1" 200 738
198.51.100.4 - - [07/Jul/2026:15:42:55 +0900] "DELETE /index.html HTTP/1.1" 200 5458
198.51.100.5 - - [07/Jul/2026:06:17:41 +0900] "GET /js/app.js HTTP/1.1" 200 1117
198.51.100.17 - - [07/Jul/2026:11:19:20 +0900] "PUT /products/detail HTTP/1.1" 200 6902
broken entry without format
198.51.100.39 - - [07/Jul/2026:10:08:15 +0900] "PUT /about HTTP/1.1" 200 6723
203.0.113.8 - - [07/Jul/2026:12:01:07 +0900] "GET /images/logo.png HTTP/1.1" 200 5345
203.0.113.99 - - [07/Jul/2026:19:05:51 +0900] "POST /products/list HTTP/1.1" 200 9126
203.0.113.40 - - [07/Jul/2026:13:29:44 +0900] "POST /api/orders HTTP/1.1" 200 833
203.0.113.46 - - [07/Jul/2026:20:24:11 +0900] "GET /about HTTP/1.1" 200 2270
203.0.113.15 - - [07/Jul/2026:15:00:57 +0900] "POST /api/orders HTTP/1.1" 200 4262
198.51.100.3 - - [07/Jul/2026:13:16:28 +0900] "GET /index.html HTTP/1.1" 200 1764
203.0.113.9 - - [07/Jul/2026:18:12:53 +0900] "GET /images/logo.png HTTP/1.1" 200 4668
203.0.113.34 - - [07/Jul/2026:23:23:54 +0900] "GET /index.html HTTP/1.1" 200 5399
198.51.100.37 - - [07/Jul/2026:20:36:27 +0900] "POST /api/orders HTTP/1.1" 200 1975
203.0.113.99 - - [07/Jul/2026:17:55:20 +0900] "GET /products/list HTTP/1.1" 200 2357
203.0.113.23 - - [07/Jul/2026:12:30:27 +0900] "PUT /css/style.css HTTP/1.1" 200 1442
203.0.113.3 - - [07/Jul/2026:15:25:51 +0900] "DELETE /about HTTP/1.1" 200 7629
198.51.100.35 - - [07/Jul/2026:19:59:27 +0900] "PUT /products/list HTTP/1.1" 200 313
203.0.113.35 - - [07/Jul/2026:05:28:14 +0900] "GET /products/list HTTP/1.1" 200 8400
203.0.113.10 - - [07/Jul/2026:19:38:37 +0900] "GET /products/list HTTP/1.1" 200 3495
198.51.100.15 - - [07/Jul/2026:15:43:20 +0900] "GET /images/logo.png HTTP/1.1" 200 1264
198.51.100.11 - - [07/Jul/2026:11:14:01 +0900] "GET /css/style.css HTTP/1.1" 200 5762
203.0.113.37 - - [07/Jul/2026:13:23:39 +0900] "GET /css/style.css HTTP/1.1" 200 8084
203.0.113.10 - - [07/Jul/2026:17:26:12 +0900] "GET /api/orders HTTP/1.1" 200 8240
203.0.113.42 - - [07/Jul/2026:17:07:00 +0900] "GET /css/style.css HTTP/1.1" 200 5448
203.0.113.15 - - [07/Jul/2026:11:09:30 +0900] "GET /about HTTP/1.1" 200 3447
203.0.113.3 - - [07/Jul/2026:15:37:33 +0900] "GET /images/logo.png HTTP/1.1" 200 8050
203.0.113.56 - - [07/Jul/2026:10:46:57 +0900] "GET /products/list HTTP/1.1" 200 3584
203.0.113.53 - - [07/Jul/2026:06:54:18 +0900] "GET /products/detail HTTP/1.1" 200 6188
198.51.100.24 - - [07/Jul/2026:10:57:54 +0900] "POST /api/orders HTTP/1.1" 200 961
203.0.113.5 - - [07/Jul/2026:15:18:48 +0900] "GET /images/logo.png HTTP/1.1" 200 3552
203.0.113.55 - - [07/Jul/2026:08:27:17 +0900] "GET /images/logo.png HTTP/1.1" 200 4220
203.0.113.31 - - [07/Jul/2026:13:59:52 +0900] "GET /products/list HTTP/1.1" 200 1073
203.0.113.4 - - [07/Jul/2026:10:06:50 +0900] "DELETE /index.html HTTP/1.1" 200 4054
203.0.113.43 - - [07/Jul/2026:23:01:10 +0900] "GET /css/style.css HTTP/1.1" 200 7983
203.0.113.27 - - [07/Jul/2026:12:20:12 +0900] "GET /login HTTP/1.1" 403 7081
203.0.113.16 - - [07/Jul/2026:15:47:45 +0900] "GET /js/app.js HTTP/1.1" 200 600
198.51.100.28 - - [07/Jul/2026:13:31:18 +0900] "GET /index.html HTTP/1.1" 200 1622
198.51.100.12 - - [07/Jul/2026:14:42:10 +0900] "GET /images/logo.png HTTP/1.1" 200 9192
198.51.100.9 - - [07/Jul/2026:13:13:48 +0900] "DELETE /js/app.js HTTP/1.1" 200 8152
198.51.100.4 - - [07/Jul/2026:13:04:07 +0900] "POST /api/orders HTTP/1.1" 200 191
198.51.100.3 - - [07/Jul/2026:14:34:57 +0900] "GET /products/list HTTP/1.1" 200 7276
198.51.100.20 - - [07/Jul/2026:16:25:28 +0900] "GET /about HTTP/1.1" 200 6640
203.0.113.15 - - [07/Jul/2026:15:54:32 +0900] "GET /images/logo.png HTTP/1.1" 200 7592
203.0.113.40 - - [07/Jul/2026:16:54:00 +0900] "GET /index.html HTTP/1.1" 200 7084
203.0.113.49 - - [07/Jul/2026:17:16:27 +0900] "GET /css/style.css HTTP/1.1" 200 9033
203.0.113.99 - - [07/Jul/2026:11:38:31 +0900] "GET /products/list HTTP/1.1" 200 3493
203.0.113.13 - - [07/Jul/2026:13:40:41 +0900] "GET /images/logo.png HTTP/1.1" 200 7710
198.51.100.3 - - [07/Jul/2026:15:27:28 +0900] "POST /api/orders HTTP/1.1" 200 6444
203.0.113.9 - - [07/Jul/2026:01:45:40 +0900] "GET /images/logo.png HTTP/1.1" 200 8603
203.0.113.23 - - [07/Jul/2026:08:15:05 +0900] "POST /js/app.js HTTP/1.1" 200 8254
198.51.100.34 - - [07/Jul/2026:14:05:22 +0900] "POST /api/orders HTTP/1.1" 200 6732
198.51.100.25 - - [07/Jul/2026:14:58:00 +0900] "GET /css/style.css HTTP/1.1" 200 8056
203.0.113.56 - - [07/Jul/2026:17:46:55 +0900] "GET /images/logo.png HTTP/1.1" 200 620
198.51.100.38 - - [07/Jul/2026:18:50:46 +0900] "DELETE /about HTTP/1.1" 200 4889
203.0.113.55 - - [07/Jul/2026:16:00:57 +0900] "POST /api/payment HTTP/1.1" 502 5381
203.0.113.32 - - [07/Jul/2026:13:43:46 +0900] "POST /api/orders HTTP/1.1" 200 4098
203.0.113.52 - - [07/Jul/2026:11:42:27 +0900] "GET /search HTTP/1.1" 404 7217
203.0.113.99 - - [07/Jul/2026:23:29:02 +0900] "GET /products/list HTTP/1.1" 200 5629
203.0.113.99 - - [07/Jul/2026:18:10:16 +0900] "GET /products/list HTTP/1.1" 200 1707
198.51.100.28 - - [07/Jul/2026:09:29:20 +0900] "GET /products/detail HTTP/1.1" 200 8194
198.51.100.19 - - [07/Jul/2026:17:23:47 +0900] "GET /products/detail HTTP/1.1" 200 558
198.51.100.6 - - [07/Jul/2026:14:23:49 +0900] "GET /products/detail HTTP/1.1" 200 3749
203.0.113.19 - - [07/Jul/2026:18:31:30 +0900] "GET /about HTTP/1.1" 200 4601
203.0.113.30 - - [07/Jul/2026:13:38:53 +0900] "DELETE /about HTTP/1.1" 200 2756
203.0.113.12 - - [07/Jul/2026:11:01:22 +0900] "GET /api/orders HTTP/1.1" 200 3194
203.0.113.15 - - [07/Jul/2026:16:39:03 +0900] "GET /products/list HTTP/1.1" 200 4885
203.0.113.99 - - [07/Jul/2026:20:10:32 +0900] "GET /products/list HTTP/1.1" 200 2248
198.51.100.31 - - [07/Jul/2026:18:32:23 +0900] "GET /products/list HTTP/1.1" 200 3222
203.0.113.26 - - [07/Jul/2026:13:53:57 +0900] "DELETE /index.html HTTP/1.1" 200 6659
203.0.113.29 - - [07/Jul/2026:13:14:34 +0900] "POST /products/detail HTTP/1.1" 200 4919
203.0.113.14 - - [07/Jul/2026:18:05:57 +0900] "GET /about HTTP/1.1" 200 7215
203.0.113.99 - - [07/Jul/2026:12:14:02 +0900] "GET /products/list HTTP/1.1" 200 5142
203.0.113.99 - - [07/Jul/2026:13:06:16 +0900] "GET /products/list HTTP/1.1" 200 5395
203.0.113.7 - - [07/Jul/2026:17:45:47 +0900] "POST /api/orders HTTP/1.1" 200 8744
203.0.113.3 - - [07/Jul/2026:14:11:15 +0900] "POST /js/app.js HTTP/1.1" 200 519
198.51.100.18 - - [07/Jul/2026:16:40:28 +0900] "GET /index.html HTTP/1.1" 200 5312
198.51.100.24 - - [07/Jul/2026:09:06:08 +0900] "GET /css/style.css HTTP/1.1" 200 7483
203.0.113.99 - - [07/Jul/2026:16:49:34 +0900] "GET /products/list HTTP/1.1" 200 8548
198.51.100.23 - - [07/Jul/2026:13:29:10 +0900] "GET /js/app.js HTTP/1.1" 200 3053
203.0.113.41 - - [07/Jul/2026:14:25:55 +0900] "GET /products/detail HTTP/1.1" 200 8543
203.0.113.99 - - [07/Jul/2026:09:59:18 +0900] "GET /products/list HTTP/1.1" 200 9065
203.0.113.99 - - [07/Jul/2026:13:09:01 +0900] "GET /products/list HTTP/1.1" 200 7373
203.0.113.12 - - [07/Jul/2026:06:54:36 +0900] "GET /images/logo.png HTTP/1.1" 200 3580
198.51.100.6 - - [07/Jul/2026:18:52:49 +0900] "GET /images/logo.png HTTP/1.1" 200 1824
198.51.100.32 - - [07/Jul/2026:15:44:30 +0900] "GET /products/list HTTP/1.1" 200 2763
203.0.113.14 - - [07/Jul/2026:22:05:37 +0900] "GET /about HTTP/1.1" 200 1200
198.51.100.25 - - [07/Jul/2026:13:06:48 +0900] "GET /products/detail HTTP/1.1" 200 654
203.0.113.11 - - [07/Jul/2026:16:55:32 +0900] "POST /about HTTP/1.1" 200 6573
203.0.113.28 - - [07/Jul/2026:16:35:20 +0900] "GET /products/detail HTTP/1.1" 200 4955
203.0.113.21 - - [07/Jul/2026:11:50:00 +0900] "POST /api/orders HTTP/1.1" 200 4893
203.0.113.49 - - [07/Jul/2026:09:27:51 +0900] "GET /about HTTP/1.1" 200 842
198.51.100.28 - - [07/Jul/2026:13:43:37 +0900] "GET /js/app.js HTTP/1.1" 200 1384
198.51.100.12 - - [07/Jul/2026:15:50:04 +0900] "PUT /js/app.js HTTP/1.1" 200 6766
203.0.113.40 - - [07/Jul/2026:15:38:31 +0900] "GET /products/list HTTP/1.1" 200 3371
198.51.100.20 - - [07/Jul/2026:17:39:03 +0900] "GET /index.html HTTP/1.1" 200 2077
198.51.100.31 - - [07/Jul/2026:23:49:18 +0900] "GET /index.html HTTP/1.1" 200 1641
198.51.100.13 - - [07/Jul/2026:08:26:21 +0900] "GET /about HTTP/1.1" 200 500
198.51.100.29 - - [07/Jul/2026:17:45:48 +0900] "POST /api/orders HTTP/1.1" 200 1702
203.0.113.9 - - [07/Jul/2026:14:35:41 +0900] "GET /products/detail HTTP/1.1" 200 5986
198.51.100.22 - - [07/Jul/2026:17:50:42 +0900] "GET /images/logo.png HTTP/1.1" 200 8681
203.0.113.18 - - [07/Jul/2026:18:44:04 +0900] "GET /index.html HTTP/1.1" 200 7255
203.0.113.11 - - [07/Jul/2026:09:54:47 +0900] "GET /index.html HTTP/1.1" 200 5441
203.0.113.4 - - [07/Jul/2026:17:34:34 +0900] "GET /about HTTP/1.1" 200 6465
203.0.113.7 - - [07/Jul/2026:15:10:23 +0900] "GET /index.html HTTP/1.1" 200 3644
203.0.113.14 - - [07/Jul/2026:17:11:48 +0900] "GET /images/logo.png HTTP/1.1" 200 5112
203.0.113.4 - - [07/Jul/2026:13:13:54 +0900] "GET /products/detail HTTP/1.1" 200 1156
203.0.113.15 - - [07/Jul/2026:11:05:46 +0900] "GET /js/app.js HTTP/1.1" 200 6450
203.0.113.99 - - [07/Jul/2026:17:42:03 +0900] "GET /products/list HTTP/1.1" 200 3676
198.51.100.3 - - [07/Jul/2026:18:15:48 +0900] "GET /images/logo.png HTTP/1.1" 200 8278
203.0.113.99 - - [07/Jul/2026:15:02:50 +0900] "DELETE /products/list HTTP/1.1" 200 5374
203.0.113.48 - - [07/Jul/2026:15:10:07 +0900] "DELETE /about HTTP/1.1" 200 4370
198.51.100.8 - - [07/Jul/2026:14:11:21 +0900] "GET /js/app.js HTTP/1.1" 200 8899
203.0.113.43 - - [07/Jul/2026:17:15:37 +0900] "POST /api/payment HTTP/1.1" 500 2042
198.51.100.4 - - [07/Jul/2026:07:11:02 +0900] "GET /about HTTP/1.1" 200 8288
203.0.113.37 - - [07/Jul/2026:12:39:46 +0900] "PUT /css/style.css HTTP/1.1" 200 4550
203.0.113.45 - - [07/Jul/2026:15:36:28 +0900] "GET /products/detail HTTP/1.1" 200 8450
203.0.113.46 - - [07/Jul/2026:13:24:54 +0900] "DELETE /js/app.js HTTP/1.1" 200 8710
203.0.113.3 - - [07/Jul/2026:13:12:33 +0900] "POST /products/list HTTP/1.1" 200 4841
198.51.100.24 - - [07/Jul/2026:15:10:36 +0900] "GET /images/logo.png HTTP/1.1" 200 6558
203.0.113.26 - - [07/Jul/2026:12:03:47 +0900] "GET /css/style.css HTTP/1.1" 200 7110
198.51.100.30 - - [07/Jul/2026:19:13:36 +0900] "GET /about HTTP/1.1" 200 2767
198.51.100.38 - - [07/Jul/2026:23:48:45 +0900] "GET /js/app.js HTTP/1.1" 200 5859
203.0.113.99 - - [07/Jul/2026:13:12:19 +0900] "POST /products/list HTTP/1.1" 200 2898
203.0.113.37 - - [07/Jul/2026:21:09:45 +0900] "GET /about HTTP/1.1" 200 7691
198.51.100.37 - - [07/Jul/2026:17:29:27 +0900] "GET /css/style.css HTTP/1.1" 200 4749
203.0.113.59 - - [07/Jul/2026:14:27:35 +0900] "PUT /about HTTP/1.1" 200 301
203.0.113.57 - - [07/Jul/2026:18:53:54 +0900] "GET /css/style.css HTTP/1.1" 200 4874
198.51.100.22 - - [07/Jul/2026:14:35:08 +0900] "GET /about HTTP/1.1" 200 8792
203.0.113.99 - - [07/Jul/2026:18:16:36 +0900] "POST /products/list HTTP/1.1" 200 9157
203.0.113.6 - - [07/Jul/2026:12:29:16 +0900] "GET /products/detail HTTP/1.1" 200 2470
198.51.100.30 - - [07/Jul/2026:07:40:53 +0900] "POST /api/orders HTTP/1.1" 200 8440
203.0.113.43 - - [07/Jul/2026:20:58:12 +0900] "GET /index.html HTTP/1.1" 200 7735
203.0.113.9 - - [07/Jul/2026:16:41:06 +0900] "GET /products/list HTTP/1.1" 200 3319
198.51.100.16 - - [07/Jul/2026:08:46:17 +0900] "PUT /index.html HTTP/1.1" 200 8221
198.51.100.2 - - [07/Jul/2026:15:40:39 +0900] "PUT /about HTTP/1.1" 200 4615
203.0.113.51 - - [07/Jul/2026:15:00:04 +0900] "GET /images/logo.png HTTP/1.1" 200 492
203.0.113.8 - - [07/Jul/2026:16:37:55 +0900] "PUT /api/orders HTTP/1.1" 200 2433
203.0.113.7 - - [07/Jul/2026:16:08:18 +0900] "GET /css/style.css HTTP/1.1" 200 8290
203.0.113.7 - - [07/Jul/2026:13:58:29 +0900] "POST /search HTTP/1.1" 404 4660
198.51.100.13 - - [07/Jul/2026:20:12:37 +0900] "GET /index.html HTTP/1.1" 200 3614
203.0.113.99 - - [07/Jul/2026:11:51:10 +0900] "GET /products/list HTTP/1.1" 200 2788
203.0.113.7 - - [07/Jul/2026:14:25:19 +0900] "GET /products/list HTTP/1.1" 200 7157
203.0.113.2 - - [07/Jul/2026:01:47:50 +0900] "GET /index.html HTTP/1.1" 200 3545
203.0.113.36 - - [07/Jul/2026:12:15:28 +0900] "GET /index.html HTTP/1.1" 200 6070
198.51.100.13 - - [07/Jul/2026:19:35:16 +0900] "GET /products/detail HTTP/1.1" 200 6610
203.0.113.16 - - [07/Jul/2026:17:53:48 +0900] "POST /products/list HTTP/1.1" 200 867
198.51.100.15 - - [07/Jul/2026:14:47:10 +0900] "GET /about HTTP/1.1" 200 2160
203.0.113.99 - - [07/Jul/2026:13:05:22 +0900] "GET /products/list HTTP/1.1" 200 6535
203.0.113.40 - - [07/Jul/2026:20:30:59 +0900] "GET /images/logo.png HTTP/1.1" 200 7548
203.0.113.36 - - [07/Jul/2026:14:36:40 +0900] "DELETE /products/list HTTP/1.1" 200 1705
203.0.113.17 - - [07/Jul/2026:08:30:08 +0900] "POST /about HTTP/1.1" 200 3618
203.0.113.29 - - [07/Jul/2026:17:24:27 +0900] "GET /images/logo.png HTTP/1.1" 200 7813
203.0.113.49 - - [07/Jul/2026:09:56:15 +0900] "POST /css/style.css HTTP/1.1" 200 5133
198.51.100.29 - - [07/Jul/2026:17:21:12 +0900] "POST /api/orders HTTP/1.1" 200 5605
203.0.113.99 - - [07/Jul/2026:14:16:58 +0900] "GET /products/list HTTP/1.1" 200 189
203.0.113.28 - - [07/Jul/2026:17:52:24 +0900] "GET /old-page HTTP/1.1" 301 1673
198.51.100.5 - - [07/Jul/2026:11:35:35 +0900] "GET /images/logo.png HTTP/1.1" 200 2442
198.51.100.24 - - [07/Jul/2026:14:11:28 +0900] "GET /images/banner.png HTTP/1.1" 404 1033
203.0.113.7 - - [07/Jul/2026:14:52:56 +0900] "GET /about HTTP/1.1" 200 6527
203.0.113.25 - - [07/Jul/2026:11:38:44 +0900] "GET /login HTTP/1.1" 404 821
198.51.100.38 - - [07/Jul/2026:11:52:26 +0900] "GET /images/logo.png HTTP/1.1" 200 8622
198.51.100.10 - - [07/Jul/2026:18:40:45 +0900] "DELETE /css/style.css HTTP/1.1" 200 7836
203.0.113.99 - - [07/Jul/2026:08:41:15 +0900] "GET /products/list HTTP/1.1" 200 518
203.0.113.19 - - [07/Jul/2026:11:11:45 +0900] "GET /products/list HTTP/1.1" 200 3662
198.51.100.7 - - [07/Jul/2026:15:26:06 +0900] "DELETE /products/list HTTP/1.1" 200 7456
203.0.113.18 - - [07/Jul/2026:18:08:44 +0900] "DELETE /css/style.css HTTP/1.1" 200 6614
198.51.100.17 - - [07/Jul/2026:18:53:23 +0900] "POST /api/orders HTTP/1.1" 200 1980
198.51.100.36 - - [07/Jul/2026:18:47:38 +0900] "DELETE /images/logo.png HTTP/1.1" 200 6651
203.0.113.22 - - [07/Jul/2026:14:53:47 +0900] "GET /css/style.css HTTP/1.1" 200 1519
198.51.100.37 - - [07/Jul/2026:15:44:27 +0900] "GET /js/app.js HTTP/1.1" 200 5715
198.51.100.6 - - [07/Jul/2026:12:51:55 +0900] "DELETE /products/list HTTP/1.1" 200 5789
198.51.100.26 - - [07/Jul/2026:23:12:57 +0900] "GET /images/logo.png HTTP/1.1" 200 879
198.51.100.24 - - [07/Jul/2026:17:20:35 +0900] "GET /about HTTP/1.1" 200 2159
203.0.113.15 - - [07/Jul/2026:18:27:43 +0900] "GET /products/list HTTP/1.1" 200 5457
203.0.113.99 - - [07/Jul/2026:17:54:19 +0900] "DELETE /products/list HTTP/1.1" 200 5531
198.51.100.5 - - [07/Jul/2026:06:03:58 +0900] "POST /products/list HTTP/1.1" 200 1670
203.0.113.41 - - [07/Jul/2026:08:34:41 +0900] "GET /api/orders HTTP/1.1" 200 786
203.0.113.23 - - [07/Jul/2026:15:50:11 +0900] "PUT /about HTTP/1.1" 200 4125
198.51.100.14 - - [07/Jul/2026:14:50:32 +0900] "DELETE /images/banner.png HTTP/1.1" 404 6518
198.51.100.39 - - [07/Jul/2026:18:42:07 +0900] "GET /products/detail HTTP/1.1" 200 3693
203.0.113.46 - - [07/Jul/2026:17:09:51 +0900] "DELETE /index.html HTTP/1.1" 200 2596
203.0.113.2 - - [07/Jul/2026:09:08:12 +0900] "POST /api/orders HTTP/1.1" 200 8349
198.51.100.32 - - [07/Jul/2026:13:31:58 +0900] "GET /old-page HTTP/1.1" 301 8258
203.0.113.40 - - [07/Jul/2026:09:02:02 +0900] "POST /css/style.css HTTP/1.1" 200 2402
203.0.113.99 - - [07/Jul/2026:11:09:57 +0900] "DELETE /products/list HTTP/1.1" 200 1839
203.0.113.4 - - [07/Jul/2026:18:02:27 +0900] "PUT /images/logo.png HTTP/1.1" 200 7213
198.51.100.25 - - [07/Jul/2026:13:29:36 +0900] "GET /css/style.css HTTP/1.1" 200 6136
198.51.100.10 - - [07/Jul/2026:14:54:17 +0900] "GET /about HTTP/1.1" 200 6970
203.0.113.16 - - [07/Jul/2026:15:51:10 +0900] "GET /products/detail HTTP/1.1" 200 6996
203.0.113.58 - - [07/Jul/2026:12:06:52 +0900] "PUT /products/list HTTP/1.1" 200 1961
198.51.100.17 - - [07/Jul/2026:14:47:53 +0900] "GET /products/detail HTTP/1.1" 200 3875
198.51.100.36 - - [07/Jul/2026:17:59:36 +0900] "GET /api/orders HTTP/1.1" 200 8351
198.51.100.19 - - [07/Jul/2026:12:47:06 +0900] "GET /about HTTP/1.1" 200 2231
198.51.100.34 - - [07/Jul/2026:06:31:57 +0900] "DELETE /css/style.css HTTP/1.1" 200 6669
203.0.113.26 - - [07/Jul/2026:14:05:47 +0900] "POST /products/detail HTTP/1.1" 200 5140
198.51.100.16 - - [07/Jul/2026:16:50:18 +0900] "GET /about HTTP/1.1" 200 8622
203.0.113.49 - - [07/Jul/2026:14:20:45 +0900] "POST /api/orders HTTP/1.1" 200 6749
198.51.100.14 - - [07/Jul/2026:12:53:09 +0900] "GET /about HTTP/1.1" 200 4900
203.0.113.99 - - [07/Jul/2026:11:00:27 +0900] "GET /products/list HTTP/1.1" 200 1426
203.0.113.7 - - [07/Jul/2026:15:00:21 +0900] "PUT /images/logo.png HTTP/1.1" 200 2298
203.0.113.57 - - [07/Jul/2026:12:49:10 +0900] "PUT /search HTTP/1.1" 404 1127
203.0.113.50 - - [07/Jul/2026:18:46:49 +0900] "GET /js/app.js HTTP/1.1" 200 2535
203.0.113.55 - - [07/Jul/2026:17:32:33 +0900] "GET /products/detail HTTP/1.1" 200 1034
198.51.100.26 - - [07/Jul/2026:15:48:02 +0900] "POST /index.html HTTP/1.1" 200 1095
203.0.113.41 - - [07/Jul/2026:17:09:30 +0900] "POST /index.html HTTP/1.1" 200 2549
198.51.100.14 - - [07/Jul/2026:19:01:17 +0900] "POST /css/style.css HTTP/1.1" 200 2237
198.51.100.27 - - [07/Jul/2026:17:11:44 +0900] "POST /api/orders HTTP/1.1" 200 4534
198.51.100.17 - - [07/Jul/2026:11:58:46 +0900] "GET /images/logo.png HTTP/1.1" 200 5124
203.0.113.99 - - [07/Jul/2026:23:10:09 +0900] "GET /products/list HTTP/1.1" 200 2807
203.0.113.28 - - [07/Jul/2026:14:59:56 +0900] "GET /index.html HTTP/1.1" 200 3040
203.0.113.26 - - [07/Jul/2026:11:53:16 +0900] "POST /index.html HTTP/1.1" 200 7737
203.0.113.3 - - [07/Jul/2026:18:21:19 +0900] "GET /products/list HTTP/1.1" 200 4154
198.51.100.7 - - [07/Jul/2026:13:08:32 +0900] "GET /products/list HTTP/1.1" 200 2801
198.51.100.20 - - [07/Jul/2026:18:39:08 +0900] "GET /products/detail HTTP/1.1" 200 895
203.0.113.31 - - [07/Jul/2026:16:57:20 +0900] "GET /products/list HTTP/1.1" 200 6939
<<< health check >>>
203.0.113.9 - - [07/Jul/2026:17:53:33 +0900] "PUT /index.html HTTP/1.1" 200 7343
198.51.100.9 - - [07/Jul/2026:10:13:35 +0900] "GET /old-page HTTP/1.1" 301 9024
203.0.113.17 - - [07/Jul/2026:16:58:54 +0900] "GET /js/app.js HTTP/1.1" 200 2421
198.51.100.21 - - [07/Jul/2026:21:33:22 +0900] "GET /about HTTP/1.1" 200 8756
198.51.100.34 - - [07/Jul/2026:22:21:41 +0900] "PUT /products/detail HTTP/1.1" 200 7423
203.0.113.20 - - [07/Jul/2026:18:24:48 +0900] "POST /api/orders HTTP/1.1" 200 4538
203.0.113.32 - - [07/Jul/2026:03:05:46 +0900] "GET /js/app.js HTTP/1.1" 200 549
198.51.100.20 - - [07/Jul/2026:13:09:28 +0900] "GET /css/style.css HTTP/1.1" 200 5388
198.51.100.12 - - [07/Jul/2026:17:46:29 +0900] "POST /products/list HTTP/1.1" 200 4983
203.0.113.27 - - [07/Jul/2026:12:26:35 +0900] "POST /api/orders HTTP/1.1" 200 6339
203.0.113.12 - - [07/Jul/2026:04:24:27 +0900] "POST /products/detail HTTP/1.1" 200 3058
203.0.113.17 - - [07/Jul/2026:19:32:52 +0900] "POST /api/orders HTTP/1.1" 200 5942
198.51.100.29 - - [07/Jul/2026:14:51:02 +0900] "GET /css/style.css HTTP/1.1" 200 6423
203.0.113.30 - - [07/Jul/2026:09:06:16 +0900] "GET /css/style.css HTTP/1.1" 200 6309
198.51.100.20 - - [07/Jul/2026:14:40:20 +0900] "GET /products/list HTTP/1.1" 200 5946
203.0.113.58 - - [07/Jul/2026:14:59:18 +0900] "DELETE /index.html HTTP/1.1" 200 4100
198.51.100.15 - - [07/Jul/2026:08:43:03 +0900] "GET /images/banner.png HTTP/1.1" 404 6915
203.0.113.14 - - [07/Jul/2026:17:13:16 +0900] "GET /api/orders HTTP/1.1" 200 4189
203.0.113.23 - - [07/Jul/2026:14:23:34 +0900] "GET /index.html HTTP/1.1" 200 5105
203.0.113.39 - - [07/Jul/2026:18:10:05 +0900] "GET /products/list HTTP/1.1" 200 666
198.51.100.29 - - [07/Jul/2026:14:37:36 +0900] "GET /js/app.js HTTP/1.1" 200 389
203.0.113.50 - - [07/Jul/2026:13:19:27 +0900] "GET /images/logo.png HTTP/1.1" 200 9200
203.0.113.99 - - [07/Jul/2026:18:54:59 +0900] "GET /products/list HTTP/1.1" 200 4104
198.51.100.25 - - [07/Jul/2026:12:24:19 +0900] "POST /products/list HTTP/1.1" 200 4052
203.0.113.99 - - [07/Jul/2026:12:39:54 +0900] "GET /products/list HTTP/1.1" 200 7064
198.51.100.25 - - [07/Jul/2026:14:14:21 +0900] "GET /about HTTP/1.1" 200 2908
198.51.100.5 - - [07/Jul/2026:12:07:46 +0900] "GET /products/list HTTP/1.1" 200 586
203.0.113.47 - - [07/Jul/2026:10:45:15 +0900] "GET /js/app.js HTTP/1.1" 200 3028
203.0.113.26 - - [07/Jul/2026:17:41:27 +0900] "PUT /images/logo.png HTTP/1.1" 200 5676
203.0.113.99 - - [07/Jul/2026:15:59:42 +0900] "GET /products/list HTTP/1.1" 200 5323
198.51.100.18 - - [07/Jul/2026:14:55:28 +0900] "GET /about HTTP/1.1" 200 5649
203.0.113.13 - - [07/Jul/2026:10:45:15 +0900] "GET /images/logo.png HTTP/1.1" 200 6940
203.0.113.59 - - [07/Jul/2026:17:52:13 +0900] "GET /js/app.js HTTP/1.1" 200 4100
203.0.113.12 - - [07/Jul/2026:12:51:40 +0900] "POST /api/orders HTTP/1.1" 200 1554
203.0.113.35 - - [07/Jul/2026:15:29:18 +0900] "GET /products/detail HTTP/1.1" 200 4940
198.51.100.21 - - [07/Jul/2026:16:10:40 +0900] "GET /about HTTP/1.1" 200 189
203.0.113.22 - - [07/Jul/2026:13:02:15 +0900] "DELETE /js/app.js HTTP/1.1" 200 1273
198.51.100.13 - - [07/Jul/2026:13:13:56 +0900] "DELETE /api/orders HTTP/1.1" 200 6807
198.51.100.23 - - [07/Jul/2026:14:44:44 +0900] "GET /css/style.css HTTP/1.1" 200 5844
198.51.100.17 - - [07/Jul/2026:20:03:10 +0900] "POST /api/orders HTTP/1.1" 200 7170
203.0.113.7 - - [07/Jul/2026:16:41:59 +0900] "GET /js/app.js HTTP/1.1" 200 401
203.0.113.18 - - [07/Jul/2026:13:03:29 +0900] "POST /index.html HTTP/1.1" 200 7755
203.0.113.50 - - [07/Jul/2026:19:36:43 +0900] "PUT /products/list HTTP/1.1" 200 4158
203.0.113.32 - - [07/Jul/2026:11:38:11 +0900] "PUT /index.html HTTP/1.1" 200 6703
203.0.113.13 - - [07/Jul/2026:17:39:47 +0900] "GET /images/logo.png HTTP/1.1" 200 1282
198.51.100.22 - - [07/Jul/2026:09:11:01 +0900] "PUT /css/style.css HTTP/1.1" 200 3984
198.51.100.8 - - [07/Jul/2026:09:17:36 +0900] "GET /products/detail HTTP/1.1" 200 2281
198.51.100.5 - - [07/Jul/2026:14:13:44 +0900] "DELETE /old-page HTTP/1.1" 301 1638
203.0.113.48 - - [07/Jul/2026:12:44:44 +0900] "GET /products/detail HTTP/1.1" 200 2423
203.0.113.51 - - [07/Jul/2026:13:55:38 +0900] "GET /products/list HTTP/1.1" 200 7456
203.0.113.21 - - [07/Jul/2026:21:38:59 +0900] "GET /about HTTP/1.1" 200 4078
203.0.113.46 - - [07/Jul/2026:15:15:40 +0900] "GET /products/detail HTTP/1.1" 200 3979
203.0.113.50 - - [07/Jul/2026:12:50:27 +0900] "GET /search HTTP/1.1" 404 2221
203.0.113.55 - - [07/Jul/2026:12:36:25 +0900] "GET /admin HTTP/1.1" 403 5973
198.51.100.13 - - [07/Jul/2026:05:56:50 +0900] "GET /js/app.js HTTP/1.1" 200 8458
198.51.100.6 - - [07/Jul/2026:19:19:21 +0900] "DELETE /images/logo.png HTTP/1.1" 200 5945
203.0.113.47 - - [07/Jul/2026:15:16:52 +0900] "GET /images/logo.png HTTP/1.1" 200 7700
203.0.113.45 - - [07/Jul/2026:13:29:13 +0900] "GET /images/logo.png HTTP/1.1" 200 6712
203.0.113.28 - - [07/Jul/2026:17:55:21 +0900] "GET /images/logo.png HTTP/1.1" 200 6582
203.0.113.20 - - [07/Jul/2026:13:48:11 +0900] "GET /admin HTTP/1.1" 403 8685
198.51.100.34 - - [07/Jul/2026:20:13:31 +0900] "GET /css/style.css HTTP/1.1" 200 5139
203.0.113.22 - - [07/Jul/2026:15:30:35 +0900] "POST /api/orders HTTP/1.1" 200 6369
198.51.100.30 - - [07/Jul/2026:20:15:51 +0900] "GET /products/list HTTP/1.1" 200 5128
198.51.100.37 - - [07/Jul/2026:16:30:04 +0900] "DELETE /about HTTP/1.1" 200 6363
203.0.113.99 - - [07/Jul/2026:23:10:54 +0900] "GET /products/list HTTP/1.1" 200 4530
203.0.113.36 - - [07/Jul/2026:15:00:43 +0900] "GET /css/style.css HTTP/1.1" 200 8901
203.0.113.23 - - [07/Jul/2026:16:07:03 +0900] "POST /api/orders HTTP/1.1" 200 4008
203.0.113.99 - - [07/Jul/2026:09:15:31 +0900] "GET /products/list HTTP/1.1" 200 6673
203.0.113.37 - - [07/Jul/2026:16:21:08 +0900] "POST /index.html HTTP/1.1" 200 6977
203.0.113.49 - - [07/Jul/2026:16:07:36 +0900] "PUT /about HTTP/1.1" 200 207
203.0.113.56 - - [07/Jul/2026:17:09:30 +0900] "GET /api/payment HTTP/1.1" 500 8127
203.0.113.35 - - [07/Jul/2026:23:22:56 +0900] "GET /index.html HTTP/1.1" 200 5713
203.0.113.99 - - [07/Jul/2026:14:07:37 +0900] "GET /products/list HTTP/1.1" 200 7936
203.0.113.2 - - [07/Jul/2026:14:29:01 +0900] "GET /products/list HTTP/1.1" 200 6084
203.0.113.2 - - [07/Jul/2026:13:36:47 +0900] "GET /css/style.css HTTP/1.1" 200 5082
203.0.113.40 - - [07/Jul/2026:01:52:35 +0900] "GET /products/detail HTTP/1.1" 200 2071
203.0.113.17 - - [07/Jul/2026:09:54:30 +0900] "POST /api/orders HTTP/1.1" 200 6664
198.51.100.20 - - [07/Jul/2026:15:34:17 +0900] "GET /js/app.js HTTP/1.1" 200 4560
203.0.113.54 - - [07/Jul/2026:13:20:09 +0900] "GET /products/list HTTP/1.1" 200 3498
203.0.113.99 - - [07/Jul/2026:07:32:13 +0900] "DELETE /products/list HTTP/1.1" 200 8717
203.0.113.11 - - [07/Jul/2026:13:43:09 +0900] "GET /index.html HTTP/1.1" 200 3073
203.0.113.26 - - [07/Jul/2026:16:20:26 +0900] "GET /images/logo.png HTTP/1.1" 200 4362
198.51.100.24 - - [07/Jul/2026:15:17:56 +0900] "POST /api/orders HTTP/1.1" 200 3046
203.0.113.50 - - [07/Jul/2026:13:22:23 +0900] "GET /login HTTP/1.1" 404 1645
198.51.100.26 - - [07/Jul/2026:16:29:31 +0900] "PUT /images/logo.png HTTP/1.1" 200 1863
198.51.100.35 - - [07/Jul/2026:16:44:12 +0900] "GET /images/logo.png HTTP/1.1" 200 8659
203.0.113.35 - - [07/Jul/2026:14:46:33 +0900] "POST /js/app.js HTTP/1.1" 200 2131
203.0.113.4 - - [07/Jul/2026:12:05:30 +0900] "GET /images/logo.png HTTP/1.1" 200 1304
203.0.113.56 - - [07/Jul/2026:08:28:07 +0900] "PUT /index.html HTTP/1.1" 200 5098
198.51.100.20 - - [07/Jul/2026:00:02:18 +0900] "POST /api/payment HTTP/1.1" 502 3815
198.51.100.11 - - [07/Jul/2026:10:31:00 +0900] "PUT /about HTTP/1.1" 200 8092
203.0.113.28 - - [07/Jul/2026:12:32:58 +0900] "GET /images/logo.png HTTP/1.1" 200 1263
203.0.113.40 - - [07/Jul/2026:20:06:14 +0900] "GET /about HTTP/1.1" 200 5468
198.51.100.18 - - [07/Jul/2026:16:06:24 +0900] "GET /about HTTP/1.1" 200 655
203.0.113.52 - - [07/Jul/2026:23:08:38 +0900] "GET /products/list HTTP/1.1" 200 4279
203.0.113.30 - - [07/Jul/2026:14:19:02 +0900] "GET /index.html HTTP/1.1" 200 5118
203.0.113.29 - - [07/Jul/2026:16:36:25 +0900] "GET /index.html HTTP/1.1" 200 8179
203.0.113.42 - - [07/Jul/2026:10:14:20 +0900] "GET /about HTTP/1.1" 200 7469
203.0.113.24 - - [07/Jul/2026:00:00:43 +0900] "POST /api/orders HTTP/1.1" 200 1509
198.51.100.33 - - [07/Jul/2026:13:11:16 +0900] "GET /index.html HTTP/1.1" 200 1562
203.0.113.99 - - [07/Jul/2026:16:51:39 +0900] "GET /products/list HTTP/1.1" 200 5704
203.0.113.30 - - [07/Jul/2026:16:03:11 +0900] "GET /about HTTP/1.1" 200 7800
198.51.100.37 - - [07/Jul/2026:18:56:53 +0900] "POST /api/orders HTTP/1.1" 200 6918
203.0.113.52 - - [07/Jul/2026:12:20:26 +0900] "GET /js/app.js HTTP/1.1" 200 4576
198.51.100.31 - - [07/Jul/2026:14:51:51 +0900] "GET /index.html HTTP/1.1" 200 7382
198.51.100.27 - - [07/Jul/2026:16:32:40 +0900] "GET /products/list HTTP/1.1" 200 4480
203.0.113.99 - - [07/Jul/2026:17:13:04 +0900] "PUT /products/list HTTP/1.1" 200 6201
198.51.100.19 - - [07/Jul/2026:17:17:17 +0900] "GET /products/list HTTP/1.1" 200 4752
203.0.113.42 - - [07/Jul/2026:14:08:11 +0900] "GET /images/logo.png HTTP/1.1" 200 8119
198.51.100.6 - - [07/Jul/2026:15:39:17 +0900] "GET /about HTTP/1.1" 200 4145
203.0.113.26 - - [07/Jul/2026:16:08:02 +0900] "GET /admin HTTP/1.1" 403 6549
198.51.100.35 - - [07/Jul/2026:21:52:01 +0900] "POST /api/orders HTTP/1.1" 200 7936
198.51.100.24 - - [07/Jul/2026:17:23:43 +0900] "GET /js/app.js HTTP/1.1" 200 537
203.0.113.3 - - [07/Jul/2026:11:26:06 +0900] "POST /index.html HTTP/1.1" 200 7461
198.51.100.32 - - [07/Jul/2026:12:23:51 +0900] "POST /api/orders HTTP/1.1" 200 7504
198.51.100.37 - - [07/Jul/2026:13:54:32 +0900] "GET /products/list HTTP/1.1" 200 409
203.0.113.37 - - [07/Jul/2026:08:11:29 +0900] "GET /index.html HTTP/1.1" 200 2107
203.0.113.47 - - [07/Jul/2026:15:30:32 +0900] "GET /products/detail HTTP/1.1" 200 7370
203.0.113.33 - - [07/Jul/2026:08:38:00 +0900] "GET /css/style.css HTTP/1.1" 200 3208
203.0.113.51 - - [07/Jul/2026:06:53:37 +0900] "GET /about HTTP/1.1" 200 4909
203.0.113.52 - - [07/Jul/2026:23:09:55 +0900] "GET /css/style.css HTTP/1.1" 200 4009
198.51.100.16 - - [07/Jul/2026:12:18:18 +0900] "GET /about HTTP/1.1" 200 1597
198.51.100.5 - - [07/Jul/2026:09:21:22 +0900] "GET /index.html HTTP/1.1" 200 8728
203.0.113.42 - - [07/Jul/2026:18:23:39 +0900] "GET /js/app.js HTTP/1.1" 200 3176
198.51.100.18 - - [07/Jul/2026:12:41:50 +0900] "POST /api/orders HTTP/1.1" 200 6409
203.0.113.5 - - [07/Jul/2026:05:38:14 +0900] "GET /index.html HTTP/1.1" 200 8854
203.0.113.38 - - [07/Jul/2026:13:33:57 +0900] "GET /js/app.js HTTP/1.1" 200 5141
203.0.113.17 - - [07/Jul/2026:15:31:46 +0900] "PUT /about HTTP/1.1" 200 6527
198.51.100.23 - - [07/Jul/2026:17:28:01 +0900] "GET /login HTTP/1.1" 403 4954
198.51.100.15 - - [07/Jul/2026:07:32:52 +0900] "GET /css/style.css HTTP/1.1" 200 3477
198.51.100.10 - - [07/Jul/2026:17:10:32 +0900] "GET /images/logo.png HTTP/1.1" 200 2329
203.0.113.99 - - [07/Jul/2026:11:22:12 +0900] "DELETE /products/list HTTP/1.1" 200 4157
198.51.100.28 - - [07/Jul/2026:20:02:49 +0900] "POST /api/orders HTTP/1.1" 200 6324
203.0.113.99 - - [07/Jul/2026:21:48:36 +0900] "GET /products/list HTTP/1.1" 200 301
203.0.113.14 - - [07/Jul/2026:13:36:10 +0900] "GET /api/payment HTTP/1.1" 500 1426
203.0.113.15 - - [07/Jul/2026:08:01:31 +0900] "GET /about HTTP/1.1" 200 8332
203.0.113.47 - - [07/Jul/2026:16:20:28 +0900] "POST /api/orders HTTP/1.1" 200 8193
203.0.113.5 - - [07/Jul/2026:17:41:02 +0900] "PUT /index.html HTTP/1.1" 200 2676
203.0.113.99 - - [07/Jul/2026:17:22:32 +0900] "GET /products/list HTTP/1.1" 200 4991
198.51.100.35 - - [07/Jul/2026:18:28:11 +0900] "DELETE /images/logo.png HTTP/1.1" 200 5872
198.51.100.3 - - [07/Jul/2026:17:58:44 +0900] "POST /api/orders HTTP/1.1" 200 3846
203.0.113.32 - - [07/Jul/2026:19:03:41 +0900] "GET /about HTTP/1.1" 200 842
203.0.113.54 - - [07/Jul/2026:08:29:35 +0900] "DELETE /old-page HTTP/1.1" 301 4009
203.0.113.59 - - [07/Jul/2026:13:53:14 +0900] "PUT /css/style.css HTTP/1.1" 200 8805
203.0.113.38 - - [07/Jul/2026:13:22:41 +0900] "DELETE /about HTTP/1.1" 200 2021
198.51.100.17 - - [07/Jul/2026:17:35:04 +0900] "GET /about HTTP/1.1" 200 7571
198.51.100.30 - - [07/Jul/2026:06:21:42 +0900] "PUT /api/orders HTTP/1.1" 200 8931
203.0.113.39 - - [07/Jul/2026:13:51:18 +0900] "PUT /js/app.js HTTP/1.1" 200 4447
203.0.113.48 - - [07/Jul/2026:16:30:28 +0900] "PUT /css/style.css HTTP/1.1" 200 890
203.0.113.45 - - [07/Jul/2026:12:09:13 +0900] "GET /images/logo.png HTTP/1.1" 200 4513
198.51.100.39 - - [07/Jul/2026:17:11:59 +0900] "GET /index.html HTTP/1.1" 200 5068
203.0.113.22 - - [07/Jul/2026:13:37:14 +0900] "POST /js/app.js HTTP/1.1" 200 1096
198.51.100.29 - - [07/Jul/2026:20:14:47 +0900] "GET /products/list HTTP/1.1" 200 7377
198.51.100.26 - - [07/Jul/2026:19:02:21 +0900] "GET /login HTTP/1.1" 404 4680
203.0.113.8 - - [07/Jul/2026:08:27:41 +0900] "GET /js/app.js HTTP/1.1" 200 7029
198.51.100.16 - - [07/Jul/2026:10:39:02 +0900] "GET /about HTTP/1.1" 200 7232
203.0.113.13 - - [07/Jul/2026:11:22:01 +0900] "PUT /js/app.js HTTP/1.1" 200 5878
203.0.113.14 - - [07/Jul/2026:15:21:36 +0900] "GET /css/style.css HTTP/1.1" 200 7970
203.0.113.49 - - [07/Jul/2026:22:52:07 +0900] "GET /js/app.js HTTP/1.1" 200 1138
203.0.113.17 - - [07/Jul/2026:16:22:37 +0900] "POST /products/list HTTP/1.1" 200 6958
203.0.113.21 - - [07/Jul/2026:23:38:04 +0900] "GET /products/list HTTP/1.1" 200 2516
203.0.113.99 - - [07/Jul/2026:12:26:04 +0900] "POST /products/list HTTP/1.1" 200 6140
203.0.113.11 - - [07/Jul/2026:12:29:42 +0900] "GET /js/app.js HTTP/1.1" 200 5478
203.0.113.15 - - [07/Jul/2026:13:54:36 +0900] "GET /products/detail HTTP/1.1" 200 7177
203.0.113.12 - - [07/Jul/2026:15:23:20 +0900] "GET /js/app.js HTTP/1.1" 200 6870
203.0.113.49 - - [07/Jul/2026:22:03:43 +0900] "POST /old-page HTTP/1.1" 301 386
198.51.100.28 - - [07/Jul/2026:14:35:20 +0900] "GET /products/detail HTTP/1.1" 200 8914
198.51.100.15 - - [07/Jul/2026:14:30:59 +0900] "GET /login HTTP/1.1" 404 2666
203.0.113.17 - - [07/Jul/2026:01:15:12 +0900] "POST /images/logo.png HTTP/1.1" 200 8495
198.51.100.23 - - [07/Jul/2026:18:54:01 +0900] "GET /api/payment HTTP/1.1" 502 7471
198.51.100.16 - - [07/Jul/2026:11:15:56 +0900] "POST /api/orders HTTP/1.1" 200 2240
198.51.100.6 - - [07/Jul/2026:14:32:28 +0900] "GET /images/banner.png HTTP/1.1" 404 8599
203.0.113.28 - - [07/Jul/2026:13:44:26 +0900] "GET /index.html HTTP/1.1" 200 2456
203.0.113.99 - - [07/Jul/2026:11:29:09 +0900] "GET /products/list HTTP/1.1" 200 782
203.0.113.99 - - [07/Jul/2026:15:39:53 +0900] "POST /products/list HTTP/1.1" 200 1354
198.51.100.14 - - [07/Jul/2026:21:43:20 +0900] "PUT /search HTTP/1.1" 404 7439
203.0.113.52 - - [07/Jul/2026:18:24:00 +0900] "GET /js/app.js HTTP/1.1" 200 4037
198.51.100.8 - - [07/Jul/2026:13:18:50 +0900] "GET /products/detail HTTP/1.1" 200 4614
198.51.100.2 - - [07/Jul/2026:12:29:19 +0900] "POST /api/orders HTTP/1.1" 200 2418
198.51.100.2 - - [07/Jul/2026:10:21:17 +0900] "GET /products/list HTTP/1.1" 200 808
203.0.113.99 - - [07/Jul/2026:14:42:43 +0900] "PUT /products/list HTTP/1.1" 200 8700
203.0.113.39 - - [07/Jul/2026:11:44:07 +0900] "GET /api/payment HTTP/1.1" 502 3921
198.51.100.8 - - [07/Jul/2026:19:32:06 +0900] "GET /about HTTP/1.1" 200 792
203.0.113.14 - - [07/Jul/2026:15:03:20 +0900] "DELETE /css/style.css HTTP/1.1" 200 453
198.51.100.3 - - [07/Jul/2026:14:15:10 +0900] "DELETE /css/style.css HTTP/1.1" 200 5493
203.0.113.13 - - [07/Jul/2026:23:18:13 +0900] "DELETE /images/logo.png HTTP/1.1" 200 2801
198.51.100.7 - - [07/Jul/2026:14:40:31 +0900] "GET /css/style.css HTTP/1.1" 200 3351
203.0.113.16 - - [07/Jul/2026:23:46:42 +0900] "GET /css/style.css HTTP/1.1" 200 5539
198.51.100.33 - - [07/Jul/2026:16:48:37 +0900] "GET /css/style.css HTTP/1.1" 200 5958
198.51.100.29 - - [07/Jul/2026:16:56:51 +0900] "DELETE /about HTTP/1.1" 200 7310
198.51.100.20 - - [07/Jul/2026:17:35:50 +0900] "GET /products/detail HTTP/1.1" 200 5365
198.51.100.17 - - [07/Jul/2026:09:04:04 +0900] "GET /index.html HTTP/1.1" 200 2618
203.0.113.59 - - [07/Jul/2026:15:48:45 +0900] "GET /images/logo.png HTTP/1.1" 200 3630
198.51.100.12 - - [07/Jul/2026:10:24:11 +0900] "GET /js/app.js HTTP/1.1" 200 7766
203.0.113.58 - - [07/Jul/2026:15:09:58 +0900] "GET /about HTTP/1.1" 200 6395
203.0.113.39 - - [07/Jul/2026:12:18:04 +0900] "GET /api/payment HTTP/1.1" 502 1051
198.51.100.19 - - [07/Jul/2026:13:33:25 +0900] "PUT /js/app.js HTTP/1.1" 200 8352
203.0.113.5 - - [07/Jul/2026:18:36:02 +0900] "DELETE /js/app.js HTTP/1.1" 200 3633
203.0.113.19 - - [07/Jul/2026:09:28:24 +0900] "GET /css/style.css HTTP/1.1" 200 4316
203.0.113.99 - - [07/Jul/2026:11:02:02 +0900] "GET /products/list HTTP/1.1" 200 3261
203.0.113.40 - - [07/Jul/2026:09:25:31 +0900] "DELETE /about HTTP/1.1" 200 1648
198.51.100.37 - - [07/Jul/2026:11:06:05 +0900] "GET /images/logo.png HTTP/1.1" 200 8282
198.51.100.21 - - [07/Jul/2026:12:05:56 +0900] "GET /js/app.js HTTP/1.1" 200 7343
198.51.100.2 - - [07/Jul/2026:15:26:55 +0900] "PUT /about HTTP/1.1" 200 3125
198.51.100.4 - - [07/Jul/2026:13:45:24 +0900] "GET /about HTTP/1.1" 200 4911
203.0.113.44 - - [07/Jul/2026:12:50:23 +0900] "GET /images/logo.png HTTP/1.1" 200 4997
198.51.100.10 - - [07/Jul/2026:14:48:55 +0900] "GET /index.html HTTP/1.1" 200 1933
198.51.100.15 - - [07/Jul/2026:17:10:13 +0900] "GET /images/logo.png HTTP/1.1" 200 5890
203.0.113.38 - - [07/Jul/2026:17:51:44 +0900] "GET /about HTTP/1.1" 200 7005
198.51.100.34 - - [07/Jul/2026:17:04:19 +0900] "GET /index.html HTTP/1.1" 200 3338
203.0.113.8 - - [07/Jul/2026:11:21:53 +0900] "GET /css/style.css HTTP/1.1" 200 7364
198.51.100.17 - - [07/Jul/2026:18:45:01 +0900] "POST /js/app.js HTTP/1.1" 200 2208
198.51.100.32 - - [07/Jul/2026:12:09:26 +0900] "GET /api/orders HTTP/1.1" 200 2442
198.51.100.28 - - [07/Jul/2026:11:52:47 +0900] "GET /css/style.css HTTP/1.1" 200 8051
203.0.113.17 - - [07/Jul/2026:13:39:14 +0900] "GET /images/logo.png HTTP/1.1" 200 944
203.0.113.15 - - [07/Jul/2026:12:50:44 +0900] "POST /api/orders HTTP/1.1" 200 7721
203.0.113.19 - - [07/Jul/2026:17:05:08 +0900] "GET /api/payment HTTP/1.1" 500 619
203.0.113.14 - - [07/Jul/2026:15:25:40 +0900] "POST /js/app.js HTTP/1.1" 200 8941
198.51.100.13 - - [07/Jul/2026:12:39:03 +0900] "GET /api/orders HTTP/1.1" 200 671
203.0.113.44 - - [07/Jul/2026:13:19:12 +0900] "PUT /js/app.js HTTP/1.1" 200 7124
198.51.100.11 - - [07/Jul/2026:13:44:21 +0900] "PUT /login HTTP/1.1" 404 9067
203.0.113.40 - - [07/Jul/2026:08:25:05 +0900] "POST /about HTTP/1.1" 200 3687
203.0.113.25 - - [07/Jul/2026:12:58:55 +0900] "DELETE /js/app.js HTTP/1.1" 200 1922
203.0.113.7 - - [07/Jul/2026:10:07:20 +0900] "GET /js/app.js HTTP/1.1" 200 7226
203.0.113.16 - - [07/Jul/2026:14:51:11 +0900] "GET /old-page HTTP/1.1" 301 6049
198.51.100.17 - - [07/Jul/2026:11:36:22 +0900] "DELETE /index.html HTTP/1.1" 200 6664
203.0.113.30 - - [07/Jul/2026:10:18:53 +0900] "GET /js/app.js HTTP/1.1" 200 742
203.0.113.45 - - [07/Jul/2026:19:24:26 +0900] "GET /images/logo.png HTTP/1.1" 200 5581
203.0.113.23 - - [07/Jul/2026:07:54:36 +0900] "PUT /products/list HTTP/1.1" 200 2069
198.51.100.4 - - [07/Jul/2026:14:28:11 +0900] "GET /products/detail HTTP/1.1" 200 1660
198.51.100.14 - - [07/Jul/2026:07:12:26 +0900] "GET /images/logo.png HTTP/1.1" 200 7527
198.51.100.10 - - [07/Jul/2026:14:03:12 +0900] "GET /api/orders HTTP/1.1" 200 4555
203.0.113.14 - - [07/Jul/2026:17:12:06 +0900] "GET /about HTTP/1.1" 200 1067
198.51.100.19 - - [07/Jul/2026:16:17:46 +0900] "GET /js/app.js HTTP/1.1" 200 3360
198.51.100.2 - - [07/Jul/2026:07:00:39 +0900] "GET /index.html HTTP/1.1" 200 3230
198.51.100.24 - - [07/Jul/2026:18:37:25 +0900] "GET /about HTTP/1.1" 200 6143
203.0.113.5 - - [07/Jul/2026:19:11:17 +0900] "GET /images/logo.png HTTP/1.1" 200 2118
198.51.100.29 - - [07/Jul/2026:17:44:57 +0900] "GET /products/list HTTP/1.1" 200 5367
203.0.113.99 - - [07/Jul/2026:14:03:27 +0900] "GET /products/list HTTP/1.1" 200 6544
198.51.100.5 - - [07/Jul/2026:14:13:33 +0900] "POST /api/orders HTTP/1.1" 200 5099
203.0.113.99 - - [07/Jul/2026:13:32:02 +0900] "DELETE /products/list HTTP/1.1" 200 9158
203.0.113.36 - - [07/Jul/2026:13:13:42 +0900] "PUT /products/list HTTP/1.1" 200 2983
203.0.113.8 - - [07/Jul/2026:13:38:00 +0900] "GET /css/style.css HTTP/1.1" 200 4088
203.0.113.5 - - [07/Jul/2026:13:56:30 +0900] "GET /products/list HTTP/1.1" 200 538
198.51.100.35 - - [07/Jul/2026:08:09:24 +0900] "GET /about HTTP/1.1" 200 6089
203.0.113.20 - - [07/Jul/2026:17:11:00 +0900] "GET /css/style.css HTTP/1.1" 200 6680
203.0.113.99 - - [07/Jul/2026:14:44:34 +0900] "GET /products/list HTTP/1.1" 200 8022
198.51.100.24 - - [07/Jul/2026:00:01:29 +0900] "PUT /css/style.css HTTP/1.1" 200 6973
198.51.100.30 - - [07/Jul/2026:20:32:57 +0900] "GET /about HTTP/1.1" 200 4723
203.0.113.15 - - [07/Jul/2026:17:00:50 +0900] "GET /products/list HTTP/1.1" 200 2461
203.0.113.29 - - [07/Jul/2026:22:25:43 +0900] "GET /js/app.js HTTP/1.1" 200 1741
203.0.113.99 - - [07/Jul/2026:02:06:09 +0900] "POST /products/list HTTP/1.1" 200 4597
203.0.113.99 - - [07/Jul/2026:20:19:51 +0900] "GET /products/list HTTP/1.1" 200 1924
203.0.113.5 - - [07/Jul/2026:09:18:55 +0900] "DELETE /about HTTP/1.1" 200 5392
203.0.113.50 - - [07/Jul/2026:13:51:30 +0900] "GET /products/list HTTP/1.1" 200 2373
203.0.113.99 - - [07/Jul/2026:16:50:07 +0900] "GET /products/list HTTP/1.1" 200 5506
203.0.113.26 - - [07/Jul/2026:15:26:14 +0900] "GET /js/app.js HTTP/1.1" 200 7382
203.0.113.99 - - [07/Jul/2026:07:53:54 +0900] "GET /products/list HTTP/1.1" 200 6562
198.51.100.9 - - [07/Jul/2026:15:32:53 +0900] "GET /js/app.js HTTP/1.1" 200 452
203.0.113.56 - - [07/Jul/2026:19:32:43 +0900] "GET /images/logo.png HTTP/1.1" 200 8146
198.51.100.31 - - [07/Jul/2026:07:55:01 +0900] "GET /products/detail HTTP/1.1" 200 2502
203.0.113.10 - - [07/Jul/2026:17:44:51 +0900] "GET /products/list HTTP/1.1" 200 6580
198.51.100.15 - - [07/Jul/2026:13:21:22 +0900] "GET /css/style.css HTTP/1.1" 200 4348
203.0.113.99 - - [07/Jul/2026:07:51:23 +0900] "GET /products/list HTTP/1.1" 200 9059
203.0.113.26 - - [07/Jul/2026:10:10:13 +0900] "GET /about HTTP/1.1" 200 2602
203.0.113.23 - - [07/Jul/2026:08:30:37 +0900] "PUT /js/app.js HTTP/1.1" 200 627
198.51.100.29 - - [07/Jul/2026:10:36:11 +0900] "POST /images/logo.png HTTP/1.1" 200 4489
198.51.100.28 - - [07/Jul/2026:11:38:50 +0900] "PUT /api/orders HTTP/1.1" 200 1839
198.51.100.16 - - [07/Jul/2026:10:55:53 +0900] "GET /products/detail HTTP/1.1" 200 1375
203.0.113.52 - - [07/Jul/2026:20:26:03 +0900] "GET /products/list HTTP/1.1" 200 3858
203.0.113.99 - - [07/Jul/2026:21:37:35 +0900] "GET /products/list HTTP/1.1" 200 9007
203.0.113.8 - - [07/Jul/2026:10:18:39 +0900] "GET /api/orders HTTP/1.1" 200 1661
203.0.113.37 - - [07/Jul/2026:22:58:32 +0900] "GET /products/detail HTTP/1.1" 200 8793
198.51.100.22 - - [07/Jul/2026:15:12:35 +0900] "GET /css/style.css HTTP/1.1" 200 4542
203.0.113.23 - - [07/Jul/2026:15:19:05 +0900] "PUT /index.html HTTP/1.1" 200 8185
203.0.113.9 - - [07/Jul/2026:13:55:37 +0900] "GET /products/list HTTP/1.1" 200 9121
198.51.100.12 - - [07/Jul/2026:09:31:21 +0900] "DELETE /js/app.js HTTP/1.1" 200 4574
203.0.113.42 - - [07/Jul/2026:07:57:05 +0900] "GET /about HTTP/1.1" 200 1659
203.0.113.18 - - [07/Jul/2026:17:04:03 +0900] "GET /images/logo.png HTTP/1.1" 200 4181
203.0.113.14 - - [07/Jul/2026:14:51:44 +0900] "GET /index.html HTTP/1.1" 200 3751
203.0.113.51 - - [07/Jul/2026:11:35:09 +0900] "GET /products/detail HTTP/1.1" 200 4706
203.0.113.20 - - [07/Jul/2026:13:26:50 +0900] "PUT /admin HTTP/1.1" 403 7568
203.0.113.19 - - [07/Jul/2026:10:57:32 +0900] "GET /products/detail HTTP/1.1" 200 5082
198.51.100.32 - - [07/Jul/2026:15:32:13 +0900] "GET /css/style.css HTTP/1.1" 200 3261
198.51.100.18 - - [07/Jul/2026:15:37:22 +0900] "GET /index.html HTTP/1.1" 200 2787
198.51.100.23 - - [07/Jul/2026:20:46:42 +0900] "GET /about HTTP/1.1" 200 5208
203.0.113.20 - - [07/Jul/2026:17:14:21 +0900] "GET /js/app.js HTTP/1.1" 200 2309
198.51.100.10 - - [07/Jul/2026:13:34:27 +0900] "GET /products/detail HTTP/1.1" 200 7198
198.51.100.38 - - [07/Jul/2026:17:32:45 +0900] "GET /images/logo.png HTTP/1.1" 200 6386
203.0.113.59 - - [07/Jul/2026:13:20:40 +0900] "GET /index.html HTTP/1.1" 200 695
203.0.113.7 - - [07/Jul/2026:11:32:00 +0900] "GET /old-page HTTP/1.1" 301 7909
198.51.100.8 - - [07/Jul/2026:14:28:14 +0900] "PUT /images/logo.png HTTP/1.1" 200 7855
198.51.100.32 - - [07/Jul/2026:15:19:32 +0900] "GET /api/orders HTTP/1.1" 200 8290
198.51.100.5 - - [07/Jul/2026:12:39:57 +0900] "PUT /products/detail HTTP/1.1" 200 7293
203.0.113.48 - - [07/Jul/2026:15:29:21 +0900] "POST /api/orders HTTP/1.1" 200 7931
198.51.100.36 - - [07/Jul/2026:08:01:09 +0900] "GET /products/detail HTTP/1.1" 200 2428
203.0.113.45 - - [07/Jul/2026:14:43:39 +0900] "GET /index.html HTTP/1.1" 200 6004
198.51.100.9 - - [07/Jul/2026:06:25:31 +0900] "POST /api/orders HTTP/1.1" 200 1174
198.51.100.22 - - [07/Jul/2026:23:05:59 +0900] "GET /index.html HTTP/1.1" 200 1454
203.0.113.26 - - [07/Jul/2026:15:25:37 +0900] "GET /css/style.css HTTP/1.1" 200 2480
203.0.113.99 - - [07/Jul/2026:14:26:47 +0900] "GET /products/list HTTP/1.1" 200 7049
203.0.113.57 - - [07/Jul/2026:19:03:39 +0900] "POST /api/orders HTTP/1.1" 200 1625
198.51.100.14 - - [07/Jul/2026:15:55:23 +0900] "GET /products/list HTTP/1.1" 200 1554
203.0.113.10 - - [07/Jul/2026:13:10:33 +0900] "PUT /index.html HTTP/1.1" 200 3062
203.0.113.33 - - [07/Jul/2026:18:03:41 +0900] "GET /products/list HTTP/1.1" 200 5872
203.0.113.57 - - [07/Jul/2026:19:05:22 +0900] "POST /about HTTP/1.1" 200 5647
203.0.113.35 - - [07/Jul/2026:09:25:00 +0900] "PUT /js/app.js HTTP/1.1" 200 6422
203.0.113.22 - - [07/Jul/2026:14:54:33 +0900] "GET /login HTTP/1.1" 403 1293
203.0.113.33 - - [07/Jul/2026:17:22:22 +0900] "GET /images/logo.png HTTP/1.1" 200 4491
203.0.113.24 - - [07/Jul/2026:10:44:34 +0900] "POST /about HTTP/1.1" 200 8925
198.51.100.36 - - [07/Jul/2026:11:48:25 +0900] "GET /products/list HTTP/1.1" 200 6852
203.0.113.9 - - [07/Jul/2026:16:10:59 +0900] "GET /products/detail HTTP/1.1" 200 2102
198.51.100.7 - - [07/Jul/2026:14:12:53 +0900] "GET /index.html HTTP/1.1" 200 1100
203.0.113.20 - - [07/Jul/2026:11:39:59 +0900] "GET /index.html HTTP/1.1" 200 2003
203.0.113.15 - - [07/Jul/2026:18:46:19 +0900] "GET /about HTTP/1.1" 200 1161
198.51.100.12 - - [07/Jul/2026:13:35:31 +0900] "GET /css/style.css HTTP/1.1" 200 1549
198.51.100.11 - - [07/Jul/2026:13:38:46 +0900] "GET /images/logo.png HTTP/1.1" 200 1689
203.0.113.28 - - [07/Jul/2026:14:47:31 +0900] "GET /about HTTP/1.1" 200 6781
203.0.113.41 - - [07/Jul/2026:15:49:37 +0900] "POST /api/orders HTTP/1.1" 200 7489
203.0.113.99 - - [07/Jul/2026:09:10:37 +0900] "POST /products/list HTTP/1.1" 200 4236
