203.0.113.14 - - [08/Jul/2026:13:46:12 +0900] "POST /products/list HTTP/1.1" 200 2348
203.0.113.30 - - [08/Jul/2026:10:20:02 +0900] "GET /css/style.css HTTP/1.1" 200 4357
198.51.100.38 - - [08/Jul/2026:20:02:08 +0900] "GET /css/style.css HTTP/1.1" 200 6433
203.0.113.28 - - [08/Jul/2026:19:45:32 +0900] "GET /products/detail HTTP/1.1" 200 7666
198.51.100.2 - - [08/Jul/2026:22:25:31 +0900] "DELETE /index.html HTTP/1.1" 200 1365
203.0.113.59 - - [08/Jul/2026:20:16:05 +0900] "GET /js/app.js HTTP/1.1" 200 5973
198.51.100.21 - - [08/Jul/2026:16:05:27 +0900] "GET /old-page HTTP/1.1" 301 2705
198.51.100.16 - - [08/Jul/2026:17:02:16 +0900] "GET /about HTTP/1.1" 200 6193
203.0.113.46 - - [08/Jul/2026:21:22:24 +0900] "GET /products/list HTTP/1.1" 200 7425
203.0.113.51 - - [08/Jul/2026:18:49:06 +0900] "PUT /images/logo.png HTTP/1.1" 200 949
198.51.100.5 - - [08/Jul/2026:17:05:42 +0900] "GET /images/logo.png HTTP/1.1" 200 6120
203.0.113.46 - - [08/Jul/2026:15:23:10 +0900] "GET /images/logo.png HTTP/1.1" 200 6577
198.51.100.14 - - [08/Jul/2026:19:41:46 +0900] "POST /api/orders HTTP/1.1" 200 4927
203.0.113.55 - - [08/Jul/2026:17:52:47 +0900] "GET /products/list HTTP/1.1" 200 1402
198.51.100.77 - - [08/Jul/2026:07:57:57 +0900] "GET /products/list HTTP/1.1" 200 8712
203.0.113.24 - - [08/Jul/2026:06:23:23 +0900] "DELETE /css/style.css HTTP/1.1" 200 743
203.0.113.9 - - [08/Jul/2026:16:36:09 +0900] "PUT /images/logo.png HTTP/1.1" 200 3752
203.0.113.31 - - [08/Jul/2026:23:47:31 +0900] "POST /api/orders HTTP/1.1" 200 5863
198.51.100.20 - - [08/Jul/2026:22:06:20 +0900] "DELETE /about HTTP/1.1" 200 4114
198.51.100.10 - - [08/Jul/2026:13:08:58 +0900] "DELETE /products/list HTTP/1.1" 200 547
198.51.100.19 - - [08/Jul/2026:15:38:29 +0900] "GET /index.html HTTP/1.1" 200 5512
203.0.113.41 - - [08/Jul/2026:15:21:38 +0900] "GET /products/list HTTP/1.1" 200 6236
198.51.100.10 - - [08/Jul/2026:23:13:03 +0900] "GET /api/orders HTTP/1.1" 200 1516
198.51.100.77 - - [08/Jul/2026:19:50:51 +0900] "PUT /products/list HTTP/1.1" 200 6374
198.51.100.32 - - [08/Jul/2026:23:16:06 +0900] "GET /index.html HTTP/1.1" 200 9068
203.0.113.43 - - [08/Jul/2026:23:46:10 +0900] "GET /products/detail HTTP/1.1" 200 6234
203.0.113.52 - - [08/Jul/2026:23:02:08 +0900] "GET /about HTTP/1.1" 200 5056
198.51.100.36 - - [08/Jul/2026:19:19:37 +0900] "PUT /js/app.js HTTP/1.1" 200 7696
203.0.113.54 - - [08/Jul/2026:06:45:36 +0900] "PUT /api/orders HTTP/1.1" 200 794
203.0.113.52 - - [08/Jul/2026:17:06:46 +0900] "PUT /api/orders HTTP/1.1" 200 8720
198.51.100.77 - - [08/Jul/2026:20:27:01 +0900] "GET /products/list HTTP/1.1" 200 1773
203.0.113.24 - - [08/Jul/2026:21:20:00 +0900] "GET /products/detail HTTP/1.1" 200 614
203.0.113.7 - - [08/Jul/2026:20:57:57 +0900] "GET /about HTTP/1.1" 200 7213
203.0.113.15 - - [08/Jul/2026:16:53:56 +0900] "GET /js/app.js HTTP/1.1" 200 7614
203.0.113.34 - - [08/Jul/2026:20:47:12 +0900] "GET /index.html HTTP/1.1" 200 3094
198.51.100.20 - - [08/Jul/2026:23:38:45 +0900] "POST /api/orders HTTP/1.1" 200 6573
198.51.100.24 - - [08/Jul/2026:18:52:16 +0900] "PUT /about HTTP/1.1" 200 6019
198.51.100.36 - - [08/Jul/2026:13:38:56 +0900] "GET /index.html HTTP/1.1" 200 4519
203.0.113.49 - - [08/Jul/2026:18:43:48 +0900] "DELETE /products/detail HTTP/1.1" 200 5905
198.51.100.38 - - [08/Jul/2026:22:59:12 +0900] "POST /old-page HTTP/1.1" 301 6865
203.0.113.44 - - [08/Jul/2026:21:41:02 +0900] "DELETE /css/style.css HTTP/1.1" 200 1442
198.51.100.37 - - [08/Jul/2026:19:43:10 +0900] "GET /index.html HTTP/1.1" 200 4740
198.51.100.39 - - [08/Jul/2026:22:10:21 +0900] "POST /products/list HTTP/1.1" 200 2979
203.0.113.25 - - [08/Jul/2026:18:50:47 +0900] "GET /images/logo.png HTTP/1.1" 200 3535
198.51.100.77 - - [08/Jul/2026:19:13:49 +0900] "GET /products/list HTTP/1.1" 200 7486
198.51.100.35 - - [08/Jul/2026:08:01:58 +0900] "GET /js/app.js HTTP/1.1" 200 8605
198.51.100.12 - - [08/Jul/2026:20:11:03 +0900] "GET /images/logo.png HTTP/1.1" 200 3966
198.51.100.27 - - [08/Jul/2026:17:18:14 +0900] "GET /about HTTP/1.1" 200 5920
198.51.100.10 - - [08/Jul/2026:20:33:07 +0900] "GET /products/detail HTTP/1.1" 200 8799
198.51.100.13 - - [08/Jul/2026:12:28:34 +0900] "GET /about HTTP/1.1" 200 2776
203.0.113.17 - - [08/Jul/2026:21:57:23 +0900] "GET /images/logo.png HTTP/1.1" 200 5489
203.0.113.15 - - [08/Jul/2026:19:46:11 +0900] "GET /css/style.css HTTP/1.1" 200 4111
203.0.113.6 - - [08/Jul/2026:22:19:52 +0900] "GET /index.html HTTP/1.1" 200 3215
203.0.113.53 - - [08/Jul/2026:23:29:44 +0900] "GET /js/app.js HTTP/1.1" 200 3196
203.0.113.29 - - [08/Jul/2026:11:23:30 +0900] "POST /products/list HTTP/1.1" 200 5713
198.51.100.9 - - [08/Jul/2026:23:11:15 +0900] "PUT /products/list HTTP/1.1" 200 3694
203.0.113.29 - - [08/Jul/2026:10:22:28 +0900] "GET /products/detail HTTP/1.1" 200 4800
203.0.113.28 - - [08/Jul/2026:20:34:18 +0900] "GET /index.html HTTP/1.1" 200 3048
203.0.113.37 - - [08/Jul/2026:19:48:32 +0900] "PUT /about HTTP/1.1" 200 5771
203.0.113.20 - - [08/Jul/2026:21:23:53 +0900] "POST /api/coupon HTTP/1.1" 503 2252
203.0.113.32 - - [08/Jul/2026:17:02:00 +0900] "GET /old-page HTTP/1.1" 301 7433
198.51.100.31 - - [08/Jul/2026:07:20:59 +0900] "GET /products/list HTTP/1.1" 200 5076
198.51.100.8 - - [08/Jul/2026:09:06:09 +0900] "DELETE /old-page HTTP/1.1" 301 4312
203.0.113.49 - - [08/Jul/2026:14:02:55 +0900] "GET /products/list HTTP/1.1" 200 3877
198.51.100.35 - - [08/Jul/2026:14:27:07 +0900] "GET /index.html HTTP/1.1" 200 502
198.51.100.18 - - [08/Jul/2026:23:08:35 +0900] "POST /api/orders HTTP/1.1" 200 6109
198.51.100.5 - - [08/Jul/2026:21:51:13 +0900] "GET /about HTTP/1.1" 200 766
203.0.113.47 - - [08/Jul/2026:19:33:56 +0900] "GET /products/detail HTTP/1.1" 200 4730
203.0.113.59 - - [08/Jul/2026:20:02:38 +0900] "GET /old-page HTTP/1.1" 301 7736
198.51.100.20 - - [08/Jul/2026:17:06:31 +0900] "GET /api/orders HTTP/1.1" 200 5692
203.0.113.41 - - [08/Jul/2026:20:27:00 +0900] "GET /about HTTP/1.1" 200 7442
198.51.100.3 - - [08/Jul/2026:07:10:33 +0900] "POST /images/logo.png HTTP/1.1" 200 777
203.0.113.41 - - [08/Jul/2026:21:10:01 +0900] "GET /products/list HTTP/1.1" 200 4474
203.0.113.47 - - [08/Jul/2026:20:05:16 +0900] "POST /js/app.js HTTP/1.1" 200 191
203.0.113.35 - - [08/Jul/2026:17:23:48 +0900] "GET /products/detail HTTP/1.1" 200 2157
203.0.113.35 - - [08/Jul/2026:20:13:56 +0900] "GET /products/list HTTP/1.1" 200 3623
203.0.113.21 - - [08/Jul/2026:17:58:37 +0900] "GET /products/list HTTP/1.1" 200 213
203.0.113.35 - - [08/Jul/2026:21:27:49 +0900] "GET /index.html HTTP/1.1" 200 5067
198.51.100.38 - - [08/Jul/2026:20:56:32 +0900] "POST /api/payment HTTP/1.1" 502 1652
198.51.100.33 - - [08/Jul/2026:20:14:15 +0900] "GET /images/logo.png HTTP/1.1" 200 1639
203.0.113.50 - - [08/Jul/2026:19:52:42 +0900] "GET /api/orders HTTP/1.1" 200 5867
198.51.100.22 - - [08/Jul/2026:14:49:08 +0900] "GET /images/logo.png HTTP/1.1" 200 5563
198.51.100.23 - - [08/Jul/2026:09:29:41 +0900] "GET /old-page HTTP/1.1" 301 2618
198.51.100.77 - - [08/Jul/2026:18:33:02 +0900] "PUT /products/list HTTP/1.1" 200 3558
203.0.113.37 - - [08/Jul/2026:18:12:22 +0900] "GET /css/style.css HTTP/1.1" 200 1461
203.0.113.10 - - [08/Jul/2026:19:08:19 +0900] "GET /index.html HTTP/1.1" 200 5396
203.0.113.39 - - [08/Jul/2026:18:26:47 +0900] "PUT /products/detail HTTP/1.1" 200 853
203.0.113.9 - - [08/Jul/2026:23:00:26 +0900] "GET /about HTTP/1.1" 200 2006
203.0.113.2 - - [08/Jul/2026:20:13:54 +0900] "POST /css/style.css HTTP/1.1" 200 5852
198.51.100.35 - - [08/Jul/2026:04:27:17 +0900] "DELETE /products/detail HTTP/1.1" 200 1332
203.0.113.34 - - [08/Jul/2026:23:55:31 +0900] "GET /js/app.js HTTP/1.1" 200 6506
203.0.113.44 - - [08/Jul/2026:03:53:43 +0900] "GET /css/style.css HTTP/1.1" 200 3136
198.51.100.33 - - [08/Jul/2026:19:37:56 +0900] "GET /login HTTP/1.1" 403 3669
198.51.100.15 - - [08/Jul/2026:03:26:46 +0900] "GET /index.html HTTP/1.1" 200 4053
198.51.100.35 - - [08/Jul/2026:22:44:03 +0900] "POST /api/orders HTTP/1.1" 200 9050
198.51.100.31 - - [08/Jul/2026:21:40:13 +0900] "GET /images/logo.png HTTP/1.1" 200 1841
203.0.113.46 - - [08/Jul/2026:18:48:37 +0900] "POST /api/orders HTTP/1.1" 200 7891
198.51.100.15 - - [08/Jul/2026:19:47:39 +0900] "POST /css/style.css HTTP/1.1" 200 5322
198.51.100.27 - - [08/Jul/2026:18:34:20 +0900] "GET /images/logo.png HTTP/1.1" 200 4908
198.51.100.20 - - [08/Jul/2026:20:05:27 +0900] "GET /index.html HTTP/1.1" 200 8826
203.0.113.43 - - [08/Jul/2026:23:49:03 +0900] "GET /index.html HTTP/1.1" 200 2182
198.51.100.28 - - [08/Jul/2026:21:52:42 +0900] "PUT /about HTTP/1.1" 200 1710
203.0.113.53 - - [08/Jul/2026:08:53:49 +0900] "GET /css/style.css HTTP/1.1" 200 7917
203.0.113.58 - - [08/Jul/2026:20:06:08 +0900] "POST /api/orders HTTP/1.1" 200 7636
198.51.100.35 - - [08/Jul/2026:18:30:43 +0900] "GET /api/payment HTTP/1.1" 502 1010
203.0.113.52 - - [08/Jul/2026:20:35:02 +0900] "GET /images/logo.png HTTP/1.1" 200 1510
198.51.100.77 - - [08/Jul/2026:21:56:29 +0900] "GET /products/list HTTP/1.1" 200 5400
198.51.100.3 - - [08/Jul/2026:21:31:52 +0900] "GET /js/app.js HTTP/1.1" 200 7971
203.0.113.22 - - [08/Jul/2026:19:28:48 +0900] "GET /css/style.css HTTP/1.1" 200 9090
203.0.113.2 - - [08/Jul/2026:16:57:10 +0900] "GET /css/style.css HTTP/1.1" 200 7008
203.0.113.53 - - [08/Jul/2026:23:21:50 +0900] "POST /api/orders HTTP/1.1" 200 1548
203.0.113.53 - - [08/Jul/2026:22:52:25 +0900] "GET /css/style.css HTTP/1.1" 200 2013
203.0.113.37 - - [08/Jul/2026:21:40:23 +0900] "PUT /js/app.js HTTP/1.1" 200 3700
198.51.100.22 - - [08/Jul/2026:00:43:34 +0900] "DELETE /index.html HTTP/1.1" 200 7088
198.51.100.10 - - [08/Jul/2026:21:48:43 +0900] "GET /api/orders HTTP/1.1" 200 5961
203.0.113.24 - - [08/Jul/2026:16:09:31 +0900] "GET /about HTTP/1.1" 200 5154
198.51.100.77 - - [08/Jul/2026:08:35:31 +0900] "PUT /products/list HTTP/1.1" 200 4171
198.51.100.26 - - [08/Jul/2026:22:53:26 +0900] "GET /index.html HTTP/1.1" 200 2559
203.0.113.32 - - [08/Jul/2026:16:12:07 +0900] "GET /api/orders HTTP/1.1" 200 8573
203.0.113.22 - - [08/Jul/2026:22:43:37 +0900] "GET /products/detail HTTP/1.1" 200 8962
203.0.113.35 - - [08/Jul/2026:19:02:00 +0900] "GET /products/list HTTP/1.1" 200 7848
203.0.113.35 - - [08/Jul/2026:20:17:26 +0900] "GET /products/list HTTP/1.1" 200 6087
198.51.100.77 - - [08/Jul/2026:22:43:00 +0900] "PUT /products/list HTTP/1.1" 200 2299
203.0.113.35 - - [08/Jul/2026:17:49:04 +0900] "POST /api/coupon HTTP/1.1" 503 6347
203.0.113.52 - - [08/Jul/2026:16:47:34 +0900] "POST /images/logo.png HTTP/1.1" 200 6649
198.51.100.30 - - [08/Jul/2026:12:01:39 +0900] "POST /api/coupon HTTP/1.1" 500 3506
203.0.113.24 - - [08/Jul/2026:20:55:56 +0900] "GET /js/app.js HTTP/1.1" 200 5992
198.51.100.25 - - [08/Jul/2026:06:31:53 +0900] "GET /api/coupon HTTP/1.1" 503 3015
198.51.100.9 - - [08/Jul/2026:19:43:40 +0900] "GET /js/app.js HTTP/1.1" 200 8088
203.0.113.23 - - [08/Jul/2026:06:57:47 +0900] "GET /css/style.css HTTP/1.1" 200 466
203.0.113.31 - - [08/Jul/2026:16:43:25 +0900] "DELETE /index.html HTTP/1.1" 200 2157
198.51.100.22 - - [08/Jul/2026:22:41:35 +0900] "DELETE /api/coupon HTTP/1.1" 500 3736
203.0.113.52 - - [08/Jul/2026:18:55:58 +0900] "POST /api/orders HTTP/1.1" 200 8869
203.0.113.7 - - [08/Jul/2026:18:19:47 +0900] "GET /css/style.css HTTP/1.1" 200 3166
198.51.100.9 - - [08/Jul/2026:20:04:06 +0900] "DELETE /products/detail HTTP/1.1" 200 5521
198.51.100.32 - - [08/Jul/2026:20:00:27 +0900] "GET /products/list HTTP/1.1" 200 2583
198.51.100.23 - - [08/Jul/2026:20:17:48 +0900] "GET /api/orders HTTP/1.1" 200 4903
198.51.100.77 - - [08/Jul/2026:16:00:49 +0900] "POST /products/list HTTP/1.1" 200 6729
198.51.100.38 - - [08/Jul/2026:16:49:27 +0900] "GET /js/app.js HTTP/1.1" 200 3717
203.0.113.18 - - [08/Jul/2026:18:13:36 +0900] "POST /api/coupon HTTP/1.1" 500 7637
203.0.113.3 - - [08/Jul/2026:20:45:31 +0900] "GET /js/app.js HTTP/1.1" 200 1018
198.51.100.11 - - [08/Jul/2026:13:11:37 +0900] "DELETE /index.html HTTP/1.1" 200 1411
203.0.113.55 - - [08/Jul/2026:20:19:30 +0900] "GET /login HTTP/1.1" 404 2356
198.51.100.77 - - [08/Jul/2026:18:03:50 +0900] "DELETE /products/list HTTP/1.1" 200 4516
203.0.113.50 - - [08/Jul/2026:19:56:20 +0900] "GET /index.html HTTP/1.1" 200 4771
203.0.113.35 - - [08/Jul/2026:21:46:22 +0900] "GET /api/orders HTTP/1.1" 200 3308
198.51.100.37 - - [08/Jul/2026:19:53:03 +0900] "GET /products/list HTTP/1.1" 200 8524
203.0.113.11 - - [08/Jul/2026:12:08:44 +0900] "GET /js/app.js HTTP/1.1" 200 6533
203.0.113.17 - - [08/Jul/2026:23:14:42 +0900] "GET /images/logo.png HTTP/1.1" 200 7179
198.51.100.37 - - [08/Jul/2026:22:24:32 +0900] "POST /api/orders HTTP/1.1" 200 7734
198.51.100.12 - - [08/Jul/2026:09:55:59 +0900] "GET /about HTTP/1.1" 200 8409
198.51.100.8 - - [08/Jul/2026:19:41:53 +0900] "PUT /products/list HTTP/1.1" 200 6636
203.0.113.42 - - [08/Jul/2026:23:23:47 +0900] "GET /index.html HTTP/1.1" 200 4273
203.0.113.46 - - [08/Jul/2026:16:53:48 +0900] "DELETE /images/logo.png HTTP/1.1" 200 1759
203.0.113.2 - - [08/Jul/2026:07:48:55 +0900] "POST /api/payment HTTP/1.1" 502 8171
203.0.113.51 - - [08/Jul/2026:22:45:12 +0900] "POST /api/orders HTTP/1.1" 200 8535
198.51.100.2 - - [08/Jul/2026:22:11:36 +0900] "GET /products/list HTTP/1.1" 200 1645
203.0.113.45 - - [08/Jul/2026:20:34:38 +0900] "GET /products/detail HTTP/1.1" 200 5132
198.51.100.34 - - [08/Jul/2026:16:29:24 +0900] "GET /products/detail HTTP/1.1" 200 4750
198.51.100.8 - - [08/Jul/2026:22:54:19 +0900] "POST /api/payment HTTP/1.1" 502 7899
203.0.113.15 - - [08/Jul/2026:15:08:17 +0900] "GET /js/app.js HTTP/1.1" 200 7935
198.51.100.20 - - [08/Jul/2026:20:28:13 +0900] "GET /index.html HTTP/1.1" 200 5361
198.51.100.20 - - [08/Jul/2026:21:16:52 +0900] "DELETE /js/app.js HTTP/1.1" 200 7050
198.51.100.8 - - [08/Jul/2026:16:56:10 +0900] "GET /index.html HTTP/1.1" 200 913
198.51.100.12 - - [08/Jul/2026:22:56:19 +0900] "PUT /products/list HTTP/1.1" 200 3577
203.0.113.52 - - [08/Jul/2026:19:56:25 +0900] "GET /js/app.js HTTP/1.1" 200 2144
198.51.100.20 - - [08/Jul/2026:16:27:11 +0900] "DELETE /about HTTP/1.1" 200 1397
198.51.100.30 - - [08/Jul/2026:14:42:29 +0900] "GET /old-page HTTP/1.1" 301 1152
203.0.113.51 - - [08/Jul/2026:18:08:49 +0900] "GET /admin HTTP/1.1" 403 826
203.0.113.49 - - [08/Jul/2026:20:02:00 +0900] "POST /api/coupon HTTP/1.1" 500 5353
203.0.113.51 - - [08/Jul/2026:22:28:29 +0900] "PUT /images/logo.png HTTP/1.1" 200 3891
203.0.113.49 - - [08/Jul/2026:21:12:49 +0900] "GET /about HTTP/1.1" 200 8084
198.51.100.26 - - [08/Jul/2026:09:43:09 +0900] "POST /products/detail HTTP/1.1" 200 1557
203.0.113.54 - - [08/Jul/2026:22:30:43 +0900] "GET /products/list HTTP/1.1" 200 871
198.51.100.25 - - [08/Jul/2026:12:54:13 +0900] "POST /about HTTP/1.1" 200 260
198.51.100.15 - - [08/Jul/2026:21:20:09 +0900] "POST /api/orders HTTP/1.1" 200 8178
203.0.113.24 - - [08/Jul/2026:19:43:06 +0900] "PUT /about HTTP/1.1" 200 7158
198.51.100.36 - - [08/Jul/2026:23:27:02 +0900] "GET /css/style.css HTTP/1.1" 200 2009
198.51.100.36 - - [08/Jul/2026:21:48:22 +0900] "GET /products/list HTTP/1.1" 200 5302
198.51.100.10 - - [08/Jul/2026:21:29:05 +0900] "DELETE /products/detail HTTP/1.1" 200 8354
198.51.100.13 - - [08/Jul/2026:23:45:58 +0900] "GET /index.html HTTP/1.1" 200 683
198.51.100.35 - - [08/Jul/2026:20:05:11 +0900] "GET /about HTTP/1.1" 200 8986
203.0.113.12 - - [08/Jul/2026:09:38:09 +0900] "DELETE /index.html HTTP/1.1" 200 3071
203.0.113.55 - - [08/Jul/2026:16:47:18 +0900] "GET /css/style.css HTTP/1.1" 200 3426
203.0.113.42 - - [08/Jul/2026:19:12:38 +0900] "POST /about HTTP/1.1" 200 4302
198.51.100.77 - - [08/Jul/2026:17:11:12 +0900] "GET /products/list HTTP/1.1" 200 1294
198.51.100.20 - - [08/Jul/2026:19:07:51 +0900] "GET /index.html HTTP/1.1" 200 4569
203.0.113.30 - - [08/Jul/2026:20:45:46 +0900] "GET /images/logo.png HTTP/1.1" 200 7851
203.0.113.21 - - [08/Jul/2026:20:36:46 +0900] "GET /images/logo.png HTTP/1.1" 200 871
198.51.100.15 - - [08/Jul/2026:18:27:10 +0900] "DELETE /images/logo.png HTTP/1.1" 200 4609
203.0.113.5 - - [08/Jul/2026:22:45:07 +0900] "GET /products/list HTTP/1.1" 200 2845
203.0.113.17 - - [08/Jul/2026:19:26:15 +0900] "GET /css/style.css HTTP/1.1" 200 2974
203.0.113.57 - - [08/Jul/2026:21:29:35 +0900] "GET /products/detail HTTP/1.1" 200 1708
198.51.100.24 - - [08/Jul/2026:13:11:15 +0900] "GET /products/detail HTTP/1.1" 200 8220
203.0.113.26 - - [08/Jul/2026:20:13:50 +0900] "GET /products/list HTTP/1.1" 200 3320
203.0.113.3 - - [08/Jul/2026:21:11:56 +0900] "GET /products/list HTTP/1.1" 200 2048
203.0.113.40 - - [08/Jul/2026:01:23:49 +0900] "GET /css/style.css HTTP/1.1" 200 2671
203.0.113.58 - - [08/Jul/2026:21:55:24 +0900] "GET /api/coupon HTTP/1.1" 500 4051
198.51.100.5 - - [08/Jul/2026:18:28:02 +0900] "PUT /admin HTTP/1.1" 403 8463
198.51.100.77 - - [08/Jul/2026:19:55:23 +0900] "GET /products/list HTTP/1.1" 200 4393
203.0.113.21 - - [08/Jul/2026:23:23:50 +0900] "PUT /products/detail HTTP/1.1" 200 8053
203.0.113.11 - - [08/Jul/2026:21:47:42 +0900] "PUT /admin HTTP/1.1" 403 6520
203.0.113.3 - - [08/Jul/2026:13:32:54 +0900] "GET /css/style.css HTTP/1.1" 200 8305
198.51.100.15 - - [08/Jul/2026:21:48:30 +0900] "DELETE /css/style.css HTTP/1.1" 200 8595
203.0.113.40 - - [08/Jul/2026:22:14:08 +0900] "POST /api/orders HTTP/1.1" 200 4032
203.0.113.12 - - [08/Jul/2026:09:38:45 +0900] "POST /search HTTP/1.1" 404 8712
198.51.100.37 - - [08/Jul/2026:19:17:00 +0900] "POST /api/orders HTTP/1.1" 200 3423
203.0.113.35 - - [08/Jul/2026:19:36:44 +0900] "GET /css/style.css HTTP/1.1" 200 256
203.0.113.34 - - [08/Jul/2026:20:34:02 +0900] "GET /js/app.js HTTP/1.1" 200 4729
198.51.100.77 - - [08/Jul/2026:17:55:52 +0900] "DELETE /products/list HTTP/1.1" 200 215
198.51.100.19 - - [08/Jul/2026:08:06:06 +0900] "POST /api/payment HTTP/1.1" 500 3242
198.51.100.6 - - [08/Jul/2026:18:43:48 +0900] "GET /products/list HTTP/1.1" 200 8486
203.0.113.57 - - [08/Jul/2026:19:02:24 +0900] "POST /api/orders HTTP/1.1" 200 5820
198.51.100.77 - - [08/Jul/2026:20:29:23 +0900] "DELETE /products/list HTTP/1.1" 200 1711
203.0.113.20 - - [08/Jul/2026:17:50:39 +0900] "GET /products/detail HTTP/1.1" 200 7603
203.0.113.36 - - [08/Jul/2026:22:43:25 +0900] "GET /js/app.js HTTP/1.1" 200 2317
203.0.113.58 - - [08/Jul/2026:18:30:14 +0900] "GET /products/detail HTTP/1.1" 200 1154
203.0.113.9 - - [08/Jul/2026:21:23:04 +0900] "DELETE /login HTTP/1.1" 403 7597
198.51.100.24 - - [08/Jul/2026:22:34:28 +0900] "GET /index.html HTTP/1.1" 200 4633
198.51.100.10 - - [08/Jul/2026:19:54:38 +0900] "PUT /index.html HTTP/1.1" 200 8660
203.0.113.55 - - [08/Jul/2026:22:10:30 +0900] "DELETE /js/app.js HTTP/1.1" 200 9074
203.0.113.57 - - [08/Jul/2026:19:33:56 +0900] "GET /js/app.js HTTP/1.1" 200 2377
203.0.113.17 - - [08/Jul/2026:18:22:20 +0900] "PUT /search HTTP/1.1" 404 4438
203.0.113.34 - - [08/Jul/2026:12:20:58 +0900] "GET /css/style.css HTTP/1.1" 200 3131
203.0.113.5 - - [08/Jul/2026:21:36:02 +0900] "GET /index.html HTTP/1.1" 200 2169
198.51.100.34 - - [08/Jul/2026:16:13:42 +0900] "POST /api/orders HTTP/1.1" 200 5921
203.0.113.4 - - [08/Jul/2026:16:36:04 +0900] "GET /index.html HTTP/1.1" 200 3855
203.0.113.26 - - [08/Jul/2026:15:35:02 +0900] "GET /js/app.js HTTP/1.1" 200 3092
198.51.100.77 - - [08/Jul/2026:19:06:25 +0900] "GET /products/list HTTP/1.1" 200 9093
203.0.113.31 - - [08/Jul/2026:20:45:45 +0900] "GET /api/orders HTTP/1.1" 200 3057
198.51.100.34 - - [08/Jul/2026:22:20:25 +0900] "GET /about HTTP/1.1" 200 2718
198.51.100.37 - - [08/Jul/2026:22:25:50 +0900] "GET /products/detail HTTP/1.1" 200 7563
198.51.100.77 - - [08/Jul/2026:21:19:41 +0900] "GET /products/list HTTP/1.1" 200 9174
203.0.113.25 - - [08/Jul/2026:18:44:16 +0900] "PUT /js/app.js HTTP/1.1" 200 5023
203.0.113.29 - - [08/Jul/2026:02:11:25 +0900] "GET /products/detail HTTP/1.1" 200 3322
203.0.113.57 - - [08/Jul/2026:20:01:13 +0900] "GET /js/app.js HTTP/1.1" 200 4008
203.0.113.13 - - [08/Jul/2026:19:13:40 +0900] "GET /js/app.js HTTP/1.1" 200 8907
203.0.113.20 - - [08/Jul/2026:19:23:23 +0900] "GET /products/list HTTP/1.1" 200 676
198.51.100.19 - - [08/Jul/2026:22:12:08 +0900] "POST /api/coupon HTTP/1.1" 500 3588
203.0.113.32 - - [08/Jul/2026:16:57:12 +0900] "PUT /api/orders HTTP/1.1" 200 8657
198.51.100.2 - - [08/Jul/2026:18:32:01 +0900] "GET /products/list HTTP/1.1" 200 6147
198.51.100.33 - - [08/Jul/2026:18:55:59 +0900] "GET /about HTTP/1.1" 200 300
203.0.113.17 - - [08/Jul/2026:21:18:13 +0900] "GET /js/app.js HTTP/1.1" 200 6454
203.0.113.32 - - [08/Jul/2026:22:37:13 +0900] "PUT /about HTTP/1.1" 200 4866
203.0.113.40 - - [08/Jul/2026:21:23:39 +0900] "GET /products/detail HTTP/1.1" 200 2905
203.0.113.14 - - [08/Jul/2026:10:49:39 +0900] "POST /api/orders HTTP/1.1" 200 5558
198.51.100.5 - - [08/Jul/2026:17:49:29 +0900] "GET /css/style.css HTTP/1.1" 200 6824
203.0.113.44 - - [08/Jul/2026:17:39:26 +0900] "POST /api/orders HTTP/1.1" 200 3007
198.51.100.37 - - [08/Jul/2026:23:41:13 +0900] "POST /about HTTP/1.1" 200 3732
203.0.113.39 - - [08/Jul/2026:20:45:41 +0900] "GET /js/app.js HTTP/1.1" 200 625
203.0.113.10 - - [08/Jul/2026:17:55:14 +0900] "DELETE /css/style.css HTTP/1.1" 200 7193
198.51.100.32 - - [08/Jul/2026:21:17:40 +0900] "DELETE /images/logo.png HTTP/1.1" 200 8881
203.0.113.57 - - [08/Jul/2026:19:05:50 +0900] "GET /products/list HTTP/1.1" 200 2621
198.51.100.27 - - [08/Jul/2026:12:41:43 +0900] "POST /api/orders HTTP/1.1" 200 6789
203.0.113.19 - - [08/Jul/2026:19:09:12 +0900] "DELETE /index.html HTTP/1.1" 200 2237
203.0.113.20 - - [08/Jul/2026:16:45:59 +0900] "GET /products/list HTTP/1.1" 200 7392
198.51.100.24 - - [08/Jul/2026:22:59:46 +0900] "GET /index.html HTTP/1.1" 200 1250
203.0.113.25 - - [08/Jul/2026:19:31:29 +0900] "GET /js/app.js HTTP/1.1" 200 8735
198.51.100.33 - - [08/Jul/2026:15:14:44 +0900] "GET /products/detail HTTP/1.1" 200 5967
198.51.100.8 - - [08/Jul/2026:21:16:55 +0900] "GET /images/logo.png HTTP/1.1" 200 3718
203.0.113.27 - - [08/Jul/2026:20:23:35 +0900] "GET /products/detail HTTP/1.1" 200 4408
203.0.113.30 - - [08/Jul/2026:16:01:02 +0900] "GET /products/list HTTP/1.1" 200 5057
203.0.113.59 - - [08/Jul/2026:17:13:00 +0900] "POST /api/orders HTTP/1.1" 200 3799
203.0.113.20 - - [08/Jul/2026:09:12:49 +0900] "GET /products/list HTTP/1.1" 200 3211
198.51.100.38 - - [08/Jul/2026:14:08:02 +0900] "GET /api/orders HTTP/1.1" 200 4841
198.51.100.77 - - [08/Jul/2026:11:32:08 +0900] "DELETE /products/list HTTP/1.1" 200 6196
198.51.100.24 - - [08/Jul/2026:19:36:07 +0900] "GET /products/list HTTP/1.1" 200 3160
203.0.113.2 - - [08/Jul/2026:18:18:39 +0900] "GET /css/style.css HTTP/1.1" 200 3520
198.51.100.32 - - [08/Jul/2026:21:16:58 +0900] "GET /js/app.js HTTP/1.1" 200 8209
203.0.113.39 - - [08/Jul/2026:07:09:58 +0900] "PUT /css/style.css HTTP/1.1" 200 3952
198.51.100.27 - - [08/Jul/2026:17:33:05 +0900] "DELETE /api/orders HTTP/1.1" 200 5358
203.0.113.28 - - [08/Jul/2026:22:56:02 +0900] "GET /images/logo.png HTTP/1.1" 200 7754
203.0.113.9 - - [08/Jul/2026:21:09:05 +0900] "POST /api/orders HTTP/1.1" 200 5269
203.0.113.37 - - [08/Jul/2026:21:55:33 +0900] "GET /images/logo.png HTTP/1.1" 200 8402
203.0.113.30 - - [08/Jul/2026:19:11:09 +0900] "GET /images/logo.png HTTP/1.1" 200 3198
198.51.100.77 - - [08/Jul/2026:22:04:20 +0900] "GET /products/list HTTP/1.1" 200 3766
203.0.113.11 - - [08/Jul/2026:21:04:13 +0900] "DELETE /js/app.js HTTP/1.1" 200 6178
203.0.113.58 - - [08/Jul/2026:21:58:56 +0900] "GET /products/list HTTP/1.1" 200 1049
203.0.113.16 - - [08/Jul/2026:21:30:15 +0900] "GET /about HTTP/1.1" 200 7751
203.0.113.36 - - [08/Jul/2026:15:33:16 +0900] "GET /products/list HTTP/1.1" 200 1537
203.0.113.37 - - [08/Jul/2026:21:21:41 +0900] "POST /api/orders HTTP/1.1" 200 2281
198.51.100.32 - - [08/Jul/2026:22:02:35 +0900] "GET /index.html HTTP/1.1" 200 1185
203.0.113.47 - - [08/Jul/2026:22:43:55 +0900] "GET /images/logo.png HTTP/1.1" 200 3905
203.0.113.19 - - [08/Jul/2026:19:35:37 +0900] "GET /products/detail HTTP/1.1" 200 7274
203.0.113.6 - - [08/Jul/2026:21:21:11 +0900] "GET /products/list HTTP/1.1" 200 8173
203.0.113.55 - - [08/Jul/2026:17:38:46 +0900] "GET /products/list HTTP/1.1" 200 2885
203.0.113.18 - - [08/Jul/2026:15:40:59 +0900] "GET /about HTTP/1.1" 200 9028
203.0.113.15 - - [08/Jul/2026:14:36:52 +0900] "GET /images/logo.png HTTP/1.1" 200 851
203.0.113.49 - - [08/Jul/2026:17:58:46 +0900] "PUT /images/logo.png HTTP/1.1" 200 8602
198.51.100.16 - - [08/Jul/2026:19:51:28 +0900] "GET /products/detail HTTP/1.1" 200 7167
203.0.113.4 - - [08/Jul/2026:17:38:46 +0900] "GET /about HTTP/1.1" 200 4224
198.51.100.19 - - [08/Jul/2026:17:49:52 +0900] "GET /about HTTP/1.1" 200 326
203.0.113.32 - - [08/Jul/2026:18:30:18 +0900] "POST /api/orders HTTP/1.1" 200 1970
198.51.100.26 - - [08/Jul/2026:22:20:27 +0900] "GET /index.html HTTP/1.1" 200 6762
198.51.100.20 - - [08/Jul/2026:16:16:12 +0900] "GET /images/logo.png HTTP/1.1" 200 8389
203.0.113.8 - - [08/Jul/2026:22:58:57 +0900] "POST /products/detail HTTP/1.1" 200 7016
198.51.100.12 - - [08/Jul/2026:21:55:09 +0900] "GET /index.html HTTP/1.1" 200 4700
198.51.100.28 - - [08/Jul/2026:12:06:30 +0900] "PUT /css/style.css HTTP/1.1" 200 721
198.51.100.34 - - [08/Jul/2026:04:08:37 +0900] "POST /api/orders HTTP/1.1" 200 2699
198.51.100.39 - - [08/Jul/2026:08:56:21 +0900] "GET /images/logo.png HTTP/1.1" 200 6168
198.51.100.22 - - [08/Jul/2026:19:18:17 +0900] "GET /js/app.js HTTP/1.1" 200 6945
203.0.113.4 - - [08/Jul/2026:21:11:39 +0900] "GET /search HTTP/1.1" 404 7410
203.0.113.50 - - [08/Jul/2026:22:01:40 +0900] "GET /old-page HTTP/1.1" 301 5126
198.51.100.9 - - [08/Jul/2026:21:03:31 +0900] "GET /about HTTP/1.1" 200 4175
203.0.113.46 - - [08/Jul/2026:22:43:05 +0900] "GET /css/style.css HTTP/1.1" 200 5443
203.0.113.33 - - [08/Jul/2026:19:38:51 +0900] "GET /images/logo.png HTTP/1.1" 200 8711
203.0.113.49 - - [08/Jul/2026:22:02:46 +0900] "POST /old-page HTTP/1.1" 301 7915
203.0.113.45 - - [08/Jul/2026:23:14:52 +0900] "GET /api/orders HTTP/1.1" 200 323
198.51.100.19 - - [08/Jul/2026:14:11:51 +0900] "GET /index.html HTTP/1.1" 200 7033
203.0.113.39 - - [08/Jul/2026:23:58:50 +0900] "POST /products/list HTTP/1.1" 200 7078
198.51.100.19 - - [08/Jul/2026:17:26:30 +0900] "GET /old-page HTTP/1.1" 301 412
203.0.113.41 - - [08/Jul/2026:20:39:05 +0900] "GET /products/list HTTP/1.1" 200 9098
203.0.113.9 - - [08/Jul/2026:20:59:42 +0900] "POST /api/orders HTTP/1.1" 200 3695
198.51.100.2 - - [08/Jul/2026:19:45:45 +0900] "GET /products/detail HTTP/1.1" 200 2745
198.51.100.27 - - [08/Jul/2026:18:35:12 +0900] "GET /js/app.js HTTP/1.1" 200 8129
203.0.113.15 - - [08/Jul/2026:05:12:12 +0900] "GET /images/logo.png HTTP/1.1" 200 3347
203.0.113.13 - - [08/Jul/2026:19:16:29 +0900] "GET /about HTTP/1.1" 200 3159
203.0.113.23 - - [08/Jul/2026:23:19:22 +0900] "GET /api/orders HTTP/1.1" 200 7952
198.51.100.20 - - [08/Jul/2026:23:52:09 +0900] "GET /products/list HTTP/1.1" 200 9056
198.51.100.23 - - [08/Jul/2026:16:00:12 +0900] "PUT /css/style.css HTTP/1.1" 200 5518
203.0.113.11 - - [08/Jul/2026:20:59:23 +0900] "DELETE /api/orders HTTP/1.1" 200 2295
198.51.100.34 - - [08/Jul/2026:10:08:18 +0900] "GET /images/logo.png HTTP/1.1" 200 641
203.0.113.13 - - [08/Jul/2026:19:26:45 +0900] "POST /api/orders HTTP/1.1" 200 1389
203.0.113.7 - - [08/Jul/2026:21:49:06 +0900] "PUT /about HTTP/1.1" 200 5108
198.51.100.6 - - [08/Jul/2026:23:00:40 +0900] "GET /products/detail HTTP/1.1" 200 3210
203.0.113.20 - - [08/Jul/2026:19:36:26 +0900] "POST /api/orders HTTP/1.1" 200 1813
198.51.100.39 - - [08/Jul/2026:14:42:47 +0900] "POST /api/orders HTTP/1.1" 200 1358
203.0.113.53 - - [08/Jul/2026:06:32:35 +0900] "GET /index.html HTTP/1.1" 200 2152
198.51.100.12 - - [08/Jul/2026:19:37:07 +0900] "PUT /css/style.css HTTP/1.1" 200 923
203.0.113.38 - - [08/Jul/2026:17:53:18 +0900] "GET /images/logo.png HTTP/1.1" 200 6735
203.0.113.46 - - [08/Jul/2026:21:44:54 +0900] "POST /api/orders HTTP/1.1" 200 1930
198.51.100.9 - - [08/Jul/2026:10:56:06 +0900] "GET /about HTTP/1.1" 200 1957
203.0.113.56 - - [08/Jul/2026:23:51:29 +0900] "GET /products/detail HTTP/1.1" 200 994
203.0.113.37 - - [08/Jul/2026:20:29:18 +0900] "POST /api/orders HTTP/1.1" 200 1684
203.0.113.9 - - [08/Jul/2026:07:26:52 +0900] "GET /products/detail HTTP/1.1" 200 4173
203.0.113.28 - - [08/Jul/2026:09:37:24 +0900] "GET /about HTTP/1.1" 200 4037
203.0.113.54 - - [08/Jul/2026:18:16:59 +0900] "GET /js/app.js HTTP/1.1" 200 7900
198.51.100.77 - - [08/Jul/2026:22:12:58 +0900] "POST /products/list HTTP/1.1" 200 1353
198.51.100.77 - - [08/Jul/2026:18:26:09 +0900] "GET /products/list HTTP/1.1" 200 3030
203.0.113.18 - - [08/Jul/2026:06:13:19 +0900] "GET /products/list HTTP/1.1" 200 5875
203.0.113.10 - - [08/Jul/2026:20:08:39 +0900] "POST /js/app.js HTTP/1.1" 200 4814
203.0.113.35 - - [08/Jul/2026:22:27:39 +0900] "GET /login HTTP/1.1" 404 8555
198.51.100.6 - - [08/Jul/2026:17:19:30 +0900] "POST /api/orders HTTP/1.1" 200 3359
203.0.113.14 - - [08/Jul/2026:06:37:35 +0900] "GET /about HTTP/1.1" 200 3654
203.0.113.22 - - [08/Jul/2026:22:52:09 +0900] "GET /products/detail HTTP/1.1" 200 3528
203.0.113.17 - - [08/Jul/2026:20:38:12 +0900] "PUT /images/logo.png HTTP/1.1" 200 5587
203.0.113.32 - - [08/Jul/2026:21:06:29 +0900] "GET /products/list HTTP/1.1" 200 2163
203.0.113.54 - - [08/Jul/2026:16:16:04 +0900] "GET /products/detail HTTP/1.1" 200 6491
203.0.113.59 - - [08/Jul/2026:19:02:22 +0900] "GET /old-page HTTP/1.1" 301 2825
203.0.113.38 - - [08/Jul/2026:15:10:10 +0900] "GET /index.html HTTP/1.1" 200 5298
198.51.100.37 - - [08/Jul/2026:19:11:45 +0900] "GET /search HTTP/1.1" 404 6108
203.0.113.43 - - [08/Jul/2026:18:00:22 +0900] "GET /products/detail HTTP/1.1" 200 6922
203.0.113.40 - - [08/Jul/2026:12:16:14 +0900] "GET /index.html HTTP/1.1" 200 358
203.0.113.4 - - [08/Jul/2026:22:43:36 +0900] "DELETE /images/logo.png HTTP/1.1" 200 4535
203.0.113.22 - - [08/Jul/2026:17:29:29 +0900] "GET /about HTTP/1.1" 200 7580
198.51.100.77 - - [08/Jul/2026:17:21:46 +0900] "GET /products/list HTTP/1.1" 200 4483
203.0.113.17 - - [08/Jul/2026:21:56:11 +0900] "GET /products/detail HTTP/1.1" 200 5597
203.0.113.41 - - [08/Jul/2026:18:38:18 +0900] "PUT /about HTTP/1.1" 200 318
198.51.100.19 - - [08/Jul/2026:21:32:04 +0900] "POST /js/app.js HTTP/1.1" 200 4701
203.0.113.12 - - [08/Jul/2026:19:03:36 +0900] "GET /images/logo.png HTTP/1.1" 200 5097
203.0.113.2 - - [08/Jul/2026:20:29:14 +0900] "POST /css/style.css HTTP/1.1" 200 7281
198.51.100.33 - - [08/Jul/2026:16:39:31 +0900] "GET /search HTTP/1.1" 404 4856
198.51.100.2 - - [08/Jul/2026:15:31:40 +0900] "GET /api/orders HTTP/1.1" 200 8178
203.0.113.56 - - [08/Jul/2026:21:21:39 +0900] "GET /products/list HTTP/1.1" 200 1196
203.0.113.13 - - [08/Jul/2026:20:06:24 +0900] "PUT /products/list HTTP/1.1" 200 7799
203.0.113.28 - - [08/Jul/2026:19:33:35 +0900] "GET /js/app.js HTTP/1.1" 200 999
198.51.100.77 - - [08/Jul/2026:13:10:49 +0900] "GET /products/list HTTP/1.1" 200 934
198.51.100.77 - - [08/Jul/2026:17:05:39 +0900] "PUT /products/list HTTP/1.1" 200 3260
203.0.113.44 - - [08/Jul/2026:20:38:40 +0900] "GET /index.html HTTP/1.1" 200 6284
203.0.113.40 - - [08/Jul/2026:21:01:51 +0900] "POST /images/logo.png HTTP/1.1" 200 3609
203.0.113.38 - - [08/Jul/2026:22:31:58 +0900] "GET /images/logo.png HTTP/1.1" 200 2631
203.0.113.7 - - [08/Jul/2026:20:50:47 +0900] "GET /about HTTP/1.1" 200 4548
203.0.113.4 - - [08/Jul/2026:14:26:15 +0900] "DELETE /js/app.js HTTP/1.1" 200 7170
203.0.113.46 - - [08/Jul/2026:20:50:31 +0900] "GET /js/app.js HTTP/1.1" 200 4514
203.0.113.15 - - [08/Jul/2026:19:20:29 +0900] "GET /images/logo.png HTTP/1.1" 200 797
198.51.100.77 - - [08/Jul/2026:22:21:07 +0900] "GET /products/list HTTP/1.1" 200 2086
198.51.100.29 - - [08/Jul/2026:16:35:45 +0900] "GET /products/detail HTTP/1.1" 200 7787
198.51.100.27 - - [08/Jul/2026:18:08:21 +0900] "GET /products/list HTTP/1.1" 200 3970
203.0.113.11 - - [08/Jul/2026:19:26:40 +0900] "GET /about HTTP/1.1" 200 3244
203.0.113.16 - - [08/Jul/2026:21:12:11 +0900] "GET /about HTTP/1.1" 200 2895
198.51.100.11 - - [08/Jul/2026:22:49:44 +0900] "GET /api/payment HTTP/1.1" 502 7930
203.0.113.48 - - [08/Jul/2026:10:19:18 +0900] "DELETE /js/app.js HTTP/1.1" 200 687
198.51.100.16 - - [08/Jul/2026:19:35:41 +0900] "GET /css/style.css HTTP/1.1" 200 1691
203.0.113.33 - - [08/Jul/2026:17:56:48 +0900] "DELETE /products/list HTTP/1.1" 200 5242
203.0.113.53 - - [08/Jul/2026:21:27:29 +0900] "DELETE /about HTTP/1.1" 200 2305
203.0.113.37 - - [08/Jul/2026:22:20:31 +0900] "GET /old-page HTTP/1.1" 301 3136
198.51.100.5 - - [08/Jul/2026:14:13:21 +0900] "GET /login HTTP/1.1" 404 3100
203.0.113.42 - - [08/Jul/2026:17:44:25 +0900] "PUT /js/app.js HTTP/1.1" 200 8457
203.0.113.53 - - [08/Jul/2026:20:33:13 +0900] "GET /products/detail HTTP/1.1" 200 5864
198.51.100.5 - - [08/Jul/2026:18:54:08 +0900] "DELETE /images/logo.png HTTP/1.1" 200 2763
198.51.100.4 - - [08/Jul/2026:17:19:38 +0900] "GET /products/detail HTTP/1.1" 200 2261
203.0.113.27 - - [08/Jul/2026:13:46:06 +0900] "POST /api/orders HTTP/1.1" 200 655
203.0.113.33 - - [08/Jul/2026:09:54:54 +0900] "GET /products/list HTTP/1.1" 200 3200
198.51.100.20 - - [08/Jul/2026:22:48:46 +0900] "GET /products/list HTTP/1.1" 200 7709
198.51.100.36 - - [08/Jul/2026:18:01:02 +0900] "GET /index.html HTTP/1.1" 200 1191
198.51.100.8 - - [08/Jul/2026:18:25:17 +0900] "GET /images/logo.png HTTP/1.1" 200 8928
198.51.100.77 - - [08/Jul/2026:18:32:32 +0900] "GET /products/list HTTP/1.1" 200 3342
198.51.100.8 - - [08/Jul/2026:17:27:48 +0900] "GET /about HTTP/1.1" 200 3793
198.51.100.16 - - [08/Jul/2026:15:31:23 +0900] "GET /images/logo.png HTTP/1.1" 200 447
203.0.113.13 - - [08/Jul/2026:13:00:15 +0900] "GET /about HTTP/1.1" 200 1337
198.51.100.11 - - [08/Jul/2026:22:00:05 +0900] "GET /products/list HTTP/1.1" 200 4983
198.51.100.18 - - [08/Jul/2026:20:25:12 +0900] "POST /api/payment HTTP/1.1" 500 4135
198.51.100.77 - - [08/Jul/2026:21:50:35 +0900] "GET /products/list HTTP/1.1" 200 1849
198.51.100.14 - - [08/Jul/2026:12:18:56 +0900] "GET /index.html HTTP/1.1" 200 937
203.0.113.33 - - [08/Jul/2026:16:31:45 +0900] "DELETE /products/list HTTP/1.1" 200 5644
203.0.113.20 - - [08/Jul/2026:03:01:13 +0900] "DELETE /products/list HTTP/1.1" 200 5010
203.0.113.36 - - [08/Jul/2026:20:47:49 +0900] "GET /js/app.js HTTP/1.1" 200 2862
198.51.100.14 - - [08/Jul/2026:20:09:55 +0900] "GET /products/list HTTP/1.1" 200 3176
203.0.113.49 - - [08/Jul/2026:18:39:27 +0900] "PUT /old-page HTTP/1.1" 301 4320
198.51.100.17 - - [08/Jul/2026:20:42:01 +0900] "GET /old-page HTTP/1.1" 301 6166
203.0.113.2 - - [08/Jul/2026:01:21:38 +0900] "GET /css/style.css HTTP/1.1" 200 6222
198.51.100.9 - - [08/Jul/2026:18:38:49 +0900] "GET /api/orders HTTP/1.1" 200 7916
198.51.100.33 - - [08/Jul/2026:20:10:05 +0900] "GET /images/logo.png HTTP/1.1" 200 8663
203.0.113.8 - - [08/Jul/2026:23:24:12 +0900] "GET /index.html HTTP/1.1" 200 4666
203.0.113.18 - - [08/Jul/2026:21:14:48 +0900] "DELETE /about HTTP/1.1" 200 6189
203.0.113.9 - - [08/Jul/2026:22:56:38 +0900] "POST /api/orders HTTP/1.1" 200 4702
203.0.113.32 - - [08/Jul/2026:12:34:15 +0900] "GET /products/list HTTP/1.1" 200 7690
198.51.100.14 - - [08/Jul/2026:17:57:07 +0900] "GET /api/orders HTTP/1.1" 200 1862
203.0.113.42 - - [08/Jul/2026:21:53:24 +0900] "GET /about HTTP/1.1" 200 6528
203.0.113.21 - - [08/Jul/2026:23:28:48 +0900] "GET /images/logo.png HTTP/1.1" 200 7429
198.51.100.4 - - [08/Jul/2026:14:52:24 +0900] "GET /api/orders HTTP/1.1" 200 1572
203.0.113.5 - - [08/Jul/2026:20:27:42 +0900] "GET /js/app.js HTTP/1.1" 200 4968
198.51.100.19 - - [08/Jul/2026:21:28:34 +0900] "GET /about HTTP/1.1" 200 3440
198.51.100.14 - - [08/Jul/2026:17:05:47 +0900] "GET /css/style.css HTTP/1.1" 200 3293
198.51.100.39 - - [08/Jul/2026:19:22:55 +0900] "POST /old-page HTTP/1.1" 301 6606
203.0.113.20 - - [08/Jul/2026:10:29:35 +0900] "POST /products/detail HTTP/1.1" 200 4861
203.0.113.45 - - [08/Jul/2026:11:58:01 +0900] "GET /css/style.css HTTP/1.1" 200 1995
198.51.100.27 - - [08/Jul/2026:18:17:27 +0900] "POST /index.html HTTP/1.1" 200 646
203.0.113.13 - - [08/Jul/2026:16:50:50 +0900] "GET /about HTTP/1.1" 200 906
198.51.100.37 - - [08/Jul/2026:23:16:26 +0900] "GET /images/logo.png HTTP/1.1" 200 589
203.0.113.36 - - [08/Jul/2026:17:46:32 +0900] "POST /about HTTP/1.1" 200 8414
203.0.113.25 - - [08/Jul/2026:19:10:40 +0900] "POST /api/coupon HTTP/1.1" 503 6010
198.51.100.14 - - [08/Jul/2026:13:06:42 +0900] "GET /old-page HTTP/1.1" 301 5897
203.0.113.58 - - [08/Jul/2026:19:06:32 +0900] "GET /index.html HTTP/1.1" 200 6604
203.0.113.5 - - [08/Jul/2026:17:58:11 +0900] "GET /about HTTP/1.1" 200 5882
203.0.113.17 - - [08/Jul/2026:21:48:27 +0900] "POST /api/orders HTTP/1.1" 200 7905
203.0.113.28 - - [08/Jul/2026:21:23:37 +0900] "GET /products/list HTTP/1.1" 200 1329
203.0.113.3 - - [08/Jul/2026:21:40:52 +0900] "GET /js/app.js HTTP/1.1" 200 2138
198.51.100.38 - - [08/Jul/2026:18:21:47 +0900] "GET /products/list HTTP/1.1" 200 4485
203.0.113.30 - - [08/Jul/2026:22:12:59 +0900] "GET /api/orders HTTP/1.1" 200 515
203.0.113.12 - - [08/Jul/2026:14:54:14 +0900] "GET /api/coupon HTTP/1.1" 500 3426
198.51.100.33 - - [08/Jul/2026:02:15:58 +0900] "GET /about HTTP/1.1" 200 3510
203.0.113.26 - - [08/Jul/2026:21:27:07 +0900] "DELETE /css/style.css HTTP/1.1" 200 5784
198.51.100.30 - - [08/Jul/2026:19:15:19 +0900] "POST /products/list HTTP/1.1" 200 729
203.0.113.36 - - [08/Jul/2026:08:00:26 +0900] "GET /css/style.css HTTP/1.1" 200 444
203.0.113.18 - - [08/Jul/2026:19:33:13 +0900] "PUT /css/style.css HTTP/1.1" 200 2378
198.51.100.16 - - [08/Jul/2026:23:27:31 +0900] "GET /about HTTP/1.1" 200 1676
203.0.113.45 - - [08/Jul/2026:22:43:23 +0900] "PUT /images/logo.png HTTP/1.1" 200 5336
198.51.100.77 - - [08/Jul/2026:21:16:40 +0900] "GET /products/list HTTP/1.1" 200 8867
203.0.113.48 - - [08/Jul/2026:18:31:27 +0900] "GET /css/style.css HTTP/1.1" 200 1860
198.51.100.6 - - [08/Jul/2026:17:43:52 +0900] "GET /products/detail HTTP/1.1" 200 6132
198.51.100.77 - - [08/Jul/2026:21:18:56 +0900] "GET /products/list HTTP/1.1" 200 3091
198.51.100.28 - - [08/Jul/2026:18:00:41 +0900] "POST /api/orders HTTP/1.1" 200 2581
203.0.113.59 - - [08/Jul/2026:23:30:36 +0900] "GET /css/style.css HTTP/1.1" 200 1724
198.51.100.32 - - [08/Jul/2026:21:23:50 +0900] "GET /css/style.css HTTP/1.1" 200 8482
203.0.113.33 - - [08/Jul/2026:19:01:16 +0900] "POST /images/logo.png HTTP/1.1" 200 5845
198.51.100.31 - - [08/Jul/2026:23:32:24 +0900] "GET /products/list HTTP/1.1" 200 4552
198.51.100.12 - - [08/Jul/2026:22:58:50 +0900] "GET /products/list HTTP/1.1" 200 8858
198.51.100.32 - - [08/Jul/2026:16:26:19 +0900] "GET /images/logo.png HTTP/1.1" 200 8523
198.51.100.25 - - [08/Jul/2026:20:38:36 +0900] "GET /index.html HTTP/1.1" 200 301
198.51.100.77 - - [08/Jul/2026:15:00:01 +0900] "POST /products/list HTTP/1.1" 200 4616
198.51.100.5 - - [08/Jul/2026:21:11:13 +0900] "POST /api/payment HTTP/1.1" 502 5241
203.0.113.39 - - [08/Jul/2026:17:17:35 +0900] "GET /index.html HTTP/1.1" 200 6959
198.51.100.21 - - [08/Jul/2026:19:02:16 +0900] "GET /css/style.css HTTP/1.1" 200 4109
198.51.100.21 - - [08/Jul/2026:17:15:44 +0900] "PUT /images/logo.png HTTP/1.1" 200 1341
198.51.100.9 - - [08/Jul/2026:07:27:47 +0900] "POST /api/orders HTTP/1.1" 200 2408
198.51.100.27 - - [08/Jul/2026:15:34:02 +0900] "GET /index.html HTTP/1.1" 200 5441
203.0.113.23 - - [08/Jul/2026:23:50:14 +0900] "DELETE /api/orders HTTP/1.1" 200 7672
198.51.100.5 - - [08/Jul/2026:21:37:02 +0900] "GET /index.html HTTP/1.1" 200 671
198.51.100.8 - - [08/Jul/2026:22:51:19 +0900] "GET /js/app.js HTTP/1.1" 200 8548
198.51.100.30 - - [08/Jul/2026:21:46:48 +0900] "GET /api/orders HTTP/1.1" 200 4016
203.0.113.47 - - [08/Jul/2026:19:55:58 +0900] "POST /api/orders HTTP/1.1" 200 1343
203.0.113.34 - - [08/Jul/2026:20:44:39 +0900] "GET /products/list HTTP/1.1" 200 1634
198.51.100.8 - - [08/Jul/2026:16:19:08 +0900] "DELETE /js/app.js HTTP/1.1" 200 6656
198.51.100.77 - - [08/Jul/2026:20:59:53 +0900] "GET /products/list HTTP/1.1" 200 7491
203.0.113.46 - - [08/Jul/2026:19:44:50 +0900] "GET /about HTTP/1.1" 200 2629
203.0.113.23 - - [08/Jul/2026:00:40:28 +0900] "DELETE /about HTTP/1.1" 200 7858
203.0.113.28 - - [08/Jul/2026:20:38:51 +0900] "POST /api/coupon HTTP/1.1" 503 4567
203.0.113.37 - - [08/Jul/2026:20:55:17 +0900] "POST /js/app.js HTTP/1.1" 200 7074
203.0.113.57 - - [08/Jul/2026:22:36:55 +0900] "GET /index.html HTTP/1.1" 200 4392
203.0.113.11 - - [08/Jul/2026:19:50:34 +0900] "GET /about HTTP/1.1" 200 808
203.0.113.36 - - [08/Jul/2026:21:13:34 +0900] "GET /js/app.js HTTP/1.1" 200 1570
198.51.100.25 - - [08/Jul/2026:20:13:59 +0900] "GET /products/detail HTTP/1.1" 200 558
203.0.113.32 - - [08/Jul/2026:19:10:18 +0900] "GET /about HTTP/1.1" 200 5593
198.51.100.36 - - [08/Jul/2026:19:55:13 +0900] "GET /index.html HTTP/1.1" 200 691
203.0.113.7 - - [08/Jul/2026:16:55:40 +0900] "GET /index.html HTTP/1.1" 200 2157
198.51.100.19 - - [08/Jul/2026:19:49:54 +0900] "GET /about HTTP/1.1" 200 7891
198.51.100.17 - - [08/Jul/2026:20:51:03 +0900] "GET /products/detail HTTP/1.1" 200 1826
203.0.113.18 - - [08/Jul/2026:05:34:45 +0900] "GET /css/style.css HTTP/1.1" 200 2254
203.0.113.41 - - [08/Jul/2026:23:33:36 +0900] "GET /old-page HTTP/1.1" 301 8843
203.0.113.2 - - [08/Jul/2026:18:12:18 +0900] "DELETE /index.html HTTP/1.1" 200 1953
198.51.100.36 - - [08/Jul/2026:19:09:42 +0900] "GET /index.html HTTP/1.1" 200 3763
203.0.113.59 - - [08/Jul/2026:18:42:30 +0900] "GET /images/logo.png HTTP/1.1" 200 6787
198.51.100.8 - - [08/Jul/2026:17:07:55 +0900] "POST /index.html HTTP/1.1" 200 7317
198.51.100.77 - - [08/Jul/2026:21:09:25 +0900] "GET /products/list HTTP/1.1" 200 2285
198.51.100.16 - - [08/Jul/2026:20:21:20 +0900] "GET /products/detail HTTP/1.1" 200 6272
203.0.113.16 - - [08/Jul/2026:21:47:27 +0900] "POST /api/orders HTTP/1.1" 200 3217
198.51.100.11 - - [08/Jul/2026:20:10:35 +0900] "DELETE /css/style.css HTTP/1.1" 200 5993
198.51.100.36 - - [08/Jul/2026:17:02:05 +0900] "GET /products/list HTTP/1.1" 200 2046
203.0.113.5 - - [08/Jul/2026:18:38:38 +0900] "GET /search HTTP/1.1" 404 3162
203.0.113.37 - - [08/Jul/2026:19:44:21 +0900] "GET /products/detail HTTP/1.1" 200 6193
198.51.100.77 - - [08/Jul/2026:14:14:49 +0900] "DELETE /products/list HTTP/1.1" 200 7744
203.0.113.39 - - [08/Jul/2026:18:52:47 +0900] "PUT /products/detail HTTP/1.1" 200 6166
203.0.113.38 - - [08/Jul/2026:22:52:13 +0900] "POST /products/detail HTTP/1.1" 200 8371
203.0.113.4 - - [08/Jul/2026:22:21:03 +0900] "POST /js/app.js HTTP/1.1" 200 7713
203.0.113.3 - - [08/Jul/2026:19:00:12 +0900] "GET /products/detail HTTP/1.1" 200 7168
198.51.100.19 - - [08/Jul/2026:19:54:46 +0900] "GET /products/detail HTTP/1.1" 200 2816
198.51.100.32 - - [08/Jul/2026:22:18:00 +0900] "GET /old-page HTTP/1.1" 301 1526
203.0.113.19 - - [08/Jul/2026:20:18:42 +0900] "PUT /about HTTP/1.1" 200 1744
198.51.100.7 - - [08/Jul/2026:19:18:25 +0900] "GET /products/list HTTP/1.1" 200 4426
198.51.100.77 - - [08/Jul/2026:20:36:47 +0900] "POST /products/list HTTP/1.1" 200 7516
203.0.113.9 - - [08/Jul/2026:22:37:20 +0900] "GET /products/detail HTTP/1.1" 200 2000
203.0.113.31 - - [08/Jul/2026:23:25:18 +0900] "POST /products/detail HTTP/1.1" 200 7920
198.51.100.37 - - [08/Jul/2026:19:15:12 +0900] "GET /index.html HTTP/1.1" 200 2265
203.0.113.17 - - [08/Jul/2026:16:25:08 +0900] "GET /images/logo.png HTTP/1.1" 200 3756
198.51.100.29 - - [08/Jul/2026:17:00:41 +0900] "DELETE /about HTTP/1.1" 200 3695
203.0.113.36 - - [08/Jul/2026:19:35:04 +0900] "GET /products/detail HTTP/1.1" 200 2249
198.51.100.77 - - [08/Jul/2026:21:21:28 +0900] "GET /products/list HTTP/1.1" 200 3503
203.0.113.23 - - [08/Jul/2026:22:02:39 +0900] "DELETE /api/orders HTTP/1.1" 200 7446
203.0.113.47 - - [08/Jul/2026:18:13:47 +0900] "GET /about HTTP/1.1" 200 2579
198.51.100.19 - - [08/Jul/2026:13:52:11 +0900] "GET /css/style.css HTTP/1.1" 200 276
203.0.113.5 - - [08/Jul/2026:15:35:30 +0900] "GET /about HTTP/1.1" 200 8931
203.0.113.27 - - [08/Jul/2026:16:43:15 +0900] "PUT /images/logo.png HTTP/1.1" 200 8640
198.51.100.7 - - [08/Jul/2026:23:23:16 +0900] "POST /api/orders HTTP/1.1" 200 3490
198.51.100.11 - - [08/Jul/2026:22:06:19 +0900] "GET /css/style.css HTTP/1.1" 200 9084
203.0.113.27 - - [08/Jul/2026:22:03:49 +0900] "POST /api/orders HTTP/1.1" 200 8726
203.0.113.38 - - [08/Jul/2026:21:57:37 +0900] "POST /api/coupon HTTP/1.1" 503 8332
203.0.113.38 - - [08/Jul/2026:20:35:52 +0900] "GET /images/logo.png HTTP/1.1" 200 6193
203.0.113.58 - - [08/Jul/2026:18:43:36 +0900] "GET /index.html HTTP/1.1" 200 1999
203.0.113.15 - - [08/Jul/2026:19:30:34 +0900] "GET /about HTTP/1.1" 200 8828
198.51.100.8 - - [08/Jul/2026:20:45:10 +0900] "GET /index.html HTTP/1.1" 200 1633
203.0.113.59 - - [08/Jul/2026:19:39:32 +0900] "GET /api/orders HTTP/1.1" 200 1717
203.0.113.29 - - [08/Jul/2026:19:58:18 +0900] "DELETE /about HTTP/1.1" 200 1917
203.0.113.54 - - [08/Jul/2026:17:28:14 +0900] "POST /index.html HTTP/1.1" 200 8101
203.0.113.6 - - [08/Jul/2026:17:18:08 +0900] "GET /products/detail HTTP/1.1" 200 2539
203.0.113.31 - - [08/Jul/2026:18:57:57 +0900] "GET /products/list HTTP/1.1" 200 5798
203.0.113.2 - - [08/Jul/2026:16:35:50 +0900] "POST /products/detail HTTP/1.1" 200 1444
203.0.113.38 - - [08/Jul/2026:19:07:16 +0900] "POST /api/orders HTTP/1.1" 200 3749
198.51.100.32 - - [08/Jul/2026:20:57:48 +0900] "POST /api/orders HTTP/1.1" 200 5750
198.51.100.4 - - [08/Jul/2026:23:56:27 +0900] "GET /products/detail HTTP/1.1" 200 1165
198.51.100.23 - - [08/Jul/2026:13:24:40 +0900] "GET /images/logo.png HTTP/1.1" 200 1334
198.51.100.33 - - [08/Jul/2026:22:48:03 +0900] "PUT /images/logo.png HTTP/1.1" 200 7240
198.51.100.3 - - [08/Jul/2026:06:59:23 +0900] "POST /products/detail HTTP/1.1" 200 4592
198.51.100.15 - - [08/Jul/2026:21:18:32 +0900] "GET /images/logo.png HTTP/1.1" 200 6136
203.0.113.52 - - [08/Jul/2026:12:28:13 +0900] "POST /css/style.css HTTP/1.1" 200 8374
198.51.100.22 - - [08/Jul/2026:18:06:13 +0900] "GET /images/logo.png HTTP/1.1" 200 7213
198.51.100.77 - - [08/Jul/2026:22:48:16 +0900] "GET /products/list HTTP/1.1" 200 5086
198.51.100.22 - - [08/Jul/2026:07:00:10 +0900] "POST /api/orders HTTP/1.1" 200 3409
203.0.113.53 - - [08/Jul/2026:23:50:58 +0900] "GET /api/orders HTTP/1.1" 200 2609
203.0.113.31 - - [08/Jul/2026:23:31:55 +0900] "GET /index.html HTTP/1.1" 200 9035
203.0.113.29 - - [08/Jul/2026:19:07:31 +0900] "POST /api/orders HTTP/1.1" 200 8103
198.51.100.34 - - [08/Jul/2026:17:20:33 +0900] "GET /images/logo.png HTTP/1.1" 200 4749
203.0.113.53 - - [08/Jul/2026:21:14:12 +0900] "POST /api/payment HTTP/1.1" 502 2556
203.0.113.47 - - [08/Jul/2026:13:07:30 +0900] "GET /about HTTP/1.1" 200 5395
203.0.113.26 - - [08/Jul/2026:19:17:47 +0900] "GET /products/list HTTP/1.1" 200 3172
198.51.100.39 - - [08/Jul/2026:17:07:42 +0900] "GET /api/orders HTTP/1.1" 200 2542
203.0.113.56 - - [08/Jul/2026:19:53:17 +0900] "PUT /products/list HTTP/1.1" 200 7856
203.0.113.7 - - [08/Jul/2026:02:04:03 +0900] "GET /images/logo.png HTTP/1.1" 200 2064
203.0.113.57 - - [08/Jul/2026:22:45:26 +0900] "POST /index.html HTTP/1.1" 200 3697
198.51.100.28 - - [08/Jul/2026:23:07:29 +0900] "GET /api/coupon HTTP/1.1" 503 2595
198.51.100.5 - - [08/Jul/2026:16:14:28 +0900] "GET /old-page HTTP/1.1" 301 1260
203.0.113.3 - - [08/Jul/2026:21:39:46 +0900] "PUT /about HTTP/1.1" 200 7516
203.0.113.17 - - [08/Jul/2026:22:38:43 +0900] "GET /images/logo.png HTTP/1.1" 200 3694
203.0.113.18 - - [08/Jul/2026:07:05:44 +0900] "GET /css/style.css HTTP/1.1" 200 7521
198.51.100.27 - - [08/Jul/2026:20:41:58 +0900] "POST /api/orders HTTP/1.1" 200 6369
203.0.113.22 - - [08/Jul/2026:23:20:07 +0900] "PUT /products/detail HTTP/1.1" 200 5944
203.0.113.56 - - [08/Jul/2026:23:31:57 +0900] "GET /js/app.js HTTP/1.1" 200 6910
203.0.113.31 - - [08/Jul/2026:21:44:21 +0900] "GET /old-page HTTP/1.1" 301 5937
198.51.100.36 - - [08/Jul/2026:20:44:52 +0900] "GET /index.html HTTP/1.1" 200 4073
198.51.100.77 - - [08/Jul/2026:18:51:18 +0900] "GET /products/list HTTP/1.1" 200 7797
203.0.113.42 - - [08/Jul/2026:06:26:54 +0900] "GET /about HTTP/1.1" 200 9086
198.51.100.33 - - [08/Jul/2026:17:45:59 +0900] "GET /js/app.js HTTP/1.1" 200 3462
198.51.100.32 - - [08/Jul/2026:19:47:23 +0900] "GET /css/style.css HTTP/1.1" 200 4419
203.0.113.36 - - [08/Jul/2026:19:53:26 +0900] "PUT /js/app.js HTTP/1.1" 200 8549
198.51.100.13 - - [08/Jul/2026:22:21:54 +0900] "GET /about HTTP/1.1" 200 4727
198.51.100.77 - - [08/Jul/2026:16:49:38 +0900] "GET /products/list HTTP/1.1" 200 3921
203.0.113.45 - - [08/Jul/2026:18:29:07 +0900] "GET /products/detail HTTP/1.1" 200 5025
198.51.100.38 - - [08/Jul/2026:21:31:14 +0900] "GET /login HTTP/1.1" 403 6925
203.0.113.3 - - [08/Jul/2026:20:36:12 +0900] "GET /about HTTP/1.1" 200 5088
203.0.113.44 - - [08/Jul/2026:21:37:13 +0900] "DELETE /js/app.js HTTP/1.1" 200 8573
198.51.100.19 - - [08/Jul/2026:11:52:30 +0900] "GET /index.html HTTP/1.1" 200 7408
203.0.113.20 - - [08/Jul/2026:22:41:06 +0900] "GET /api/orders HTTP/1.1" 200 191
203.0.113.23 - - [08/Jul/2026:20:26:28 +0900] "POST /api/payment HTTP/1.1" 502 1123
198.51.100.35 - - [08/Jul/2026:20:19:48 +0900] "DELETE /products/list HTTP/1.1" 200 8626
198.51.100.19 - - [08/Jul/2026:18:07:58 +0900] "GET /css/style.css HTTP/1.1" 200 5177
203.0.113.57 - - [08/Jul/2026:21:09:10 +0900] "GET /js/app.js HTTP/1.1" 200 8241
203.0.113.7 - - [08/Jul/2026:16:58:40 +0900] "GET /api/orders HTTP/1.1" 200 3571
203.0.113.59 - - [08/Jul/2026:16:16:07 +0900] "POST /about HTTP/1.1" 200 4707
198.51.100.32 - - [08/Jul/2026:23:49:02 +0900] "DELETE /index.html HTTP/1.1" 200 9072
198.51.100.15 - - [08/Jul/2026:13:11:17 +0900] "GET /images/logo.png HTTP/1.1" 200 5132
203.0.113.59 - - [08/Jul/2026:17:47:00 +0900] "DELETE /css/style.css HTTP/1.1" 200 5637
203.0.113.37 - - [08/Jul/2026:20:57:17 +0900] "GET /index.html HTTP/1.1" 200 5339
198.51.100.30 - - [08/Jul/2026:18:13:03 +0900] "GET /search HTTP/1.1" 404 3340
203.0.113.52 - - [08/Jul/2026:22:41:22 +0900] "GET /css/style.css HTTP/1.1" 200 6344
198.51.100.6 - - [08/Jul/2026:02:32:23 +0900] "GET /products/detail HTTP/1.1" 200 3617
198.51.100.7 - - [08/Jul/2026:18:10:11 +0900] "GET /images/logo.png HTTP/1.1" 200 2293
203.0.113.55 - - [08/Jul/2026:22:48:29 +0900] "GET /products/detail HTTP/1.1" 200 8956
