203.0.113.5 - - [08/Jul/2026:20:29:55 +0900] "GET /products/detail HTTP/1.1" 200 4886
203.0.113.22 - - [08/Jul/2026:22:43:21 +0900] "GET /css/style.css HTTP/1.1" 200 2596
203.0.113.19 - - [08/Jul/2026:19:42:44 +0900] "GET /js/app.js HTTP/1.1" 200 5471
203.0.113.4 - - [08/Jul/2026:04:36:17 +0900] "GET /products/list HTTP/1.1" 200 4278
203.0.113.58 - - [08/Jul/2026:15:54:09 +0900] "GET /images/logo.png HTTP/1.1" 200 3434
203.0.113.7 - - [08/Jul/2026:16:14:54 +0900] "GET /products/detail HTTP/1.1" 200 262
198.51.100.7 - - [08/Jul/2026:18:06:26 +0900] "GET /search HTTP/1.1" 404 9048
198.51.100.27 - - [08/Jul/2026:13:46:55 +0900] "PUT /index.html HTTP/1.1" 200 4270
198.51.100.18 - - [08/Jul/2026:20:29:01 +0900] "GET /about HTTP/1.1" 200 6176
198.51.100.28 - - [08/Jul/2026:15:06:09 +0900] "GET /images/logo.png HTTP/1.1" 200 6987
198.51.100.77 - - [08/Jul/2026:21:29:24 +0900] "GET /products/list HTTP/1.1" 200 3906
198.51.100.8 - - [08/Jul/2026:15:21:13 +0900] "GET /js/app.js HTTP/1.1" 200 7997
198.51.100.9 - - [08/Jul/2026:23:57:41 +0900] "POST /products/list HTTP/1.1" 200 1085
203.0.113.10 - - [08/Jul/2026:20:17:08 +0900] "DELETE /index.html HTTP/1.1" 200 2753
198.51.100.77 - - [08/Jul/2026:22:09:57 +0900] "GET /products/list HTTP/1.1" 200 1180
203.0.113.58 - - [08/Jul/2026:22:42:50 +0900] "GET /products/list HTTP/1.1" 200 2718
198.51.100.38 - - [08/Jul/2026:19:57:41 +0900] "PUT /images/logo.png HTTP/1.1" 200 3925
203.0.113.6 - - [08/Jul/2026:20:08:25 +0900] "GET /old-page HTTP/1.1" 301 9007
203.0.113.17 - - [08/Jul/2026:19:50:02 +0900] "POST /api/orders HTTP/1.1" 200 4261
203.0.113.28 - - [08/Jul/2026:23:19:42 +0900] "GET /images/logo.png HTTP/1.1" 200 2372
198.51.100.4 - - [08/Jul/2026:15:15:57 +0900] "GET /index.html HTTP/1.1" 200 7480
203.0.113.19 - - [08/Jul/2026:09:16:14 +0900] "DELETE /products/detail HTTP/1.1" 200 8246
198.51.100.2 - - [08/Jul/2026:18:34:28 +0900] "POST /js/app.js HTTP/1.1" 200 3910
203.0.113.19 - - [08/Jul/2026:21:33:16 +0900] "GET /products/detail HTTP/1.1" 200 5644
198.51.100.12 - - [08/Jul/2026:22:44:50 +0900] "DELETE /css/style.css HTTP/1.1" 200 6317
198.51.100.77 - - [08/Jul/2026:16:27:32 +0900] "GET /products/list HTTP/1.1" 200 6688
198.51.100.77 - - [08/Jul/2026:22:36:14 +0900] "PUT /products/list HTTP/1.1" 200 3199
203.0.113.49 - - [08/Jul/2026:21:36:04 +0900] "GET /images/logo.png HTTP/1.1" 200 4665
198.51.100.39 - - [08/Jul/2026:18:50:15 +0900] "GET /css/style.css HTTP/1.1" 200 5223
198.51.100.30 - - [08/Jul/2026:14:17:27 +0900] "GET /api/orders HTTP/1.1" 200 1808
198.51.100.11 - - [08/Jul/2026:20:35:56 +0900] "GET /css/style.css HTTP/1.1" 200 5594
198.51.100.19 - - [08/Jul/2026:18:17:24 +0900] "POST /css/style.css HTTP/1.1" 200 8767
203.0.113.40 - - [08/Jul/2026:18:35:00 +0900] "GET /images/logo.png HTTP/1.1" 200 821
198.51.100.23 - - [08/Jul/2026:14:09:20 +0900] "GET /images/logo.png HTTP/1.1" 200 4715
198.51.100.18 - - [08/Jul/2026:19:00:04 +0900] "GET /products/list HTTP/1.1" 200 5394
198.51.100.14 - - [08/Jul/2026:20:13:39 +0900] "DELETE /images/logo.png HTTP/1.1" 200 8609
198.51.100.6 - - [08/Jul/2026:20:03:03 +0900] "DELETE /products/list HTTP/1.1" 200 5365
203.0.113.56 - - [08/Jul/2026:19:20:07 +0900] "GET /index.html HTTP/1.1" 200 2119
<<< health check >>>
198.51.100.31 - - [08/Jul/2026:23:45:30 +0900] "PUT /images/logo.png HTTP/1.1" 200 7593
198.51.100.14 - - [08/Jul/2026:18:52:08 +0900] "GET /css/style.css HTTP/1.1" 200 840
203.0.113.29 - - [08/Jul/2026:18:24:08 +0900] "PUT /index.html HTTP/1.1" 200 1246
203.0.113.28 - - [08/Jul/2026:22:00:13 +0900] "GET /images/logo.png HTTP/1.1" 200 6566
203.0.113.25 - - [08/Jul/2026:18:12:50 +0900] "GET /about HTTP/1.1" 200 3707
198.51.100.4 - - [08/Jul/2026:14:24:10 +0900] "GET /products/detail HTTP/1.1" 200 3108
203.0.113.59 - - [08/Jul/2026:20:36:46 +0900] "DELETE /about HTTP/1.1" 200 530
198.51.100.14 - - [08/Jul/2026:18:21:58 +0900] "GET /css/style.css HTTP/1.1" 200 4869
203.0.113.32 - - [08/Jul/2026:04:54:33 +0900] "GET /products/detail HTTP/1.1" 200 7375
198.51.100.27 - - [08/Jul/2026:18:51:08 +0900] "GET /products/list HTTP/1.1" 200 8087
203.0.113.17 - - [08/Jul/2026:17:31:24 +0900] "POST /css/style.css HTTP/1.1" 200 4760
198.51.100.33 - - [08/Jul/2026:22:50:46 +0900] "GET /images/logo.png HTTP/1.1" 200 4311
203.0.113.56 - - [08/Jul/2026:06:13:25 +0900] "PUT /images/logo.png HTTP/1.1" 200 8445
198.51.100.5 - - [08/Jul/2026:16:36:53 +0900] "GET /js/app.js HTTP/1.1" 200 7408
203.0.113.21 - - [08/Jul/2026:13:10:46 +0900] "GET /js/app.js HTTP/1.1" 200 4756
203.0.113.23 - - [08/Jul/2026:02:17:28 +0900] "GET /products/detail HTTP/1.1" 200 4925
203.0.113.37 - - [08/Jul/2026:14:20:27 +0900] "GET /products/list HTTP/1.1" 200 1508
198.51.100.30 - - [08/Jul/2026:13:50:29 +0900] "POST /api/orders HTTP/1.1" 200 2073
203.0.113.39 - - [08/Jul/2026:08:22:16 +0900] "POST /api/orders HTTP/1.1" 200 8417
203.0.113.6 - - [08/Jul/2026:18:41:54 +0900] "GET /about HTTP/1.1" 200 2930
203.0.113.14 - - [08/Jul/2026:22:09:23 +0900] "GET /api/coupon HTTP/1.1" 500 5519
198.51.100.77 - - [08/Jul/2026:11:54:13 +0900] "GET /products/list HTTP/1.1" 200 4070
203.0.113.4 - - [08/Jul/2026:19:33:27 +0900] "GET /images/logo.png HTTP/1.1" 200 1508
198.51.100.30 - - [08/Jul/2026:23:42:45 +0900] "GET /js/app.js HTTP/1.1" 200 1134
203.0.113.59 - - [08/Jul/2026:18:11:24 +0900] "DELETE /products/list HTTP/1.1" 200 561
198.51.100.31 - - [08/Jul/2026:22:06:07 +0900] "GET /products/list HTTP/1.1" 200 5651
198.51.100.4 - - [08/Jul/2026:18:11:55 +0900] "GET /css/style.css HTTP/1.1" 200 6511
203.0.113.43 - - [08/Jul/2026:22:38:12 +0900] "DELETE /js/app.js HTTP/1.1" 200 742
198.51.100.77 - - [08/Jul/2026:15:31:51 +0900] "GET /products/list HTTP/1.1" 200 3954
198.51.100.12 - - [08/Jul/2026:23:41:21 +0900] "POST /products/list HTTP/1.1" 200 4948
203.0.113.28 - - [08/Jul/2026:23:53:48 +0900] "POST /api/orders HTTP/1.1" 200 7116
198.51.100.19 - - [08/Jul/2026:22:40:12 +0900] "GET /products/list HTTP/1.1" 200 7708
203.0.113.4 - - [08/Jul/2026:18:52:23 +0900] "GET /products/list HTTP/1.1" 200 8378
198.51.100.27 - - [08/Jul/2026:20:39:07 +0900] "GET /css/style.css HTTP/1.1" 200 7324
198.51.100.34 - - [08/Jul/2026:05:32:04 +0900] "GET /api/orders HTTP/1.1" 200 5083
203.0.113.51 - - [08/Jul/2026:19:25:04 +0900] "POST /api/coupon HTTP/1.1" 500 9098
203.0.113.57 - - [08/Jul/2026:17:51:59 +0900] "GET /css/style.css HTTP/1.1" 200 4952
203.0.113.50 - - [08/Jul/2026:18:26:39 +0900] "GET /index.html HTTP/1.1" 200 4115
203.0.113.34 - - [08/Jul/2026:21:53:36 +0900] "POST /products/list HTTP/1.1" 200 8655
198.51.100.35 - - [08/Jul/2026:19:01:46 +0900] "GET /api/orders HTTP/1.1" 200 2373
203.0.113.28 - - [08/Jul/2026:21:06:27 +0900] "GET /js/app.js HTTP/1.1" 200 6780
203.0.113.15 - - [08/Jul/2026:20:23:35 +0900] "GET /old-page HTTP/1.1" 301 5445
198.51.100.9 - - [08/Jul/2026:20:58:12 +0900] "GET /images/logo.png HTTP/1.1" 200 8201
198.51.100.19 - - [08/Jul/2026:22:51:46 +0900] "GET /old-page HTTP/1.1" 301 8873
198.51.100.33 - - [08/Jul/2026:17:16:49 +0900] "POST /api/orders HTTP/1.1" 200 4079
203.0.113.16 - - [08/Jul/2026:19:19:13 +0900] "GET /index.html HTTP/1.1" 200 8425
203.0.113.32 - - [08/Jul/2026:18:59:53 +0900] "POST /api/orders HTTP/1.1" 200 8728
198.51.100.27 - - [08/Jul/2026:19:53:49 +0900] "GET /images/logo.png HTTP/1.1" 200 3902
203.0.113.35 - - [08/Jul/2026:23:40:51 +0900] "POST /products/detail HTTP/1.1" 200 1618
203.0.113.39 - - [08/Jul/2026:19:30:47 +0900] "DELETE /old-page HTTP/1.1" 301 6650
203.0.113.46 - - [08/Jul/2026:22:31:47 +0900] "GET /images/logo.png HTTP/1.1" 200 8384
198.51.100.18 - - [08/Jul/2026:00:39:28 +0900] "GET /js/app.js HTTP/1.1" 200 8977
198.51.100.16 - - [08/Jul/2026:19:10:07 +0900] "GET /js/app.js HTTP/1.1" 200 1757
198.51.100.32 - - [08/Jul/2026:15:23:17 +0900] "GET /index.html HTTP/1.1" 200 4262
203.0.113.31 - - [08/Jul/2026:03:51:21 +0900] "GET /about HTTP/1.1" 200 5601
198.51.100.10 - - [08/Jul/2026:20:25:06 +0900] "POST /css/style.css HTTP/1.1" 200 3636
198.51.100.25 - - [08/Jul/2026:21:39:54 +0900] "GET /admin HTTP/1.1" 403 2924
203.0.113.26 - - [08/Jul/2026:03:26:20 +0900] "GET /css/style.css HTTP/1.1" 200 3977
198.51.100.30 - - [08/Jul/2026:23:43:03 +0900] "POST /products/list HTTP/1.1" 200 3671
203.0.113.52 - - [08/Jul/2026:20:47:56 +0900] "GET /api/coupon HTTP/1.1" 503 4273
203.0.113.11 - - [08/Jul/2026:21:23:17 +0900] "GET /products/detail HTTP/1.1" 200 7324
198.51.100.24 - - [08/Jul/2026:00:10:40 +0900] "GET /css/style.css HTTP/1.1" 200 3537
198.51.100.77 - - [08/Jul/2026:09:54:29 +0900] "GET /products/list HTTP/1.1" 200 5383
198.51.100.9 - - [08/Jul/2026:20:44:01 +0900] "GET /api/payment HTTP/1.1" 500 7054
203.0.113.36 - - [08/Jul/2026:16:46:05 +0900] "GET /css/style.css HTTP/1.1" 200 8866
203.0.113.23 - - [08/Jul/2026:03:15:43 +0900] "GET /index.html HTTP/1.1" 200 4610
198.51.100.34 - - [08/Jul/2026:16:45:11 +0900] "POST /products/detail HTTP/1.1" 200 2833
198.51.100.19 - - [08/Jul/2026:22:44:48 +0900] "GET /js/app.js HTTP/1.1" 200 4451
203.0.113.37 - - [08/Jul/2026:15:26:42 +0900] "PUT /css/style.css HTTP/1.1" 200 6385
203.0.113.42 - - [08/Jul/2026:06:23:39 +0900] "GET /about HTTP/1.1" 200 8356
203.0.113.13 - - [08/Jul/2026:20:17:36 +0900] "POST /api/orders HTTP/1.1" 200 2319
203.0.113.58 - - [08/Jul/2026:17:19:11 +0900] "GET /js/app.js HTTP/1.1" 200 4637
203.0.113.31 - - [08/Jul/2026:16:30:41 +0900] "DELETE /images/logo.png HTTP/1.1" 200 383
203.0.113.14 - - [08/Jul/2026:23:59:25 +0900] "GET /css/style.css HTTP/1.1" 200 3608
198.51.100.34 - - [08/Jul/2026:09:53:51 +0900] "GET /products/list HTTP/1.1" 200 7736
203.0.113.20 - - [08/Jul/2026:22:24:07 +0900] "GET /about HTTP/1.1" 200 6446
203.0.113.8 - - [08/Jul/2026:20:54:14 +0900] "GET /js/app.js HTTP/1.1" 200 3742
203.0.113.35 - - [08/Jul/2026:23:00:33 +0900] "GET /index.html HTTP/1.1" 200 8627
198.51.100.17 - - [08/Jul/2026:21:41:17 +0900] "GET /products/detail HTTP/1.1" 200 549
203.0.113.26 - - [08/Jul/2026:21:30:08 +0900] "GET /css/style.css HTTP/1.1" 200 1992
198.51.100.25 - - [08/Jul/2026:20:14:50 +0900] "DELETE /api/orders HTTP/1.1" 200 8650
203.0.113.38 - - [08/Jul/2026:22:49:01 +0900] "GET /js/app.js HTTP/1.1" 200 3028
198.51.100.15 - - [08/Jul/2026:20:15:08 +0900] "DELETE /api/coupon HTTP/1.1" 503 3339
198.51.100.9 - - [08/Jul/2026:22:09:07 +0900] "POST /js/app.js HTTP/1.1" 200 1025
203.0.113.34 - - [08/Jul/2026:19:41:41 +0900] "POST /index.html HTTP/1.1" 200 8155
198.51.100.30 - - [08/Jul/2026:20:21:03 +0900] "GET /about HTTP/1.1" 200 5102
203.0.113.29 - - [08/Jul/2026:18:31:05 +0900] "GET /products/list HTTP/1.1" 200 3041
198.51.100.21 - - [08/Jul/2026:20:27:44 +0900] "POST /api/orders HTTP/1.1" 200 2471
198.51.100.15 - - [08/Jul/2026:22:32:45 +0900] "GET /about HTTP/1.1" 200 6470
198.51.100.13 - - [08/Jul/2026:21:36:28 +0900] "GET /images/logo.png HTTP/1.1" 200 3838
203.0.113.14 - - [08/Jul/2026:17:33:39 +0900] "GET /products/list HTTP/1.1" 200 7311
198.51.100.17 - - [08/Jul/2026:19:26:07 +0900] "POST /css/style.css HTTP/1.1" 200 1476
203.0.113.21 - - [08/Jul/2026:21:25:31 +0900] "GET /index.html HTTP/1.1" 200 6606
198.51.100.14 - - [08/Jul/2026:23:34:53 +0900] "POST /api/orders HTTP/1.1" 200 4454
198.51.100.22 - - [08/Jul/2026:15:54:47 +0900] "GET /css/style.css HTTP/1.1" 200 6810
203.0.113.24 - - [08/Jul/2026:16:46:06 +0900] "GET /css/style.css HTTP/1.1" 200 2723
198.51.100.20 - - [08/Jul/2026:14:23:57 +0900] "GET /api/orders HTTP/1.1" 200 5693
203.0.113.22 - - [08/Jul/2026:23:05:50 +0900] "POST /about HTTP/1.1" 200 4273
198.51.100.6 - - [08/Jul/2026:21:29:42 +0900] "GET /index.html HTTP/1.1" 200 897
203.0.113.59 - - [08/Jul/2026:23:26:15 +0900] "GET /images/logo.png HTTP/1.1" 200 834
198.51.100.11 - - [08/Jul/2026:17:00:56 +0900] "GET /js/app.js HTTP/1.1" 200 2728
198.51.100.16 - - [08/Jul/2026:15:43:26 +0900] "GET /css/style.css HTTP/1.1" 200 2396
203.0.113.45 - - [08/Jul/2026:22:32:51 +0900] "GET /js/app.js HTTP/1.1" 200 3994
203.0.113.19 - - [08/Jul/2026:12:37:01 +0900] "PUT /js/app.js HTTP/1.1" 200 2292
203.0.113.3 - - [08/Jul/2026:13:22:51 +0900] "POST /about HTTP/1.1" 200 5097
203.0.113.49 - - [08/Jul/2026:19:48:59 +0900] "GET /products/list HTTP/1.1" 200 8111
203.0.113.46 - - [08/Jul/2026:20:55:07 +0900] "GET /products/detail HTTP/1.1" 200 964
203.0.113.14 - - [08/Jul/2026:17:52:42 +0900] "DELETE /images/logo.png HTTP/1.1" 200 3273
198.51.100.36 - - [08/Jul/2026:23:49:16 +0900] "GET /products/list HTTP/1.1" 200 4689
203.0.113.56 - - [08/Jul/2026:06:42:49 +0900] "GET /images/logo.png HTTP/1.1" 200 2926
198.51.100.13 - - [08/Jul/2026:20:03:37 +0900] "DELETE /images/logo.png HTTP/1.1" 200 3758
198.51.100.7 - - [08/Jul/2026:20:48:45 +0900] "GET /index.html HTTP/1.1" 200 4351
198.51.100.38 - - [08/Jul/2026:19:24:36 +0900] "DELETE /api/orders HTTP/1.1" 200 4221
203.0.113.45 - - [08/Jul/2026:17:45:59 +0900] "GET /old-page HTTP/1.1" 301 5227
198.51.100.77 - - [08/Jul/2026:21:40:04 +0900] "GET /products/list HTTP/1.1" 200 1820
203.0.113.32 - - [08/Jul/2026:22:24:28 +0900] "POST /api/orders HTTP/1.1" 200 4771
198.51.100.35 - - [08/Jul/2026:19:07:20 +0900] "POST /old-page HTTP/1.1" 301 3904
198.51.100.16 - - [08/Jul/2026:21:18:05 +0900] "GET /images/logo.png HTTP/1.1" 200 1017
203.0.113.24 - - [08/Jul/2026:20:50:04 +0900] "GET /js/app.js HTTP/1.1" 200 4316
203.0.113.31 - - [08/Jul/2026:06:49:52 +0900] "POST /images/logo.png HTTP/1.1" 200 3625
203.0.113.51 - - [08/Jul/2026:19:07:17 +0900] "POST /products/detail HTTP/1.1" 200 2908
203.0.113.55 - - [08/Jul/2026:21:01:26 +0900] "GET /about HTTP/1.1" 200 8719
198.51.100.32 - - [08/Jul/2026:20:04:58 +0900] "GET /old-page HTTP/1.1" 301 8529
203.0.113.45 - - [08/Jul/2026:21:22:12 +0900] "GET /images/logo.png HTTP/1.1" 200 5734
203.0.113.28 - - [08/Jul/2026:09:26:19 +0900] "GET /api/orders HTTP/1.1" 200 6454
203.0.113.56 - - [08/Jul/2026:18:33:39 +0900] "DELETE /products/list HTTP/1.1" 200 7394
203.0.113.34 - - [08/Jul/2026:20:19:51 +0900] "PUT /js/app.js HTTP/1.1" 200 3219
203.0.113.55 - - [08/Jul/2026:18:24:06 +0900] "GET /css/style.css HTTP/1.1" 200 7606
198.51.100.13 - - [08/Jul/2026:17:51:11 +0900] "PUT /login HTTP/1.1" 403 2440
198.51.100.77 - - [08/Jul/2026:19:43:44 +0900] "GET /products/list HTTP/1.1" 200 8857
203.0.113.51 - - [08/Jul/2026:18:02:57 +0900] "GET /css/style.css HTTP/1.1" 200 657
203.0.113.5 - - [08/Jul/2026:14:16:48 +0900] "PUT /js/app.js HTTP/1.1" 200 341
198.51.100.30 - - [08/Jul/2026:19:13:03 +0900] "POST /about HTTP/1.1" 200 8988
203.0.113.3 - - [08/Jul/2026:22:17:22 +0900] "GET /products/list HTTP/1.1" 200 1940

198.51.100.7 - - [08/Jul/2026:21:50:40 +0900] "GET /products/list HTTP/1.1" 200 3091
198.51.100.77 - - [08/Jul/2026:22:11:15 +0900] "PUT /products/list HTTP/1.1" 200 4122
198.51.100.37 - - [08/Jul/2026:09:30:44 +0900] "POST /index.html HTTP/1.1" 200 6010
203.0.113.11 - - [08/Jul/2026:17:24:08 +0900] "GET /images/logo.png HTTP/1.1" 200 462
203.0.113.11 - - [08/Jul/2026:07:55:23 +0900] "GET /products/detail HTTP/1.1" 200 1674
203.0.113.18 - - [08/Jul/2026:18:39:24 +0900] "POST /api/orders HTTP/1.1" 200 7369
198.51.100.24 - - [08/Jul/2026:16:43:11 +0900] "GET /products/detail HTTP/1.1" 200 2089
203.0.113.51 - - [08/Jul/2026:18:32:21 +0900] "GET /about HTTP/1.1" 200 415
198.51.100.27 - - [08/Jul/2026:21:27:34 +0900] "GET /index.html HTTP/1.1" 200 4479
198.51.100.77 - - [08/Jul/2026:06:27:27 +0900] "GET /products/list HTTP/1.1" 200 1076
198.51.100.12 - - [08/Jul/2026:23:32:18 +0900] "POST /about HTTP/1.1" 200 7678
203.0.113.55 - - [08/Jul/2026:19:03:50 +0900] "GET /admin HTTP/1.1" 403 5215
203.0.113.30 - - [08/Jul/2026:17:53:54 +0900] "GET /index.html HTTP/1.1" 200 5323
198.51.100.2 - - [08/Jul/2026:23:49:57 +0900] "POST /products/list HTTP/1.1" 200 8996
198.51.100.18 - - [08/Jul/2026:16:27:53 +0900] "GET /index.html HTTP/1.1" 200 1923
203.0.113.16 - - [08/Jul/2026:19:57:07 +0900] "GET /index.html HTTP/1.1" 200 8724
203.0.113.53 - - [08/Jul/2026:23:00:53 +0900] "GET /api/orders HTTP/1.1" 200 7299
198.51.100.26 - - [08/Jul/2026:21:46:28 +0900] "GET /old-page HTTP/1.1" 301 7275
203.0.113.8 - - [08/Jul/2026:12:25:13 +0900] "PUT /about HTTP/1.1" 200 6100
203.0.113.44 - - [08/Jul/2026:19:04:27 +0900] "GET /images/logo.png HTTP/1.1" 200 8744
198.51.100.17 - - [08/Jul/2026:22:41:08 +0900] "POST /api/orders HTTP/1.1" 200 8772
203.0.113.8 - - [08/Jul/2026:01:40:47 +0900] "PUT /about HTTP/1.1" 200 6112
203.0.113.51 - - [08/Jul/2026:17:22:53 +0900] "GET /images/logo.png HTTP/1.1" 200 556
198.51.100.26 - - [08/Jul/2026:19:54:37 +0900] "GET /css/style.css HTTP/1.1" 200 5619
203.0.113.20 - - [08/Jul/2026:18:27:14 +0900] "GET /about HTTP/1.1" 200 5899
203.0.113.46 - - [08/Jul/2026:17:51:41 +0900] "GET /images/logo.png HTTP/1.1" 200 5539
198.51.100.26 - - [08/Jul/2026:22:50:15 +0900] "GET /products/detail HTTP/1.1" 200 3997
203.0.113.43 - - [08/Jul/2026:19:22:57 +0900] "GET /about HTTP/1.1" 200 580
203.0.113.21 - - [08/Jul/2026:23:46:05 +0900] "GET /js/app.js HTTP/1.1" 200 4118
203.0.113.13 - - [08/Jul/2026:22:42:07 +0900] "GET /css/style.css HTTP/1.1" 200 8434
203.0.113.46 - - [08/Jul/2026:20:46:53 +0900] "GET /products/detail HTTP/1.1" 200 2357
198.51.100.12 - - [08/Jul/2026:15:27:03 +0900] "GET /products/list HTTP/1.1" 200 1876
198.51.100.77 - - [08/Jul/2026:20:45:56 +0900] "DELETE /products/list HTTP/1.1" 200 2700
203.0.113.48 - - [08/Jul/2026:17:52:30 +0900] "GET /images/logo.png HTTP/1.1" 200 2049
198.51.100.20 - - [08/Jul/2026:20:06:27 +0900] "POST /api/orders HTTP/1.1" 200 1353
203.0.113.59 - - [08/Jul/2026:20:19:40 +0900] "GET /images/logo.png HTTP/1.1" 200 4352
203.0.113.27 - - [08/Jul/2026:22:32:19 +0900] "GET /about HTTP/1.1" 200 8722
203.0.113.17 - - [08/Jul/2026:22:03:22 +0900] "GET /about HTTP/1.1" 200 804
203.0.113.43 - - [08/Jul/2026:05:52:47 +0900] "GET /images/logo.png HTTP/1.1" 200 7658
198.51.100.39 - - [08/Jul/2026:21:34:58 +0900] "GET /products/list HTTP/1.1" 200 3942
198.51.100.77 - - [08/Jul/2026:15:44:49 +0900] "DELETE /products/list HTTP/1.1" 200 2462
198.51.100.30 - - [08/Jul/2026:20:50:06 +0900] "PUT /js/app.js HTTP/1.1" 200 6413
203.0.113.40 - - [08/Jul/2026:23:10:39 +0900] "GET /products/list HTTP/1.1" 200 2960
198.51.100.21 - - [08/Jul/2026:10:48:31 +0900] "GET /about HTTP/1.1" 200 911
203.0.113.9 - - [08/Jul/2026:22:23:59 +0900] "POST /js/app.js HTTP/1.1" 200 4068
203.0.113.59 - - [08/Jul/2026:19:44:39 +0900] "GET /about HTTP/1.1" 200 8620
203.0.113.59 - - [08/Jul/2026:22:19:35 +0900] "PUT /about HTTP/1.1" 200 890
203.0.113.41 - - [08/Jul/2026:20:22:16 +0900] "GET /admin HTTP/1.1" 403 1622
198.51.100.37 - - [08/Jul/2026:20:53:39 +0900] "GET /products/list HTTP/1.1" 200 3594
198.51.100.77 - - [08/Jul/2026:19:31:18 +0900] "DELETE /products/list HTTP/1.1" 200 2047
198.51.100.77 - - [08/Jul/2026:19:27:14 +0900] "DELETE /products/list HTTP/1.1" 200 5798
198.51.100.23 - - [08/Jul/2026:17:18:49 +0900] "PUT /js/app.js HTTP/1.1" 200 1698
198.51.100.2 - - [08/Jul/2026:22:31:06 +0900] "GET /products/list HTTP/1.1" 200 1446
203.0.113.55 - - [08/Jul/2026:21:59:07 +0900] "GET /products/detail HTTP/1.1" 200 1468
198.51.100.18 - - [08/Jul/2026:04:04:36 +0900] "PUT /products/list HTTP/1.1" 200 7804
203.0.113.31 - - [08/Jul/2026:20:36:56 +0900] "GET /products/detail HTTP/1.1" 200 1084
198.51.100.35 - - [08/Jul/2026:19:35:36 +0900] "GET /products/detail HTTP/1.1" 200 6083
203.0.113.52 - - [08/Jul/2026:20:30:38 +0900] "GET /search HTTP/1.1" 404 8606
203.0.113.40 - - [08/Jul/2026:19:22:06 +0900] "PUT /api/orders HTTP/1.1" 200 4938
203.0.113.16 - - [08/Jul/2026:17:17:56 +0900] "PUT /products/list HTTP/1.1" 200 4322
198.51.100.12 - - [08/Jul/2026:22:35:28 +0900] "GET /index.html HTTP/1.1" 200 7006
203.0.113.30 - - [08/Jul/2026:20:12:47 +0900] "GET /css/style.css HTTP/1.1" 200 515
203.0.113.57 - - [08/Jul/2026:22:08:45 +0900] "GET /css/style.css HTTP/1.1" 200 4626
198.51.100.77 - - [08/Jul/2026:17:16:14 +0900] "POST /products/list HTTP/1.1" 200 9104
198.51.100.35 - - [08/Jul/2026:16:17:40 +0900] "GET /js/app.js HTTP/1.1" 200 2772
203.0.113.8 - - [08/Jul/2026:18:40:53 +0900] "GET /products/list HTTP/1.1" 200 8357
198.51.100.13 - - [08/Jul/2026:23:13:43 +0900] "GET /index.html HTTP/1.1" 200 1051
203.0.113.42 - - [08/Jul/2026:20:32:23 +0900] "GET /admin HTTP/1.1" 403 8796
203.0.113.5 - - [08/Jul/2026:22:14:39 +0900] "POST /images/logo.png HTTP/1.1" 200 6329
203.0.113.38 - - [08/Jul/2026:19:26:47 +0900] "PUT /js/app.js HTTP/1.1" 200 3702
203.0.113.20 - - [08/Jul/2026:07:42:34 +0900] "GET /index.html HTTP/1.1" 200 5928
203.0.113.39 - - [08/Jul/2026:15:28:36 +0900] "POST /products/list HTTP/1.1" 200 4668
203.0.113.15 - - [08/Jul/2026:12:54:11 +0900] "GET /products/detail HTTP/1.1" 200 5704
203.0.113.45 - - [08/Jul/2026:03:38:54 +0900] "GET /js/app.js HTTP/1.1" 200 1866
203.0.113.33 - - [08/Jul/2026:19:40:58 +0900] "GET /api/orders HTTP/1.1" 200 7409
203.0.113.45 - - [08/Jul/2026:19:44:08 +0900] "GET /images/logo.png HTTP/1.1" 200 4617
203.0.113.39 - - [08/Jul/2026:07:19:42 +0900] "GET /products/list HTTP/1.1" 200 5974
203.0.113.2 - - [08/Jul/2026:18:36:38 +0900] "PUT /products/list HTTP/1.1" 200 4512
198.51.100.32 - - [08/Jul/2026:19:19:20 +0900] "PUT /products/detail HTTP/1.1" 200 4374
198.51.100.17 - - [08/Jul/2026:21:12:21 +0900] "GET /api/orders HTTP/1.1" 200 7882
198.51.100.29 - - [08/Jul/2026:22:11:45 +0900] "DELETE /login HTTP/1.1" 404 6509
203.0.113.57 - - [08/Jul/2026:06:41:10 +0900] "GET /about HTTP/1.1" 200 3572
198.51.100.9 - - [08/Jul/2026:15:57:29 +0900] "GET /css/style.css HTTP/1.1" 200 2897
198.51.100.21 - - [08/Jul/2026:07:31:53 +0900] "GET /css/style.css HTTP/1.1" 200 6576
203.0.113.58 - - [08/Jul/2026:18:51:17 +0900] "GET /old-page HTTP/1.1" 301 2708
198.51.100.27 - - [08/Jul/2026:20:14:32 +0900] "POST /api/coupon HTTP/1.1" 503 6467
198.51.100.25 - - [08/Jul/2026:18:40:42 +0900] "PUT /index.html HTTP/1.1" 200 8362
203.0.113.52 - - [08/Jul/2026:19:04:31 +0900] "DELETE /js/app.js HTTP/1.1" 200 6211
203.0.113.25 - - [08/Jul/2026:21:56:04 +0900] "GET /js/app.js HTTP/1.1" 200 2043
203.0.113.38 - - [08/Jul/2026:17:12:45 +0900] "PUT /products/detail HTTP/1.1" 200 6072
198.51.100.39 - - [08/Jul/2026:11:40:09 +0900] "GET /css/style.css HTTP/1.1" 200 7420
203.0.113.59 - - [08/Jul/2026:21:23:36 +0900] "GET /about HTTP/1.1" 200 7565
198.51.100.12 - - [08/Jul/2026:22:36:48 +0900] "DELETE /js/app.js HTTP/1.1" 200 7323
203.0.113.50 - - [08/Jul/2026:23:24:51 +0900] "PUT /css/style.css HTTP/1.1" 200 1932
198.51.100.24 - - [08/Jul/2026:20:03:05 +0900] "GET /css/style.css HTTP/1.1" 200 4166
203.0.113.26 - - [08/Jul/2026:22:45:58 +0900] "PUT /products/list HTTP/1.1" 200 3168
203.0.113.30 - - [08/Jul/2026:18:20:50 +0900] "GET /css/style.css HTTP/1.1" 200 6528
198.51.100.22 - - [08/Jul/2026:15:14:20 +0900] "POST /products/list HTTP/1.1" 200 6416
198.51.100.17 - - [08/Jul/2026:20:32:03 +0900] "GET /products/detail HTTP/1.1" 200 3429
198.51.100.16 - - [08/Jul/2026:18:48:47 +0900] "GET /images/logo.png HTTP/1.1" 200 6725
203.0.113.49 - - [08/Jul/2026:13:01:45 +0900] "DELETE /index.html HTTP/1.1" 200 7325
198.51.100.32 - - [08/Jul/2026:18:17:14 +0900] "GET /js/app.js HTTP/1.1" 200 4704
203.0.113.36 - - [08/Jul/2026:21:27:10 +0900] "GET /products/list HTTP/1.1" 200 5011
198.51.100.12 - - [08/Jul/2026:19:46:25 +0900] "GET /js/app.js HTTP/1.1" 200 6515
203.0.113.38 - - [08/Jul/2026:21:03:27 +0900] "GET /about HTTP/1.1" 200 4446
198.51.100.3 - - [08/Jul/2026:15:22:46 +0900] "POST /css/style.css HTTP/1.1" 200 1939
198.51.100.25 - - [08/Jul/2026:16:24:29 +0900] "POST /images/logo.png HTTP/1.1" 200 1292
198.51.100.31 - - [08/Jul/2026:20:10:26 +0900] "GET /images/logo.png HTTP/1.1" 200 6140
203.0.113.16 - - [08/Jul/2026:21:54:14 +0900] "POST /api/orders HTTP/1.1" 200 4811
198.51.100.3 - - [08/Jul/2026:19:52:50 +0900] "GET /js/app.js HTTP/1.1" 200 4122
203.0.113.34 - - [08/Jul/2026:12:22:39 +0900] "GET /about HTTP/1.1" 200 6645
203.0.113.54 - - [08/Jul/2026:16:06:26 +0900] "GET /css/style.css HTTP/1.1" 200 5141
203.0.113.39 - - [08/Jul/2026:10:22:26 +0900] "DELETE /index.html HTTP/1.1" 200 3974
198.51.100.33 - - [08/Jul/2026:19:47:30 +0900] "GET /api/orders HTTP/1.1" 200 7634
203.0.113.49 - - [08/Jul/2026:14:56:58 +0900] "GET /products/detail HTTP/1.1" 200 4981
203.0.113.42 - - [08/Jul/2026:07:01:14 +0900] "POST /api/payment HTTP/1.1" 500 5363
203.0.113.31 - - [08/Jul/2026:23:21:12 +0900] "GET /about HTTP/1.1" 200 2382
203.0.113.23 - - [08/Jul/2026:22:43:25 +0900] "DELETE /css/style.css HTTP/1.1" 200 1286
198.51.100.16 - - [08/Jul/2026:16:59:35 +0900] "GET /index.html HTTP/1.1" 200 1159
203.0.113.33 - - [08/Jul/2026:22:26:23 +0900] "GET /products/list HTTP/1.1" 200 2654
203.0.113.44 - - [08/Jul/2026:16:45:57 +0900] "GET /index.html HTTP/1.1" 200 5925
198.51.100.39 - - [08/Jul/2026:13:53:12 +0900] "GET /css/style.css HTTP/1.1" 200 505
203.0.113.47 - - [08/Jul/2026:15:36:51 +0900] "GET /products/list HTTP/1.1" 200 5140
203.0.113.28 - - [08/Jul/2026:21:35:31 +0900] "PUT /products/detail HTTP/1.1" 200 7408
203.0.113.6 - - [08/Jul/2026:21:09:47 +0900] "POST /products/detail HTTP/1.1" 200 6851
203.0.113.16 - - [08/Jul/2026:20:33:21 +0900] "GET /images/logo.png HTTP/1.1" 200 2641
198.51.100.39 - - [08/Jul/2026:22:09:18 +0900] "GET /products/list HTTP/1.1" 200 3532
203.0.113.47 - - [08/Jul/2026:22:43:58 +0900] "GET /index.html HTTP/1.1" 200 4823
203.0.113.4 - - [08/Jul/2026:07:31:29 +0900] "POST /css/style.css HTTP/1.1" 200 3450
203.0.113.37 - - [08/Jul/2026:16:28:01 +0900] "POST /api/orders HTTP/1.1" 200 5267
198.51.100.29 - - [08/Jul/2026:18:06:56 +0900] "GET /index.html HTTP/1.1" 200 5174
198.51.100.18 - - [08/Jul/2026:19:40:17 +0900] "GET /products/detail HTTP/1.1" 200 6406
198.51.100.22 - - [08/Jul/2026:08:53:43 +0900] "GET /index.html HTTP/1.1" 200 4791
203.0.113.38 - - [08/Jul/2026:18:18:09 +0900] "GET /index.html HTTP/1.1" 200 7020
198.51.100.24 - - [08/Jul/2026:20:38:46 +0900] "GET /about HTTP/1.1" 200 8644
198.51.100.77 - - [08/Jul/2026:16:35:31 +0900] "GET /products/list HTTP/1.1" 200 7494
203.0.113.20 - - [08/Jul/2026:16:07:05 +0900] "GET /css/style.css HTTP/1.1" 200 451
198.51.100.24 - - [08/Jul/2026:19:41:45 +0900] "POST /api/coupon HTTP/1.1" 500 5637
198.51.100.26 - - [08/Jul/2026:20:34:51 +0900] "GET /products/list HTTP/1.1" 200 1527
198.51.100.14 - - [08/Jul/2026:18:24:51 +0900] "GET /about HTTP/1.1" 200 5162
198.51.100.26 - - [08/Jul/2026:22:15:42 +0900] "GET /css/style.css HTTP/1.1" 200 6592
198.51.100.14 - - [08/Jul/2026:23:47:19 +0900] "GET /js/app.js HTTP/1.1" 200 7811
198.51.100.23 - - [08/Jul/2026:21:38:50 +0900] "GET /about HTTP/1.1" 200 2125
198.51.100.31 - - [08/Jul/2026:19:32:41 +0900] "GET /js/app.js HTTP/1.1" 200 866
198.51.100.29 - - [08/Jul/2026:21:03:03 +0900] "GET /js/app.js HTTP/1.1" 200 1480
203.0.113.15 - - [08/Jul/2026:20:26:53 +0900] "GET /products/detail HTTP/1.1" 200 8398
203.0.113.44 - - [08/Jul/2026:17:03:20 +0900] "PUT /js/app.js HTTP/1.1" 200 8722
198.51.100.15 - - [08/Jul/2026:17:45:01 +0900] "GET /products/detail HTTP/1.1" 200 1419
198.51.100.29 - - [08/Jul/2026:14:35:08 +0900] "GET /login HTTP/1.1" 404 4181
203.0.113.45 - - [08/Jul/2026:07:14:08 +0900] "DELETE /about HTTP/1.1" 200 2136
198.51.100.77 - - [08/Jul/2026:15:16:46 +0900] "GET /products/list HTTP/1.1" 200 5447
203.0.113.59 - - [08/Jul/2026:16:56:53 +0900] "POST /api/orders HTTP/1.1" 200 1023
203.0.113.54 - - [08/Jul/2026:21:16:36 +0900] "POST /api/payment HTTP/1.1" 500 4588
203.0.113.8 - - [08/Jul/2026:19:56:43 +0900] "DELETE /js/app.js HTTP/1.1" 200 8498
203.0.113.40 - - [08/Jul/2026:14:24:40 +0900] "GET /products/detail HTTP/1.1" 200 4468
198.51.100.11 - - [08/Jul/2026:20:34:57 +0900] "GET /about HTTP/1.1" 200 1702
203.0.113.52 - - [08/Jul/2026:19:42:13 +0900] "GET /products/detail HTTP/1.1" 200 1493
203.0.113.20 - - [08/Jul/2026:19:30:55 +0900] "GET /products/detail HTTP/1.1" 200 6640
203.0.113.6 - - [08/Jul/2026:22:47:47 +0900] "POST /api/orders HTTP/1.1" 200 2227
203.0.113.4 - - [08/Jul/2026:20:20:25 +0900] "GET /about HTTP/1.1" 200 4731
203.0.113.46 - - [08/Jul/2026:16:41:34 +0900] "PUT /api/orders HTTP/1.1" 200 425
198.51.100.19 - - [08/Jul/2026:19:24:13 +0900] "PUT /products/detail HTTP/1.1" 200 4522
203.0.113.7 - - [08/Jul/2026:21:31:03 +0900] "POST /api/orders HTTP/1.1" 200 4143
203.0.113.28 - - [08/Jul/2026:19:39:28 +0900] "GET /css/style.css HTTP/1.1" 200 1124
203.0.113.53 - - [08/Jul/2026:16:45:27 +0900] "GET /index.html HTTP/1.1" 200 3605
203.0.113.55 - - [08/Jul/2026:06:57:43 +0900] "GET /js/app.js HTTP/1.1" 200 3314
198.51.100.33 - - [08/Jul/2026:20:39:08 +0900] "GET /about HTTP/1.1" 200 9111
203.0.113.59 - - [08/Jul/2026:22:21:08 +0900] "GET /old-page HTTP/1.1" 301 2201
203.0.113.38 - - [08/Jul/2026:18:33:06 +0900] "POST /api/orders HTTP/1.1" 200 3107
203.0.113.10 - - [08/Jul/2026:14:20:52 +0900] "GET /products/list HTTP/1.1" 200 2852
203.0.113.50 - - [08/Jul/2026:22:31:35 +0900] "POST /api/orders HTTP/1.1" 200 7347
203.0.113.43 - - [08/Jul/2026:21:55:39 +0900] "PUT /about HTTP/1.1" 200 2327
203.0.113.25 - - [08/Jul/2026:19:43:06 +0900] "GET /products/detail HTTP/1.1" 200 6933
198.51.100.13 - - [08/Jul/2026:18:32:32 +0900] "GET /products/detail HTTP/1.1" 200 8234
203.0.113.6 - - [08/Jul/2026:20:32:29 +0900] "GET /products/list HTTP/1.1" 200 8577
198.51.100.17 - - [08/Jul/2026:19:21:30 +0900] "GET /products/detail HTTP/1.1" 200 5723
203.0.113.30 - - [08/Jul/2026:16:54:16 +0900] "POST /js/app.js HTTP/1.1" 200 1504
203.0.113.56 - - [08/Jul/2026:21:32:14 +0900] "POST /products/list HTTP/1.1" 200 5940
203.0.113.13 - - [08/Jul/2026:22:18:55 +0900] "GET /css/style.css HTTP/1.1" 200 6212
203.0.113.39 - - [08/Jul/2026:18:30:48 +0900] "GET /images/logo.png HTTP/1.1" 200 8383
203.0.113.21 - - [08/Jul/2026:12:05:56 +0900] "GET /css/style.css HTTP/1.1" 200 7169
203.0.113.57 - - [08/Jul/2026:16:25:49 +0900] "POST /products/list HTTP/1.1" 200 727
198.51.100.15 - - [08/Jul/2026:04:20:08 +0900] "POST /api/orders HTTP/1.1" 200 9025
198.51.100.31 - - [08/Jul/2026:07:17:39 +0900] "GET /images/logo.png HTTP/1.1" 200 5287
198.51.100.77 - - [08/Jul/2026:18:31:00 +0900] "GET /products/list HTTP/1.1" 200 2154
203.0.113.48 - - [08/Jul/2026:07:32:57 +0900] "PUT /index.html HTTP/1.1" 200 5180
198.51.100.24 - - [08/Jul/2026:02:40:59 +0900] "GET /js/app.js HTTP/1.1" 200 8521
203.0.113.23 - - [08/Jul/2026:23:10:15 +0900] "GET /css/style.css HTTP/1.1" 200 8528
198.51.100.7 - - [08/Jul/2026:18:24:23 +0900] "GET /images/logo.png HTTP/1.1" 200 2597
203.0.113.38 - - [08/Jul/2026:15:31:40 +0900] "GET /js/app.js HTTP/1.1" 200 9108
198.51.100.29 - - [08/Jul/2026:22:07:42 +0900] "GET /login HTTP/1.1" 403 7833
203.0.113.52 - - [08/Jul/2026:18:57:13 +0900] "GET /css/style.css HTTP/1.1" 200 848
198.51.100.26 - - [08/Jul/2026:18:12:17 +0900] "GET /products/detail HTTP/1.1" 200 7266
203.0.113.33 - - [08/Jul/2026:18:51:16 +0900] "GET /products/list HTTP/1.1" 200 2676
198.51.100.13 - - [08/Jul/2026:23:50:59 +0900] "GET /products/detail HTTP/1.1" 200 8480
203.0.113.47 - - [08/Jul/2026:21:43:18 +0900] "GET /index.html HTTP/1.1" 200 6861
198.51.100.30 - - [08/Jul/2026:20:49:06 +0900] "POST /products/list HTTP/1.1" 200 1821
203.0.113.21 - - [08/Jul/2026:16:52:33 +0900] "PUT /images/logo.png HTTP/1.1" 200 8732
198.51.100.77 - - [08/Jul/2026:14:21:36 +0900] "POST /products/list HTTP/1.1" 200 2397
203.0.113.20 - - [08/Jul/2026:23:20:56 +0900] "POST /index.html HTTP/1.1" 200 3619
198.51.100.77 - - [08/Jul/2026:18:31:11 +0900] "GET /products/list HTTP/1.1" 200 3749
203.0.113.44 - - [08/Jul/2026:15:30:59 +0900] "POST /api/orders HTTP/1.1" 200 8844
198.51.100.7 - - [08/Jul/2026:23:43:28 +0900] "GET /images/logo.png HTTP/1.1" 200 7670
203.0.113.54 - - [08/Jul/2026:17:15:14 +0900] "GET /about HTTP/1.1" 200 4564
203.0.113.12 - - [08/Jul/2026:18:01:53 +0900] "GET /images/logo.png HTTP/1.1" 200 5014
203.0.113.30 - - [08/Jul/2026:20:26:10 +0900] "GET /index.html HTTP/1.1" 200 8300
198.51.100.8 - - [08/Jul/2026:19:36:22 +0900] "GET /products/detail HTTP/1.1" 200 2804
198.51.100.17 - - [08/Jul/2026:22:05:55 +0900] "DELETE /images/logo.png HTTP/1.1" 200 1483
203.0.113.20 - - [08/Jul/2026:22:01:21 +0900] "POST /api/orders HTTP/1.1" 200 399
198.51.100.25 - - [08/Jul/2026:15:25:10 +0900] "GET /css/style.css HTTP/1.1" 200 2946
203.0.113.36 - - [08/Jul/2026:09:07:26 +0900] "GET /css/style.css HTTP/1.1" 200 8247
198.51.100.9 - - [08/Jul/2026:21:00:25 +0900] "POST /api/orders HTTP/1.1" 200 5094
198.51.100.38 - - [08/Jul/2026:23:03:09 +0900] "DELETE /index.html HTTP/1.1" 200 4685
198.51.100.34 - - [08/Jul/2026:03:52:13 +0900] "GET /images/logo.png HTTP/1.1" 200 3365
198.51.100.16 - - [08/Jul/2026:23:29:45 +0900] "GET /js/app.js HTTP/1.1" 200 6634
203.0.113.7 - - [08/Jul/2026:16:38:24 +0900] "POST /products/list HTTP/1.1" 200 6239
198.51.100.9 - - [08/Jul/2026:22:16:01 +0900] "GET /login HTTP/1.1" 404 3567
198.51.100.37 - - [08/Jul/2026:01:35:58 +0900] "GET /old-page HTTP/1.1" 301 4503
198.51.100.39 - - [08/Jul/2026:19:07:44 +0900] "GET /js/app.js HTTP/1.1" 200 3554
203.0.113.26 - - [08/Jul/2026:22:02:12 +0900] "DELETE /css/style.css HTTP/1.1" 200 8286
198.51.100.21 - - [08/Jul/2026:16:20:09 +0900] "GET /products/detail HTTP/1.1" 200 6616
203.0.113.6 - - [08/Jul/2026:19:12:28 +0900] "GET /css/style.css HTTP/1.1" 200 3105
198.51.100.77 - - [08/Jul/2026:04:27:09 +0900] "GET /products/list HTTP/1.1" 200 7554
198.51.100.77 - - [08/Jul/2026:08:58:19 +0900] "PUT /products/list HTTP/1.1" 200 6210
198.51.100.24 - - [08/Jul/2026:22:28:01 +0900] "GET /index.html HTTP/1.1" 200 286
203.0.113.34 - - [08/Jul/2026:18:24:14 +0900] "DELETE /index.html HTTP/1.1" 200 7210
198.51.100.27 - - [08/Jul/2026:23:14:51 +0900] "GET /index.html HTTP/1.1" 200 6031
198.51.100.24 - - [08/Jul/2026:20:27:58 +0900] "GET /products/detail HTTP/1.1" 200 4998
203.0.113.32 - - [08/Jul/2026:14:56:12 +0900] "POST /products/list HTTP/1.1" 200 4938
203.0.113.11 - - [08/Jul/2026:19:19:47 +0900] "GET /images/logo.png HTTP/1.1" 200 4508
198.51.100.7 - - [08/Jul/2026:19:25:54 +0900] "POST /api/orders HTTP/1.1" 200 9075
203.0.113.28 - - [08/Jul/2026:20:39:13 +0900] "POST /api/orders HTTP/1.1" 200 2866
198.51.100.18 - - [08/Jul/2026:21:30:56 +0900] "GET /products/detail HTTP/1.1" 200 6498
203.0.113.26 - - [08/Jul/2026:22:32:48 +0900] "GET /css/style.css HTTP/1.1" 200 1797
198.51.100.15 - - [08/Jul/2026:22:42:55 +0900] "GET /products/detail HTTP/1.1" 200 6680
198.51.100.27 - - [08/Jul/2026:09:50:52 +0900] "PUT /products/list HTTP/1.1" 200 5546
198.51.100.10 - - [08/Jul/2026:22:42:10 +0900] "GET /index.html HTTP/1.1" 200 7137
203.0.113.52 - - [08/Jul/2026:15:26:07 +0900] "DELETE /products/detail HTTP/1.1" 200 3878
203.0.113.33 - - [08/Jul/2026:07:45:14 +0900] "GET /images/logo.png HTTP/1.1" 200 6940
203.0.113.38 - - [08/Jul/2026:20:55:11 +0900] "GET /api/orders HTTP/1.1" 200 3964
203.0.113.4 - - [08/Jul/2026:22:50:53 +0900] "GET /index.html HTTP/1.1" 200 7925
198.51.100.4 - - [08/Jul/2026:21:49:12 +0900] "GET /about HTTP/1.1" 200 1724
203.0.113.30 - - [08/Jul/2026:18:43:31 +0900] "POST /products/detail HTTP/1.1" 200 5029
198.51.100.27 - - [08/Jul/2026:19:57:47 +0900] "PUT /images/logo.png HTTP/1.1" 200 8908
203.0.113.59 - - [08/Jul/2026:16:34:19 +0900] "GET /css/style.css HTTP/1.1" 200 8641
198.51.100.29 - - [08/Jul/2026:16:57:28 +0900] "POST /api/orders HTTP/1.1" 200 7389
203.0.113.52 - - [08/Jul/2026:19:25:11 +0900] "DELETE /js/app.js HTTP/1.1" 200 5300
203.0.113.56 - - [08/Jul/2026:22:36:27 +0900] "GET /products/detail HTTP/1.1" 200 5227
203.0.113.41 - - [08/Jul/2026:22:54:33 +0900] "GET /images/logo.png HTTP/1.1" 200 8592
203.0.113.15 - - [08/Jul/2026:21:54:22 +0900] "PUT /about HTTP/1.1" 200 4405
198.51.100.4 - - [08/Jul/2026:18:24:06 +0900] "GET /about HTTP/1.1" 200 987
203.0.113.10 - - [08/Jul/2026:19:13:59 +0900] "GET /css/style.css HTTP/1.1" 200 4553
203.0.113.44 - - [08/Jul/2026:20:57:21 +0900] "POST /images/logo.png HTTP/1.1" 200 6954
203.0.113.26 - - [08/Jul/2026:19:19:17 +0900] "GET /css/style.css HTTP/1.1" 200 1401
198.51.100.37 - - [08/Jul/2026:12:28:34 +0900] "GET /index.html HTTP/1.1" 200 7592
203.0.113.20 - - [08/Jul/2026:18:53:57 +0900] "GET /products/detail HTTP/1.1" 200 2066
203.0.113.16 - - [08/Jul/2026:19:44:07 +0900] "GET /search HTTP/1.1" 404 1080
198.51.100.17 - - [08/Jul/2026:20:04:16 +0900] "POST /js/app.js HTTP/1.1" 200 3141
203.0.113.25 - - [08/Jul/2026:18:37:53 +0900] "POST /index.html HTTP/1.1" 200 2650
203.0.113.40 - - [08/Jul/2026:14:18:41 +0900] "POST /api/orders HTTP/1.1" 200 6882
203.0.113.17 - - [08/Jul/2026:07:49:21 +0900] "GET /index.html HTTP/1.1" 200 6667
203.0.113.42 - - [08/Jul/2026:13:40:27 +0900] "GET /products/detail HTTP/1.1" 200 7262
198.51.100.6 - - [08/Jul/2026:21:59:47 +0900] "GET /index.html HTTP/1.1" 200 591
198.51.100.18 - - [08/Jul/2026:06:34:42 +0900] "DELETE /css/style.css HTTP/1.1" 200 8973
203.0.113.18 - - [08/Jul/2026:18:20:33 +0900] "GET /index.html HTTP/1.1" 200 2831
198.51.100.21 - - [08/Jul/2026:22:24:28 +0900] "POST /api/orders HTTP/1.1" 200 4680
203.0.113.46 - - [08/Jul/2026:17:15:02 +0900] "GET /js/app.js HTTP/1.1" 200 504
198.51.100.35 - - [08/Jul/2026:19:09:08 +0900] "DELETE /products/detail HTTP/1.1" 200 8129
203.0.113.42 - - [08/Jul/2026:22:48:51 +0900] "DELETE /products/detail HTTP/1.1" 200 3715
203.0.113.6 - - [08/Jul/2026:19:58:45 +0900] "GET /products/detail HTTP/1.1" 200 1984
203.0.113.30 - - [08/Jul/2026:23:32:16 +0900] "GET /search HTTP/1.1" 404 3101
203.0.113.19 - - [08/Jul/2026:06:07:54 +0900] "GET /index.html HTTP/1.1" 200 3593
198.51.100.12 - - [08/Jul/2026:20:48:27 +0900] "GET /index.html HTTP/1.1" 200 6259
203.0.113.16 - - [08/Jul/2026:10:10:13 +0900] "PUT /images/logo.png HTTP/1.1" 200 6365
203.0.113.57 - - [08/Jul/2026:14:53:02 +0900] "GET /about HTTP/1.1" 200 8396
203.0.113.3 - - [08/Jul/2026:18:43:34 +0900] "GET /images/logo.png HTTP/1.1" 200 4304
203.0.113.25 - - [08/Jul/2026:23:06:28 +0900] "GET /products/list HTTP/1.1" 200 8577
203.0.113.18 - - [08/Jul/2026:17:09:23 +0900] "DELETE /admin HTTP/1.1" 403 1754
198.51.100.37 - - [08/Jul/2026:20:21:46 +0900] "PUT /index.html HTTP/1.1" 200 7218
198.51.100.8 - - [08/Jul/2026:20:25:04 +0900] "GET /images/logo.png HTTP/1.1" 200 8555
203.0.113.52 - - [08/Jul/2026:19:13:51 +0900] "GET /about HTTP/1.1" 200 2763
203.0.113.22 - - [08/Jul/2026:22:16:51 +0900] "GET /css/style.css HTTP/1.1" 200 9143
198.51.100.37 - - [08/Jul/2026:21:08:24 +0900] "GET /about HTTP/1.1" 200 6133
broken entry without format
198.51.100.36 - - [08/Jul/2026:22:41:38 +0900] "GET /images/logo.png HTTP/1.1" 200 6868
198.51.100.12 - - [08/Jul/2026:16:24:34 +0900] "POST /index.html HTTP/1.1" 200 432
198.51.100.7 - - [08/Jul/2026:20:01:23 +0900] "PUT /css/style.css HTTP/1.1" 200 5039
203.0.113.55 - - [08/Jul/2026:17:49:59 +0900] "GET /css/style.css HTTP/1.1" 200 1656
198.51.100.77 - - [08/Jul/2026:16:14:48 +0900] "POST /products/list HTTP/1.1" 200 4977
203.0.113.17 - - [08/Jul/2026:20:48:02 +0900] "GET /js/app.js HTTP/1.1" 200 4641
203.0.113.35 - - [08/Jul/2026:20:52:06 +0900] "POST /api/payment HTTP/1.1" 502 4411
203.0.113.51 - - [08/Jul/2026:21:38:24 +0900] "GET /index.html HTTP/1.1" 200 5811
198.51.100.10 - - [08/Jul/2026:21:51:42 +0900] "GET /products/list HTTP/1.1" 200 7569
203.0.113.6 - - [08/Jul/2026:17:24:21 +0900] "GET /products/list HTTP/1.1" 200 4064
203.0.113.29 - - [08/Jul/2026:06:57:14 +0900] "POST /products/list HTTP/1.1" 200 5130
203.0.113.49 - - [08/Jul/2026:19:58:00 +0900] "GET /images/logo.png HTTP/1.1" 200 6939
203.0.113.35 - - [08/Jul/2026:22:00:33 +0900] "GET /js/app.js HTTP/1.1" 200 2035
203.0.113.28 - - [08/Jul/2026:04:31:38 +0900] "POST /api/orders HTTP/1.1" 200 1597
198.51.100.8 - - [08/Jul/2026:22:24:42 +0900] "POST /products/detail HTTP/1.1" 200 7826
198.51.100.10 - - [08/Jul/2026:21:14:02 +0900] "GET /old-page HTTP/1.1" 301 7270
198.51.100.17 - - [08/Jul/2026:20:02:36 +0900] "PUT /css/style.css HTTP/1.1" 200 6627
203.0.113.28 - - [08/Jul/2026:22:22:14 +0900] "GET /search HTTP/1.1" 404 7423
203.0.113.50 - - [08/Jul/2026:22:35:03 +0900] "GET /products/detail HTTP/1.1" 200 4867
203.0.113.32 - - [08/Jul/2026:19:49:57 +0900] "GET /index.html HTTP/1.1" 200 1147
198.51.100.37 - - [08/Jul/2026:02:50:12 +0900] "GET /about HTTP/1.1" 200 4378
203.0.113.23 - - [08/Jul/2026:19:04:30 +0900] "GET /js/app.js HTTP/1.1" 200 7965
198.51.100.4 - - [08/Jul/2026:19:54:02 +0900] "GET /index.html HTTP/1.1" 200 3080
203.0.113.54 - - [08/Jul/2026:18:02:36 +0900] "PUT /api/orders HTTP/1.1" 200 475
198.51.100.35 - - [08/Jul/2026:15:26:42 +0900] "GET /products/detail HTTP/1.1" 200 2328
198.51.100.14 - - [08/Jul/2026:20:46:02 +0900] "GET /css/style.css HTTP/1.1" 200 6239
203.0.113.20 - - [08/Jul/2026:11:32:06 +0900] "GET /images/logo.png HTTP/1.1" 200 8456
203.0.113.4 - - [08/Jul/2026:19:59:48 +0900] "GET /index.html HTTP/1.1" 200 3455
198.51.100.7 - - [08/Jul/2026:22:19:47 +0900] "GET /products/list HTTP/1.1" 200 3599
203.0.113.7 - - [08/Jul/2026:22:13:56 +0900] "POST /products/detail HTTP/1.1" 200 2181
203.0.113.12 - - [08/Jul/2026:21:21:54 +0900] "GET /about HTTP/1.1" 200 1897
198.51.100.21 - - [08/Jul/2026:16:57:34 +0900] "GET /index.html HTTP/1.1" 200 4538
203.0.113.25 - - [08/Jul/2026:20:46:16 +0900] "DELETE /products/list HTTP/1.1" 200 2874
203.0.113.18 - - [08/Jul/2026:19:43:27 +0900] "GET /css/style.css HTTP/1.1" 200 4458
203.0.113.40 - - [08/Jul/2026:22:04:43 +0900] "GET /index.html HTTP/1.1" 200 807
203.0.113.57 - - [08/Jul/2026:17:47:02 +0900] "GET /css/style.css HTTP/1.1" 200 4256
203.0.113.28 - - [08/Jul/2026:21:29:45 +0900] "GET /products/detail HTTP/1.1" 200 2327
203.0.113.38 - - [08/Jul/2026:18:25:11 +0900] "GET /products/detail HTTP/1.1" 200 1149
203.0.113.10 - - [08/Jul/2026:10:18:36 +0900] "GET /css/style.css HTTP/1.1" 200 7980
198.51.100.35 - - [08/Jul/2026:17:21:15 +0900] "GET /products/detail HTTP/1.1" 200 5032
203.0.113.34 - - [08/Jul/2026:13:13:51 +0900] "GET /images/logo.png HTTP/1.1" 200 5373
198.51.100.77 - - [08/Jul/2026:17:38:55 +0900] "GET /products/list HTTP/1.1" 200 2534
198.51.100.5 - - [08/Jul/2026:06:11:01 +0900] "GET /images/logo.png HTTP/1.1" 200 7029
203.0.113.51 - - [08/Jul/2026:23:14:41 +0900] "GET /css/style.css HTTP/1.1" 200 8390
203.0.113.35 - - [08/Jul/2026:22:56:06 +0900] "POST /products/list HTTP/1.1" 200 4270
203.0.113.18 - - [08/Jul/2026:15:43:42 +0900] "DELETE /js/app.js HTTP/1.1" 200 1418
203.0.113.21 - - [08/Jul/2026:18:50:44 +0900] "GET /index.html HTTP/1.1" 200 2757
198.51.100.24 - - [08/Jul/2026:22:17:38 +0900] "GET /images/logo.png HTTP/1.1" 200 7713
203.0.113.10 - - [08/Jul/2026:23:02:37 +0900] "DELETE /products/list HTTP/1.1" 200 2935
198.51.100.12 - - [08/Jul/2026:17:25:22 +0900] "GET /products/list HTTP/1.1" 200 8198
203.0.113.14 - - [08/Jul/2026:18:34:31 +0900] "GET /index.html HTTP/1.1" 200 745
203.0.113.29 - - [08/Jul/2026:20:04:17 +0900] "GET /index.html HTTP/1.1" 200 7127
203.0.113.12 - - [08/Jul/2026:20:01:35 +0900] "DELETE /products/detail HTTP/1.1" 200 8120
203.0.113.40 - - [08/Jul/2026:19:35:30 +0900] "GET /css/style.css HTTP/1.1" 200 4538
203.0.113.4 - - [08/Jul/2026:16:02:47 +0900] "POST /api/orders HTTP/1.1" 200 1724
198.51.100.77 - - [08/Jul/2026:23:29:17 +0900] "PUT /products/list HTTP/1.1" 200 2818
198.51.100.32 - - [08/Jul/2026:16:34:47 +0900] "GET /products/list HTTP/1.1" 200 7250
203.0.113.35 - - [08/Jul/2026:12:29:44 +0900] "GET /old-page HTTP/1.1" 301 2741
198.51.100.25 - - [08/Jul/2026:07:58:34 +0900] "POST /about HTTP/1.1" 200 8617
198.51.100.6 - - [08/Jul/2026:20:34:13 +0900] "GET /images/logo.png HTTP/1.1" 200 6159
203.0.113.21 - - [08/Jul/2026:20:06:20 +0900] "POST /api/orders HTTP/1.1" 200 3078
203.0.113.13 - - [08/Jul/2026:15:28:38 +0900] "DELETE /about HTTP/1.1" 200 3007
198.51.100.18 - - [08/Jul/2026:20:08:15 +0900] "GET /images/logo.png HTTP/1.1" 200 7088
203.0.113.59 - - [08/Jul/2026:21:14:05 +0900] "GET /js/app.js HTTP/1.1" 200 5986
198.51.100.17 - - [08/Jul/2026:17:16:30 +0900] "GET /css/style.css HTTP/1.1" 200 9018
203.0.113.13 - - [08/Jul/2026:21:39:33 +0900] "GET /js/app.js HTTP/1.1" 200 7527
198.51.100.4 - - [08/Jul/2026:10:38:35 +0900] "PUT /products/detail HTTP/1.1" 200 8106
203.0.113.19 - - [08/Jul/2026:23:06:56 +0900] "GET /products/list HTTP/1.1" 200 2871
198.51.100.26 - - [08/Jul/2026:17:01:26 +0900] "GET /about HTTP/1.1" 200 7258
203.0.113.29 - - [08/Jul/2026:17:33:11 +0900] "GET /products/list HTTP/1.1" 200 7419
203.0.113.29 - - [08/Jul/2026:20:41:07 +0900] "GET /products/list HTTP/1.1" 200 1627
198.51.100.39 - - [08/Jul/2026:17:22:37 +0900] "GET /css/style.css HTTP/1.1" 200 345
198.51.100.30 - - [08/Jul/2026:08:39:33 +0900] "GET /js/app.js HTTP/1.1" 200 5241
203.0.113.23 - - [08/Jul/2026:21:33:35 +0900] "GET /index.html HTTP/1.1" 200 7599
198.51.100.77 - - [08/Jul/2026:23:47:40 +0900] "GET /products/list HTTP/1.1" 200 7079
198.51.100.19 - - [08/Jul/2026:22:44:37 +0900] "GET /css/style.css HTTP/1.1" 200 3432
198.51.100.12 - - [08/Jul/2026:17:04:33 +0900] "GET /css/style.css HTTP/1.1" 200 4487
198.51.100.17 - - [08/Jul/2026:21:53:37 +0900] "GET /js/app.js HTTP/1.1" 200 4955
203.0.113.30 - - [08/Jul/2026:18:04:44 +0900] "GET /login HTTP/1.1" 403 4454
198.51.100.35 - - [08/Jul/2026:18:13:11 +0900] "PUT /products/detail HTTP/1.1" 200 8171
203.0.113.6 - - [08/Jul/2026:23:01:55 +0900] "GET /css/style.css HTTP/1.1" 200 3913
203.0.113.57 - - [08/Jul/2026:18:46:09 +0900] "GET /index.html HTTP/1.1" 200 377
203.0.113.40 - - [08/Jul/2026:18:23:53 +0900] "GET /index.html HTTP/1.1" 200 1576
203.0.113.53 - - [08/Jul/2026:15:47:40 +0900] "GET /images/logo.png HTTP/1.1" 200 4832
203.0.113.4 - - [08/Jul/2026:20:04:08 +0900] "GET /js/app.js HTTP/1.1" 200 8113
203.0.113.55 - - [08/Jul/2026:20:13:18 +0900] "GET /js/app.js HTTP/1.1" 200 1182
198.51.100.19 - - [08/Jul/2026:20:55:35 +0900] "GET /api/orders HTTP/1.1" 200 7409
203.0.113.24 - - [08/Jul/2026:16:01:50 +0900] "GET /js/app.js HTTP/1.1" 200 7801
198.51.100.77 - - [08/Jul/2026:18:34:47 +0900] "GET /products/list HTTP/1.1" 200 3815
203.0.113.38 - - [08/Jul/2026:13:40:28 +0900] "GET /products/detail HTTP/1.1" 200 2760
198.51.100.23 - - [08/Jul/2026:20:13:50 +0900] "GET /js/app.js HTTP/1.1" 200 7277
203.0.113.51 - - [08/Jul/2026:09:35:46 +0900] "POST /api/orders HTTP/1.1" 200 5463
203.0.113.50 - - [08/Jul/2026:19:08:32 +0900] "GET /products/list HTTP/1.1" 200 5875
203.0.113.24 - - [08/Jul/2026:20:09:41 +0900] "GET /products/detail HTTP/1.1" 200 182
203.0.113.39 - - [08/Jul/2026:16:10:50 +0900] "GET /products/detail HTTP/1.1" 200 2706
198.51.100.5 - - [08/Jul/2026:15:39:57 +0900] "GET /old-page HTTP/1.1" 301 345
203.0.113.23 - - [08/Jul/2026:20:41:14 +0900] "GET /css/style.css HTTP/1.1" 200 408
203.0.113.35 - - [08/Jul/2026:19:24:53 +0900] "GET /products/detail HTTP/1.1" 200 2128
203.0.113.51 - - [08/Jul/2026:21:57:11 +0900] "GET /css/style.css HTTP/1.1" 200 5865
203.0.113.31 - - [08/Jul/2026:11:14:08 +0900] "POST /images/logo.png HTTP/1.1" 200 249
198.51.100.11 - - [08/Jul/2026:19:52:39 +0900] "GET /about HTTP/1.1" 200 6689
203.0.113.15 - - [08/Jul/2026:08:40:53 +0900] "POST /old-page HTTP/1.1" 301 2622
198.51.100.13 - - [08/Jul/2026:20:21:53 +0900] "PUT /js/app.js HTTP/1.1" 200 3292
203.0.113.54 - - [08/Jul/2026:20:07:57 +0900] "PUT /products/detail HTTP/1.1" 200 2403
203.0.113.34 - - [08/Jul/2026:13:07:07 +0900] "GET /js/app.js HTTP/1.1" 200 2095
203.0.113.14 - - [08/Jul/2026:14:44:25 +0900] "GET /products/list HTTP/1.1" 200 5670
203.0.113.59 - - [08/Jul/2026:22:40:08 +0900] "POST /about HTTP/1.1" 200 270
198.51.100.77 - - [08/Jul/2026:19:54:03 +0900] "GET /products/list HTTP/1.1" 200 1504
203.0.113.31 - - [08/Jul/2026:18:08:16 +0900] "GET /products/list HTTP/1.1" 200 1241
203.0.113.52 - - [08/Jul/2026:22:47:11 +0900] "POST /api/orders HTTP/1.1" 200 5153
203.0.113.14 - - [08/Jul/2026:17:20:11 +0900] "POST /api/orders HTTP/1.1" 200 5951
203.0.113.23 - - [08/Jul/2026:18:56:50 +0900] "GET /css/style.css HTTP/1.1" 200 8974
198.51.100.9 - - [08/Jul/2026:19:12:26 +0900] "GET /about HTTP/1.1" 200 5933
203.0.113.51 - - [08/Jul/2026:15:48:33 +0900] "DELETE /index.html HTTP/1.1" 200 5217
198.51.100.32 - - [08/Jul/2026:20:54:20 +0900] "GET /old-page HTTP/1.1" 301 396
203.0.113.57 - - [08/Jul/2026:18:52:11 +0900] "GET /about HTTP/1.1" 200 3930
198.51.100.15 - - [08/Jul/2026:23:58:08 +0900] "GET /js/app.js HTTP/1.1" 200 5181
203.0.113.31 - - [08/Jul/2026:21:49:49 +0900] "GET /products/detail HTTP/1.1" 200 6695
203.0.113.39 - - [08/Jul/2026:13:29:20 +0900] "DELETE /index.html HTTP/1.1" 200 7829
198.51.100.77 - - [08/Jul/2026:18:07:23 +0900] "GET /products/list HTTP/1.1" 200 6633
203.0.113.31 - - [08/Jul/2026:17:35:47 +0900] "GET /images/logo.png HTTP/1.1" 200 4516
198.51.100.38 - - [08/Jul/2026:16:51:57 +0900] "GET /css/style.css HTTP/1.1" 200 2817
203.0.113.10 - - [08/Jul/2026:22:17:53 +0900] "GET /js/app.js HTTP/1.1" 200 8814
203.0.113.8 - - [08/Jul/2026:20:38:38 +0900] "GET /js/app.js HTTP/1.1" 200 3748
203.0.113.36 - - [08/Jul/2026:19:16:08 +0900] "PUT /images/logo.png HTTP/1.1" 200 1114
198.51.100.36 - - [08/Jul/2026:15:39:42 +0900] "POST /index.html HTTP/1.1" 200 4962
198.51.100.10 - - [08/Jul/2026:20:29:19 +0900] "PUT /products/list HTTP/1.1" 200 6080
198.51.100.14 - - [08/Jul/2026:17:29:31 +0900] "POST /products/list HTTP/1.1" 200 5952
203.0.113.49 - - [08/Jul/2026:22:25:26 +0900] "GET /images/logo.png HTTP/1.1" 200 8592
203.0.113.40 - - [08/Jul/2026:19:36:11 +0900] "GET /products/detail HTTP/1.1" 200 8702
198.51.100.38 - - [08/Jul/2026:22:12:36 +0900] "GET /products/list HTTP/1.1" 200 6153
203.0.113.15 - - [08/Jul/2026:21:01:37 +0900] "GET /products/detail HTTP/1.1" 200 8383
203.0.113.24 - - [08/Jul/2026:08:45:20 +0900] "GET /products/detail HTTP/1.1" 200 8246
203.0.113.19 - - [08/Jul/2026:17:16:20 +0900] "POST /api/orders HTTP/1.1" 200 482
203.0.113.15 - - [08/Jul/2026:11:40:56 +0900] "GET /index.html HTTP/1.1" 200 3268
198.51.100.26 - - [08/Jul/2026:18:27:31 +0900] "POST /api/coupon HTTP/1.1" 500 1251
198.51.100.21 - - [08/Jul/2026:19:43:33 +0900] "GET /images/logo.png HTTP/1.1" 200 2282
203.0.113.53 - - [08/Jul/2026:21:10:39 +0900] "GET /images/logo.png HTTP/1.1" 200 2449
203.0.113.51 - - [08/Jul/2026:23:14:10 +0900] "GET /css/style.css HTTP/1.1" 200 3843
198.51.100.35 - - [08/Jul/2026:15:31:09 +0900] "DELETE /about HTTP/1.1" 200 2784
